Archive member included to satisfy reference by file (symbol)

C:/Users/01/.pico-sdk/toolchain/13_3_Rel1/bin/../lib/gcc/arm-none-eabi/13.3.1/thumb/v6-m/nofp\libgcc.a(_dvmd_tls.o)
                              CMakeFiles/luminosidade.dir/C_/Users/01/.pico-sdk/sdk/1.5.1/src/rp2_common/pico_divider/divider.S.obj (__aeabi_idiv0)
C:/Users/01/.pico-sdk/toolchain/13_3_Rel1/bin/../lib/gcc/arm-none-eabi/13.3.1/thumb/v6-m/nofp\libc.a(libc_a-calloc.o)
                              CMakeFiles/luminosidade.dir/C_/Users/01/.pico-sdk/sdk/1.5.1/src/rp2_common/pico_malloc/pico_malloc.c.obj (calloc)
C:/Users/01/.pico-sdk/toolchain/13_3_Rel1/bin/../lib/gcc/arm-none-eabi/13.3.1/thumb/v6-m/nofp\libc.a(libc_a-callocr.o)
                              C:/Users/01/.pico-sdk/toolchain/13_3_Rel1/bin/../lib/gcc/arm-none-eabi/13.3.1/thumb/v6-m/nofp\libc.a(libc_a-calloc.o) (_calloc_r)
C:/Users/01/.pico-sdk/toolchain/13_3_Rel1/bin/../lib/gcc/arm-none-eabi/13.3.1/thumb/v6-m/nofp\libc.a(libc_a-malloc.o)
                              CMakeFiles/luminosidade.dir/C_/Users/01/.pico-sdk/sdk/1.5.1/src/rp2_common/pico_malloc/pico_malloc.c.obj (malloc)
C:/Users/01/.pico-sdk/toolchain/13_3_Rel1/bin/../lib/gcc/arm-none-eabi/13.3.1/thumb/v6-m/nofp\libc.a(libc_a-mallocr.o)
                              C:/Users/01/.pico-sdk/toolchain/13_3_Rel1/bin/../lib/gcc/arm-none-eabi/13.3.1/thumb/v6-m/nofp\libc.a(libc_a-callocr.o) (_malloc_r)
C:/Users/01/.pico-sdk/toolchain/13_3_Rel1/bin/../lib/gcc/arm-none-eabi/13.3.1/thumb/v6-m/nofp\libc.a(libc_a-mlock.o)
                              C:/Users/01/.pico-sdk/toolchain/13_3_Rel1/bin/../lib/gcc/arm-none-eabi/13.3.1/thumb/v6-m/nofp\libc.a(libc_a-mallocr.o) (__malloc_lock)
C:/Users/01/.pico-sdk/toolchain/13_3_Rel1/bin/../lib/gcc/arm-none-eabi/13.3.1/thumb/v6-m/nofp\libc.a(libc_a-realloc.o)
                              CMakeFiles/luminosidade.dir/C_/Users/01/.pico-sdk/sdk/1.5.1/src/rp2_common/pico_malloc/pico_malloc.c.obj (realloc)
C:/Users/01/.pico-sdk/toolchain/13_3_Rel1/bin/../lib/gcc/arm-none-eabi/13.3.1/thumb/v6-m/nofp\libc.a(libc_a-reallocr.o)
                              C:/Users/01/.pico-sdk/toolchain/13_3_Rel1/bin/../lib/gcc/arm-none-eabi/13.3.1/thumb/v6-m/nofp\libc.a(libc_a-realloc.o) (_realloc_r)
C:/Users/01/.pico-sdk/toolchain/13_3_Rel1/bin/../lib/gcc/arm-none-eabi/13.3.1/thumb/v6-m/nofp\libc.a(libc_a-memmove.o)
                              C:/Users/01/.pico-sdk/toolchain/13_3_Rel1/bin/../lib/gcc/arm-none-eabi/13.3.1/thumb/v6-m/nofp\libc.a(libc_a-reallocr.o) (memmove)
C:/Users/01/.pico-sdk/toolchain/13_3_Rel1/bin/../lib/gcc/arm-none-eabi/13.3.1/thumb/v6-m/nofp\libc.a(libc_a-impure.o)
                              C:/Users/01/.pico-sdk/toolchain/13_3_Rel1/bin/../lib/gcc/arm-none-eabi/13.3.1/thumb/v6-m/nofp\libc.a(libc_a-calloc.o) (_impure_ptr)
C:/Users/01/.pico-sdk/toolchain/13_3_Rel1/bin/../lib/gcc/arm-none-eabi/13.3.1/thumb/v6-m/nofp\libc.a(libc_a-sbrkr.o)
                              C:/Users/01/.pico-sdk/toolchain/13_3_Rel1/bin/../lib/gcc/arm-none-eabi/13.3.1/thumb/v6-m/nofp\libc.a(libc_a-mallocr.o) (_sbrk_r)
C:/Users/01/.pico-sdk/toolchain/13_3_Rel1/bin/../lib/gcc/arm-none-eabi/13.3.1/thumb/v6-m/nofp\libc.a(libc_a-errno.o)
                              C:/Users/01/.pico-sdk/toolchain/13_3_Rel1/bin/../lib/gcc/arm-none-eabi/13.3.1/thumb/v6-m/nofp\libc.a(libc_a-callocr.o) (__errno)
C:/Users/01/.pico-sdk/toolchain/13_3_Rel1/bin/../lib/gcc/arm-none-eabi/13.3.1/thumb/v6-m/nofp\libc.a(libc_a-init.o)
                              C:/Users/01/.pico-sdk/toolchain/13_3_Rel1/bin/../lib/gcc/arm-none-eabi/13.3.1/thumb/v6-m/nofp/crt0.o (__libc_init_array)
C:/Users/01/.pico-sdk/toolchain/13_3_Rel1/bin/../lib/gcc/arm-none-eabi/13.3.1/thumb/v6-m/nofp\libc.a(libc_a-lock.o)
                              C:/Users/01/.pico-sdk/toolchain/13_3_Rel1/bin/../lib/gcc/arm-none-eabi/13.3.1/thumb/v6-m/nofp\libc.a(libc_a-mlock.o) (__retarget_lock_acquire_recursive)
C:/Users/01/.pico-sdk/toolchain/13_3_Rel1/bin/../lib/gcc/arm-none-eabi/13.3.1/thumb/v6-m/nofp\libc.a(libc_a-sysconf.o)
                              C:/Users/01/.pico-sdk/toolchain/13_3_Rel1/bin/../lib/gcc/arm-none-eabi/13.3.1/thumb/v6-m/nofp\libc.a(libc_a-mallocr.o) (sysconf)
C:/Users/01/.pico-sdk/toolchain/13_3_Rel1/bin/../lib/gcc/arm-none-eabi/13.3.1/thumb/v6-m/nofp\libc.a(libc_a-strlen-stub.o)
                              CMakeFiles/luminosidade.dir/C_/Users/01/.pico-sdk/sdk/1.5.1/src/rp2_common/pico_stdio/stdio.c.obj (strlen)
C:/Users/01/.pico-sdk/toolchain/13_3_Rel1/bin/../lib/gcc/arm-none-eabi/13.3.1/thumb/v6-m/nofp\libc.a(libc_a-freer.o)
                              C:/Users/01/.pico-sdk/toolchain/13_3_Rel1/bin/../lib/gcc/arm-none-eabi/13.3.1/thumb/v6-m/nofp\libc.a(libc_a-malloc.o) (_free_r)
C:/Users/01/.pico-sdk/toolchain/13_3_Rel1/bin/../lib/gcc/arm-none-eabi/13.3.1/thumb/v6-m/nofp\libc.a(libc_a-findfp.o)
[...]
Memory Configuration

Name             Origin             Length             Attributes
FLASH            0x10000000         0x00200000         xr
RAM              0x20000000         0x00040000         xrw
SCRATCH_X        0x20040000         0x00001000         xrw
SCRATCH_Y        0x20041000         0x00001000         xrw
*default*        0x00000000         0xffffffff

Linker script and memory map

LOAD C:/Users/01/.pico-sdk/toolchain/13_3_Rel1/bin/../lib/gcc/arm-none-eabi/13.3.1/thumb/v6-m/nofp/crti.o
LOAD C:/Users/01/.pico-sdk/toolchain/13_3_Rel1/bin/../lib/gcc/arm-none-eabi/13.3.1/thumb/v6-m/nofp/crtbegin.o
LOAD C:/Users/01/.pico-sdk/toolchain/13_3_Rel1/bin/../lib/gcc/arm-none-eabi/13.3.1/thumb/v6-m/nofp/crt0.o

.flash_begin    0x10000000        0x0
                0x10000000                        __flash_binary_start = .

.boot2          0x10000000      0x100
                0x10000000                        __boot2_start__ = .
 *(.boot2)
 .boot2         0x10000000      0x100 C:\Users\01\AppData\Local\Temp\cca0LhCQ.o
                0x10000100                        __boot2_end__ = .
                0x00000001                        ASSERT (((__boot2_end__ - __boot2_start__) == 0x100), ERROR: Pico second stage bootloader must be 256 bytes in size)

.text           0x10000100     0x69c8
                0x10000100                        __logical_binary_start = .
 *(.vectors)
 .vectors       0x10000100       0xd4 CMakeFiles/luminosidade.dir/C_/Users/01/.pico-sdk/sdk/1.5.1/src/rp2_common/pico_standard_link/crt0.S.obj
                0x10000100                __VECTOR_TABLE
                0x10000100                __vectors
                0x100001c0                isr_invalid
                0x100001c0                __default_isrs_start
                0x100001c2                isr_nmi
                0x100001c4                isr_hardfault
                0x100001c6                isr_svcall
                0x100001c8                isr_pendsv
                0x100001ca                isr_systick
                0x100001cc                isr_irq23
                0x100001cc                isr_irq18
                0x100001cc                isr_irq11
                0x100001cc                isr_irq28
                0x100001cc                isr_irq19
                0x100001cc                isr_irq0
                0x100001cc                isr_irq6
                0x100001cc                isr_irq5
                0x100001cc                isr_irq12
                0x100001cc                isr_irq22
                0x100001cc                isr_irq31
                0x100001cc                isr_irq17
                0x100001cc                isr_irq27
                0x100001cc                isr_irq30
                0x100001cc                isr_irq2
                0x100001cc                isr_irq10
                0x100001cc                isr_irq8
                0x100001cc                isr_irq24
                0x100001cc                isr_irq1
                0x100001cc                isr_irq7
                0x100001cc                isr_irq21
                0x100001cc                isr_irq20
                0x100001cc                isr_irq15
                0x100001cc                isr_irq25
                0x100001cc                isr_irq13
                0x100001cc                __unhandled_user_irq
                0x100001cc                isr_irq4
                0x100001cc                isr_irq16
                0x100001cc                isr_irq29
                0x100001cc                isr_irq26
                0x100001cc                __default_isrs_end
                0x100001cc                isr_irq3
                0x100001cc                isr_irq14
                0x100001cc                isr_irq9
                0x100001d2                unhandled_user_irq_num_in_r0
 *(.binary_info_header)
 .binary_info_header
                0x100001d4       0x14 CMakeFiles/luminosidade.dir/C_/Users/01/.pico-sdk/sdk/1.5.1/src/rp2_common/pico_standard_link/crt0.S.obj
                0x100001e8                        __binary_info_header_end = .
 *(.reset)
 .reset         0x100001e8       0xa0 CMakeFiles/luminosidade.dir/C_/Users/01/.pico-sdk/sdk/1.5.1/src/rp2_common/pico_standard_link/crt0.S.obj
                0x100001e8                _entry_point
 .reset         0x10000288       0x30 CMakeFiles/luminosidade.dir/C_/Users/01/.pico-sdk/sdk/1.5.1/src/rp2_common/pico_standard_link/binary_info.c.obj
 *(.init)
 .init          0x100002b8        0x4 C:/Users/01/.pico-sdk/toolchain/13_3_Rel1/bin/../lib/gcc/arm-none-eabi/13.3.1/thumb/v6-m/nofp/crti.o
                0x100002b8                _init
 *(EXCLUDE_FILE(*libm.a: *libc.a:*lib_a-mem*.o *libgcc.a:) .text*)
 .text.register_tm_clones
                0x100002bc       0x28 C:/Users/01/.pico-sdk/toolchain/13_3_Rel1/bin/../lib/gcc/arm-none-eabi/13.3.1/thumb/v6-m/nofp/crtbegin.o
 .text.frame_dummy
                0x100002e4       0x24 C:/Users/01/.pico-sdk/toolchain/13_3_Rel1/bin/../lib/gcc/arm-none-eabi/13.3.1/thumb/v6-m/nofp/crtbegin.o
 .text.config_pwm
                0x10000308       0x5c CMakeFiles/luminosidade.dir/sensor_de_luminosidade.c.obj
                0x10000308                config_pwm
 .text.atualizar_por_lux
                0x10000364      0x1d4 CMakeFiles/luminosidade.dir/sensor_de_luminosidade.c.obj
                0x10000364                atualizar_por_lux
 .text.startup.main
                0x10000538       0xe4 CMakeFiles/luminosidade.dir/sensor_de_luminosidade.c.obj
                0x10000538                main
 .text.gpio_set_function
                0x1000061c       0x30 CMakeFiles/luminosidade.dir/C_/Users/01/.pico-sdk/sdk/1.5.1/src/rp2_common/hardware_gpio/gpio.c.obj
                0x1000061c                gpio_set_function
 .text.gpio_set_pulls
                0x1000064c       0x24 CMakeFiles/luminosidade.dir/C_/Users/01/.pico-sdk/sdk/1.5.1/src/rp2_common/hardware_gpio/gpio.c.obj
                0x1000064c                gpio_set_pulls
 .text.gpio_init
                0x10000670       0x3c CMakeFiles/luminosidade.dir/C_/Users/01/.pico-sdk/sdk/1.5.1/src/rp2_common/hardware_gpio/gpio.c.obj
                0x10000670                gpio_init
 .text.running_on_fpga
                0x100006ac       0x10 CMakeFiles/luminosidade.dir/C_/Users/01/.pico-sdk/sdk/1.5.1/src/rp2_common/pico_platform/platform.c.obj
                0x100006ac                running_on_fpga
 .text.hw_claim_or_assert
                0x100006bc       0x44 CMakeFiles/luminosidade.dir/C_/Users/01/.pico-sdk/sdk/1.5.1/src/rp2_common/hardware_claim/claim.c.obj
                0x100006bc                hw_claim_or_assert
 .text.hw_claim_unused_from_range
                0x10000700       0x9c CMakeFiles/luminosidade.dir/C_/Users/01/.pico-sdk/sdk/1.5.1/src/rp2_common/hardware_claim/claim.c.obj
                0x10000700                hw_claim_unused_from_range
 .text.spin_locks_reset
                0x1000079c       0x1c CMakeFiles/luminosidade.dir/C_/Users/01/.pico-sdk/sdk/1.5.1/src/rp2_common/hardware_sync/sync.c.obj
                0x1000079c                spin_locks_reset
 .text.next_striped_spin_lock_num
                0x100007b8       0x18 CMakeFiles/luminosidade.dir/C_/Users/01/.pico-sdk/sdk/1.5.1/src/rp2_common/hardware_sync/sync.c.obj
                0x100007b8                next_striped_spin_lock_num
 .text.spin_lock_claim_unused
                0x100007d0       0x24 CMakeFiles/luminosidade.dir/C_/Users/01/.pico-sdk/sdk/1.5.1/src/rp2_common/hardware_sync/sync.c.obj
                0x100007d0                spin_lock_claim_unused
 .text.irq_set_enabled
                0x100007f4       0x24 CMakeFiles/luminosidade.dir/C_/Users/01/.pico-sdk/sdk/1.5.1/src/rp2_common/hardware_irq/irq.c.obj
                0x100007f4                irq_set_enabled
 .text.irq_set_pending
                0x10000818       0x10 CMakeFiles/luminosidade.dir/C_/Users/01/.pico-sdk/sdk/1.5.1/src/rp2_common/hardware_irq/irq.c.obj
                0x10000818                irq_set_pending
 .text.irq_has_shared_handler
                0x10000828       0x2c CMakeFiles/luminosidade.dir/C_/Users/01/.pico-sdk/sdk/1.5.1/src/rp2_common/hardware_irq/irq.c.obj
                0x10000828                irq_has_shared_handler
 .text.irq_get_vtable_handler
                0x10000854       0x10 CMakeFiles/luminosidade.dir/C_/Users/01/.pico-sdk/sdk/1.5.1/src/rp2_common/hardware_irq/irq.c.obj
                0x10000854                irq_get_vtable_handler
 .text.irq_set_exclusive_handler
                0x10000864       0x54 CMakeFiles/luminosidade.dir/C_/Users/01/.pico-sdk/sdk/1.5.1/src/rp2_common/hardware_irq/irq.c.obj
                0x10000864                irq_set_exclusive_handler
 .text.irq_add_shared_handler
                0x100008b8      0x1f4 CMakeFiles/luminosidade.dir/C_/Users/01/.pico-sdk/sdk/1.5.1/src/rp2_common/hardware_irq/irq.c.obj
                0x100008b8                irq_add_shared_handler
 .text.irq_remove_handler
                0x10000aac      0x1c4 CMakeFiles/luminosidade.dir/C_/Users/01/.pico-sdk/sdk/1.5.1/src/rp2_common/hardware_irq/irq.c.obj
                0x10000aac                irq_remove_handler
 .text.irq_add_tail_to_free_list
                0x10000c70       0xb4 CMakeFiles/luminosidade.dir/C_/Users/01/.pico-sdk/sdk/1.5.1/src/rp2_common/hardware_irq/irq.c.obj
                0x10000c70                irq_add_tail_to_free_list
 .text.irq_init_priorities
                0x10000d24       0x24 CMakeFiles/luminosidade.dir/C_/Users/01/.pico-sdk/sdk/1.5.1/src/rp2_common/hardware_irq/irq.c.obj
                0x10000d24                irq_init_priorities
 .text.user_irq_claim_unused
                0x10000d48       0x2c CMakeFiles/luminosidade.dir/C_/Users/01/.pico-sdk/sdk/1.5.1/src/rp2_common/hardware_irq/irq.c.obj
                0x10000d48                user_irq_claim_unused
 .text.lock_init
                0x10000d74       0x10 CMakeFiles/luminosidade.dir/C_/Users/01/.pico-sdk/sdk/1.5.1/src/common/pico_sync/lock_core.c.obj
                0x10000d74                lock_init
 .text.mutex_init
                0x10000d84       0x1c CMakeFiles/luminosidade.dir/C_/Users/01/.pico-sdk/sdk/1.5.1/src/common/pico_sync/mutex.c.obj
                0x10000d84                mutex_init
 .text.recursive_mutex_init
                0x10000da0       0x1c CMakeFiles/luminosidade.dir/C_/Users/01/.pico-sdk/sdk/1.5.1/src/common/pico_sync/mutex.c.obj
                0x10000da0                recursive_mutex_init
 .text.critical_section_init
                0x10000dbc       0x1c CMakeFiles/luminosidade.dir/C_/Users/01/.pico-sdk/sdk/1.5.1/src/common/pico_sync/critical_section.c.obj
                0x10000dbc                critical_section_init
 .text.critical_section_init_with_lock_num
                0x10000dd8       0x14 CMakeFiles/luminosidade.dir/C_/Users/01/.pico-sdk/sdk/1.5.1/src/common/pico_sync/critical_section.c.obj
                0x10000dd8                critical_section_init_with_lock_num
 .text.timer_pool_entry_comparator
                0x10000dec       0x34 CMakeFiles/luminosidade.dir/C_/Users/01/.pico-sdk/sdk/1.5.1/src/common/pico_time/time.c.obj
                0x10000dec                timer_pool_entry_comparator
 .text.sleep_until_callback
                0x10000e20       0x30 CMakeFiles/luminosidade.dir/C_/Users/01/.pico-sdk/sdk/1.5.1/src/common/pico_time/time.c.obj
 .text.add_alarm_under_lock.isra.0
                0x10000e50      0x100 CMakeFiles/luminosidade.dir/C_/Users/01/.pico-sdk/sdk/1.5.1/src/common/pico_time/time.c.obj
 .text.alarm_pool_alarm_callback
                0x10000f50      0x1c0 CMakeFiles/luminosidade.dir/C_/Users/01/.pico-sdk/sdk/1.5.1/src/common/pico_time/time.c.obj
 .text.alarm_pool_init_default
                0x10001110       0x6c CMakeFiles/luminosidade.dir/C_/Users/01/.pico-sdk/sdk/1.5.1/src/common/pico_time/time.c.obj
                0x10001110                alarm_pool_init_default
 .text.alarm_pool_get_default
                0x1000117c        0x8 CMakeFiles/luminosidade.dir/C_/Users/01/.pico-sdk/sdk/1.5.1/src/common/pico_time/time.c.obj
                0x1000117c                alarm_pool_get_default
 .text.alarm_pool_add_alarm_at
                0x10001184      0x17c CMakeFiles/luminosidade.dir/C_/Users/01/.pico-sdk/sdk/1.5.1/src/common/pico_time/time.c.obj
                0x10001184                alarm_pool_add_alarm_at
 .text.alarm_pool_core_num
                0x10001300        0x4 CMakeFiles/luminosidade.dir/C_/Users/01/.pico-sdk/sdk/1.5.1/src/common/pico_time/time.c.obj
                0x10001300                alarm_pool_core_num
 .text.sleep_until
                0x10001304       0xc4 CMakeFiles/luminosidade.dir/C_/Users/01/.pico-sdk/sdk/1.5.1/src/common/pico_time/time.c.obj
                0x10001304                sleep_until
 .text.sleep_us
                0x100013c8       0x28 CMakeFiles/luminosidade.dir/C_/Users/01/.pico-sdk/sdk/1.5.1/src/common/pico_time/time.c.obj
                0x100013c8                sleep_us
 .text.sleep_ms
                0x100013f0       0x38 CMakeFiles/luminosidade.dir/C_/Users/01/.pico-sdk/sdk/1.5.1/src/common/pico_time/time.c.obj
                0x100013f0                sleep_ms
 .text.best_effort_wfe_or_timeout
                0x10001428       0xcc CMakeFiles/luminosidade.dir/C_/Users/01/.pico-sdk/sdk/1.5.1/src/common/pico_time/time.c.obj
                0x10001428                best_effort_wfe_or_timeout
 .text.hardware_alarm_irq_handler
                0x100014f4       0xbc CMakeFiles/luminosidade.dir/C_/Users/01/.pico-sdk/sdk/1.5.1/src/rp2_common/hardware_timer/timer.c.obj
 .text.hardware_alarm_claim
                0x100015b0       0x18 CMakeFiles/luminosidade.dir/C_/Users/01/.pico-sdk/sdk/1.5.1/src/rp2_common/hardware_timer/timer.c.obj
                0x100015b0                hardware_alarm_claim
 .text.time_us_64
                0x100015c8       0x14 CMakeFiles/luminosidade.dir/C_/Users/01/.pico-sdk/sdk/1.5.1/src/rp2_common/hardware_timer/timer.c.obj
                0x100015c8                time_us_64
 .text.busy_wait_until
                0x100015dc       0x20 CMakeFiles/luminosidade.dir/C_/Users/01/.pico-sdk/sdk/1.5.1/src/rp2_common/hardware_timer/timer.c.obj
                0x100015dc                busy_wait_until
 .text.hardware_alarm_set_callback
                0x100015fc       0x8c CMakeFiles/luminosidade.dir/C_/Users/01/.pico-sdk/sdk/1.5.1/src/rp2_common/hardware_timer/timer.c.obj
                0x100015fc                hardware_alarm_set_callback
 .text.hardware_alarm_set_target
                0x10001688       0xd0 CMakeFiles/luminosidade.dir/C_/Users/01/.pico-sdk/sdk/1.5.1/src/rp2_common/hardware_timer/timer.c.obj
                0x10001688                hardware_alarm_set_target
 .text.hardware_alarm_cancel
                0x10001758       0x3c CMakeFiles/luminosidade.dir/C_/Users/01/.pico-sdk/sdk/1.5.1/src/rp2_common/hardware_timer/timer.c.obj
                0x10001758                hardware_alarm_cancel
 .text.ph_merge_nodes
                0x10001794       0x58 CMakeFiles/luminosidade.dir/C_/Users/01/.pico-sdk/sdk/1.5.1/src/common/pico_util/pheap.c.obj
 .text.ph_post_alloc_init
                0x100017ec       0x3c CMakeFiles/luminosidade.dir/C_/Users/01/.pico-sdk/sdk/1.5.1/src/common/pico_util/pheap.c.obj
                0x100017ec                ph_post_alloc_init
 .text.ph_merge_two_pass
                0x10001828       0x8c CMakeFiles/luminosidade.dir/C_/Users/01/.pico-sdk/sdk/1.5.1/src/common/pico_util/pheap.c.obj
                0x10001828                ph_merge_two_pass
 .text.ph_remove_any_head
                0x100018b4      0x100 CMakeFiles/luminosidade.dir/C_/Users/01/.pico-sdk/sdk/1.5.1/src/common/pico_util/pheap.c.obj
 .text.ph_remove_head
                0x100019b4      0x104 CMakeFiles/luminosidade.dir/C_/Users/01/.pico-sdk/sdk/1.5.1/src/common/pico_util/pheap.c.obj
                0x100019b4                ph_remove_head
 .text.ph_remove_and_free_node
                0x10001ab8       0x78 CMakeFiles/luminosidade.dir/C_/Users/01/.pico-sdk/sdk/1.5.1/src/common/pico_util/pheap.c.obj
                0x10001ab8                ph_remove_and_free_node
 .text.clocks_init
                0x10001b30      0x2c8 CMakeFiles/luminosidade.dir/C_/Users/01/.pico-sdk/sdk/1.5.1/src/rp2_common/hardware_clocks/clocks.c.obj
                0x10001b30                clocks_init
 .text.clock_get_hz
                0x10001df8        0xc CMakeFiles/luminosidade.dir/C_/Users/01/.pico-sdk/sdk/1.5.1/src/rp2_common/hardware_clocks/clocks.c.obj
                0x10001df8                clock_get_hz
 .text.pll_init
                0x10001e04       0xa4 CMakeFiles/luminosidade.dir/C_/Users/01/.pico-sdk/sdk/1.5.1/src/rp2_common/hardware_pll/pll.c.obj
                0x10001e04                pll_init
 .text.watchdog_start_tick
                0x10001ea8       0x10 CMakeFiles/luminosidade.dir/C_/Users/01/.pico-sdk/sdk/1.5.1/src/rp2_common/hardware_watchdog/watchdog.c.obj
                0x10001ea8                watchdog_start_tick
 .text.watchdog_reboot
                0x10001eb8       0x9c CMakeFiles/luminosidade.dir/C_/Users/01/.pico-sdk/sdk/1.5.1/src/rp2_common/hardware_watchdog/watchdog.c.obj
                0x10001eb8                watchdog_reboot
 .text.xosc_init
                0x10001f54       0x28 CMakeFiles/luminosidade.dir/C_/Users/01/.pico-sdk/sdk/1.5.1/src/rp2_common/hardware_xosc/xosc.c.obj
                0x10001f54                xosc_init
 .text.runtime_init
                0x10001f7c       0xf0 CMakeFiles/luminosidade.dir/C_/Users/01/.pico-sdk/sdk/1.5.1/src/rp2_common/pico_runtime/runtime.c.obj
                0x10001f7c                runtime_init
 .text._exit    0x1000206c        0x4 CMakeFiles/luminosidade.dir/C_/Users/01/.pico-sdk/sdk/1.5.1/src/rp2_common/pico_runtime/runtime.c.obj
                0x1000206c                _exit
 .text.exit     0x10002070        0x8 CMakeFiles/luminosidade.dir/C_/Users/01/.pico-sdk/sdk/1.5.1/src/rp2_common/pico_runtime/runtime.c.obj
                0x10002070                exit
 .text.panic    0x10002078       0x30 CMakeFiles/luminosidade.dir/C_/Users/01/.pico-sdk/sdk/1.5.1/src/rp2_common/pico_runtime/runtime.c.obj
                0x10002078                panic
 .text.hard_assertion_failure
                0x100020a8        0xc CMakeFiles/luminosidade.dir/C_/Users/01/.pico-sdk/sdk/1.5.1/src/rp2_common/pico_runtime/runtime.c.obj
                0x100020a8                hard_assertion_failure
 .text._out_null
                0x100020b4        0x4 CMakeFiles/luminosidade.dir/C_/Users/01/.pico-sdk/sdk/1.5.1/src/rp2_common/pico_printf/printf.c.obj
 .text._out_rev
                0x100020b8       0xac CMakeFiles/luminosidade.dir/C_/Users/01/.pico-sdk/sdk/1.5.1/src/rp2_common/pico_printf/printf.c.obj
 .text._ntoa_format
                0x10002164      0x250 CMakeFiles/luminosidade.dir/C_/Users/01/.pico-sdk/sdk/1.5.1/src/rp2_common/pico_printf/printf.c.obj
 .text._out_char
                0x100023b4       0x10 CMakeFiles/luminosidade.dir/C_/Users/01/.pico-sdk/sdk/1.5.1/src/rp2_common/pico_printf/printf.c.obj
 .text._out_fct
                0x100023c4       0x10 CMakeFiles/luminosidade.dir/C_/Users/01/.pico-sdk/sdk/1.5.1/src/rp2_common/pico_printf/printf.c.obj
 .text._etoa    0x100023d4      0x464 CMakeFiles/luminosidade.dir/C_/Users/01/.pico-sdk/sdk/1.5.1/src/rp2_common/pico_printf/printf.c.obj
 .text._ftoa    0x10002838      0x3c0 CMakeFiles/luminosidade.dir/C_/Users/01/.pico-sdk/sdk/1.5.1/src/rp2_common/pico_printf/printf.c.obj
 .text._vsnprintf
                0x10002bf8      0xbc8 CMakeFiles/luminosidade.dir/C_/Users/01/.pico-sdk/sdk/1.5.1/src/rp2_common/pico_printf/printf.c.obj
 .text.vfctprintf
                0x100037c0       0x20 CMakeFiles/luminosidade.dir/C_/Users/01/.pico-sdk/sdk/1.5.1/src/rp2_common/pico_printf/printf.c.obj
                0x100037c0                vfctprintf
 .text.weak_raw_vprintf
                0x100037e0       0x30 CMakeFiles/luminosidade.dir/C_/Users/01/.pico-sdk/sdk/1.5.1/src/rp2_common/pico_printf/printf.c.obj
                0x100037e0                weak_raw_vprintf
 .text          0x10003810       0x10 CMakeFiles/luminosidade.dir/C_/Users/01/.pico-sdk/sdk/1.5.1/src/rp2_common/pico_bit_ops/bit_ops_aeabi.S.obj
 .text.rom_func_lookup
                0x10003820       0x10 CMakeFiles/luminosidade.dir/C_/Users/01/.pico-sdk/sdk/1.5.1/src/rp2_common/pico_bootrom/bootrom.c.obj
                0x10003820                rom_func_lookup
 .text.rom_data_lookup
                0x10003830       0x10 CMakeFiles/luminosidade.dir/C_/Users/01/.pico-sdk/sdk/1.5.1/src/rp2_common/pico_bootrom/bootrom.c.obj
                0x10003830                rom_data_lookup
 .text.rom_funcs_lookup
                0x10003840       0x44 CMakeFiles/luminosidade.dir/C_/Users/01/.pico-sdk/sdk/1.5.1/src/rp2_common/pico_bootrom/bootrom.c.obj
                0x10003840                rom_funcs_lookup
 .text.__wrap___aeabi_idiv
                0x10003884       0x50 CMakeFiles/luminosidade.dir/C_/Users/01/.pico-sdk/sdk/1.5.1/src/rp2_common/pico_divider/divider.S.obj
                0x10003884                __wrap___aeabi_idivmod
                0x10003884                divmod_s32s32
                0x10003884                div_s32s32
                0x10003884                __wrap___aeabi_idiv
                0x1000388c                divmod_s32s32_unsafe
                0x100038b8                divmod_s32s32_savestate
 .text.__wrap___aeabi_uidiv
                0x100038d4       0x4c CMakeFiles/luminosidade.dir/C_/Users/01/.pico-sdk/sdk/1.5.1/src/rp2_common/pico_divider/divider.S.obj
                0x100038d4                __wrap___aeabi_uidiv
                0x100038d4                __wrap___aeabi_uidivmod
                0x100038d4                div_u32u32
                0x100038d4                divmod_u32u32
                0x100038dc                divmod_u32u32_unsafe
                0x10003904                divmod_u32u32_savestate
 .text.__wrap___aeabi_ldiv
                0x10003920      0x424 CMakeFiles/luminosidade.dir/C_/Users/01/.pico-sdk/sdk/1.5.1/src/rp2_common/pico_divider/divider.S.obj
                0x10003920                div_s64s64
                0x10003920                divmod_s64s64
                0x10003920                __wrap___aeabi_ldivmod
                0x10003950                divmod_u64u64
                0x10003950                div_u64u64
                0x10003950                __wrap___aeabi_uldivmod
                0x10003960                divmod_u64u64_savestate
                0x10003980                divmod_s64s64_unsafe
                0x10003a08                divmod_u64u64_unsafe
 .text.__wrap___aeabi_darithmetic
                0x10003d44       0x60 CMakeFiles/luminosidade.dir/C_/Users/01/.pico-sdk/sdk/1.5.1/src/rp2_common/pico_double/double_aeabi.S.obj
                0x10003d44                __wrap___aeabi_drsub
                0x10003d4a                __wrap___aeabi_dsub
                0x10003d54                __wrap___aeabi_dadd
                0x10003d5e                __wrap___aeabi_ddiv
                0x10003d92                __wrap___aeabi_dmul
 .text.__wrap___aeabi_cdcmple
                0x10003da4       0x6c CMakeFiles/luminosidade.dir/C_/Users/01/.pico-sdk/sdk/1.5.1/src/rp2_common/pico_double/double_aeabi.S.obj
                0x10003da4                __wrap___aeabi_cdrcmple
                0x10003db4                __wrap___aeabi_cdcmpeq
                0x10003db4                __wrap___aeabi_cdcmple
 .text.__wrap___aeabi_dcmplt
                0x10003e10        0xc CMakeFiles/luminosidade.dir/C_/Users/01/.pico-sdk/sdk/1.5.1/src/rp2_common/pico_double/double_aeabi.S.obj
                0x10003e10                __wrap___aeabi_dcmplt
 .text.__wrap___aeabi_dcmpge
                0x10003e1c       0x10 CMakeFiles/luminosidade.dir/C_/Users/01/.pico-sdk/sdk/1.5.1/src/rp2_common/pico_double/double_aeabi.S.obj
                0x10003e1c                __wrap___aeabi_dcmpge
 .text.__wrap___aeabi_dcmpgt
                0x10003e2c        0xa CMakeFiles/luminosidade.dir/C_/Users/01/.pico-sdk/sdk/1.5.1/src/rp2_common/pico_double/double_aeabi.S.obj
                0x10003e2c                __wrap___aeabi_dcmpgt
 .text.__wrap___aeabi_dcmpun
                0x10003e36       0x1c CMakeFiles/luminosidade.dir/C_/Users/01/.pico-sdk/sdk/1.5.1/src/rp2_common/pico_double/double_aeabi.S.obj
                0x10003e36                __wrap___aeabi_dcmpun
 *fill*         0x10003e52        0x2 
 .text.__wrap___aeabi_i2d
                0x10003e54       0x38 CMakeFiles/luminosidade.dir/C_/Users/01/.pico-sdk/sdk/1.5.1/src/rp2_common/pico_double/double_aeabi.S.obj
                0x10003e54                __wrap___aeabi_ui2d
                0x10003e5c                __wrap___aeabi_i2d
 .text.__wrap___aeabi_d2iz
                0x10003e8c       0x48 CMakeFiles/luminosidade.dir/C_/Users/01/.pico-sdk/sdk/1.5.1/src/rp2_common/pico_double/double_aeabi.S.obj
                0x10003e8c                double2int_z
                0x10003e8c                __wrap___aeabi_d2iz
 .text.__wrap___aeabi_d2uiz
                0x10003ed4       0x10 CMakeFiles/luminosidade.dir/C_/Users/01/.pico-sdk/sdk/1.5.1/src/rp2_common/pico_double/double_aeabi.S.obj
                0x10003ed4                __wrap___aeabi_d2uiz
                0x10003ed4                double2uint
 .text.__wrap___aeabi_d2f
                0x10003ee4       0x10 CMakeFiles/luminosidade.dir/C_/Users/01/.pico-sdk/sdk/1.5.1/src/rp2_common/pico_double/double_aeabi.S.obj
                0x10003ee4                __wrap___aeabi_d2f
 .text.missing_double_func_shim
                0x10003ef4        0xc CMakeFiles/luminosidade.dir/C_/Users/01/.pico-sdk/sdk/1.5.1/src/rp2_common/pico_double/double_init_rom.c.obj
 .text.__aeabi_double_init
                0x10003f00       0x94 CMakeFiles/luminosidade.dir/C_/Users/01/.pico-sdk/sdk/1.5.1/src/rp2_common/pico_double/double_init_rom.c.obj
                0x10003f00                __aeabi_double_init
 .text.double_table_shim_on_use_helper
                0x10003f94       0x2c CMakeFiles/luminosidade.dir/C_/Users/01/.pico-sdk/sdk/1.5.1/src/rp2_common/pico_double/double_v1_rom_shim.S.obj
                0x10003f94                double_table_shim_on_use_helper
 .text.__aeabi_lmul
                0x10003fc0       0x32 CMakeFiles/luminosidade.dir/C_/Users/01/.pico-sdk/sdk/1.5.1/src/rp2_common/pico_int64_ops/pico_int64_ops_aeabi.S.obj
                0x10003fc0                __wrap___aeabi_lmul
 *fill*         0x10003ff2        0x2 
 .text.__wrap___aeabi_cfcmple
                0x10003ff4       0x50 CMakeFiles/luminosidade.dir/C_/Users/01/.pico-sdk/sdk/1.5.1/src/rp2_common/pico_float/float_aeabi.S.obj
                0x10003ff4                __wrap___aeabi_cfrcmple
                0x10004000                __wrap___aeabi_cfcmple
                0x10004000                __wrap___aeabi_cfcmpeq
 .text.__wrap___aeabi_fcmplt
                0x10004044        0xc CMakeFiles/luminosidade.dir/C_/Users/01/.pico-sdk/sdk/1.5.1/src/rp2_common/pico_float/float_aeabi.S.obj
                0x10004044                __wrap___aeabi_fcmplt
 .text.__wrap___aeabi_fcmpge
                0x10004050       0x10 CMakeFiles/luminosidade.dir/C_/Users/01/.pico-sdk/sdk/1.5.1/src/rp2_common/pico_float/float_aeabi.S.obj
                0x10004050                __wrap___aeabi_fcmpge
 .text.__wrap___aeabi_f2d
                0x10004060        0xc CMakeFiles/luminosidade.dir/C_/Users/01/.pico-sdk/sdk/1.5.1/src/rp2_common/pico_float/float_aeabi.S.obj
                0x10004060                __wrap___aeabi_f2d
 .text.missing_float_func_shim
                0x1000406c        0xc CMakeFiles/luminosidade.dir/C_/Users/01/.pico-sdk/sdk/1.5.1/src/rp2_common/pico_float/float_init_rom.c.obj
 .text.__aeabi_float_init
                0x10004078       0x5c CMakeFiles/luminosidade.dir/C_/Users/01/.pico-sdk/sdk/1.5.1/src/rp2_common/pico_float/float_init_rom.c.obj
                0x10004078                __aeabi_float_init
 .text          0x100040d4       0x10 CMakeFiles/luminosidade.dir/C_/Users/01/.pico-sdk/sdk/1.5.1/src/rp2_common/pico_mem_ops/mem_ops_aeabi.S.obj
                0x100040d4                __aeabi_mem_init
 .text.memset   0x100040e4        0xc CMakeFiles/luminosidade.dir/C_/Users/01/.pico-sdk/sdk/1.5.1/src/rp2_common/pico_mem_ops/mem_ops_aeabi.S.obj
                0x100040e4                __wrap_memset
 .text.memcpy   0x100040f0        0xc CMakeFiles/luminosidade.dir/C_/Users/01/.pico-sdk/sdk/1.5.1/src/rp2_common/pico_mem_ops/mem_ops_aeabi.S.obj
                0x100040f0                __wrap_memcpy
                0x100040f0                __wrap___aeabi_memcpy
 .text.stdio_out_chars_crlf
                0x100040fc       0x94 CMakeFiles/luminosidade.dir/C_/Users/01/.pico-sdk/sdk/1.5.1/src/rp2_common/pico_stdio/stdio.c.obj
 .text.stdio_buffered_printer
                0x10004190       0x64 CMakeFiles/luminosidade.dir/C_/Users/01/.pico-sdk/sdk/1.5.1/src/rp2_common/pico_stdio/stdio.c.obj
 .text.__wrap_putchar
                0x100041f4       0x98 CMakeFiles/luminosidade.dir/C_/Users/01/.pico-sdk/sdk/1.5.1/src/rp2_common/pico_stdio/stdio.c.obj
                0x100041f4                __wrap_putchar
 .text.__wrap_puts
                0x1000428c       0xe0 CMakeFiles/luminosidade.dir/C_/Users/01/.pico-sdk/sdk/1.5.1/src/rp2_common/pico_stdio/stdio.c.obj
                0x1000428c                __wrap_puts
 .text.stdio_set_driver_enabled
                0x1000436c       0x30 CMakeFiles/luminosidade.dir/C_/Users/01/.pico-sdk/sdk/1.5.1/src/rp2_common/pico_stdio/stdio.c.obj
                0x1000436c                stdio_set_driver_enabled
 .text.__wrap_vprintf
                0x1000439c       0xd4 CMakeFiles/luminosidade.dir/C_/Users/01/.pico-sdk/sdk/1.5.1/src/rp2_common/pico_stdio/stdio.c.obj
                0x1000439c                __wrap_vprintf
 .text.__wrap_printf
                0x10004470       0x18 CMakeFiles/luminosidade.dir/C_/Users/01/.pico-sdk/sdk/1.5.1/src/rp2_common/pico_stdio/stdio.c.obj
                0x10004470                __wrap_printf
 .text.stdio_init_all
                0x10004488        0x8 CMakeFiles/luminosidade.dir/C_/Users/01/.pico-sdk/sdk/1.5.1/src/rp2_common/pico_stdio/stdio.c.obj
                0x10004488                stdio_init_all
 .text.resetd_init
                0x10004490        0x4 CMakeFiles/luminosidade.dir/C_/Users/01/.pico-sdk/sdk/1.5.1/src/rp2_common/pico_stdio_usb/reset_interface.c.obj
 .text.resetd_reset
                0x10004494        0xc CMakeFiles/luminosidade.dir/C_/Users/01/.pico-sdk/sdk/1.5.1/src/rp2_common/pico_stdio_usb/reset_interface.c.obj
 .text.resetd_open
                0x100044a0       0x28 CMakeFiles/luminosidade.dir/C_/Users/01/.pico-sdk/sdk/1.5.1/src/rp2_common/pico_stdio_usb/reset_interface.c.obj
 .text.resetd_xfer_cb
                0x100044c8        0x4 CMakeFiles/luminosidade.dir/C_/Users/01/.pico-sdk/sdk/1.5.1/src/rp2_common/pico_stdio_usb/reset_interface.c.obj
 .text.resetd_control_xfer_cb
                0x100044cc       0x60 CMakeFiles/luminosidade.dir/C_/Users/01/.pico-sdk/sdk/1.5.1/src/rp2_common/pico_stdio_usb/reset_interface.c.obj
 .text.usbd_app_driver_get_cb
                0x1000452c        0xc CMakeFiles/luminosidade.dir/C_/Users/01/.pico-sdk/sdk/1.5.1/src/rp2_common/pico_stdio_usb/reset_interface.c.obj
                0x1000452c                usbd_app_driver_get_cb
 .text.tud_cdc_line_coding_cb
                0x10004538       0x34 CMakeFiles/luminosidade.dir/C_/Users/01/.pico-sdk/sdk/1.5.1/src/rp2_common/pico_stdio_usb/reset_interface.c.obj
                0x10004538                tud_cdc_line_coding_cb
 .text.stdio_usb_set_chars_available_callback
                0x1000456c       0x14 CMakeFiles/luminosidade.dir/C_/Users/01/.pico-sdk/sdk/1.5.1/src/rp2_common/pico_stdio_usb/stdio_usb.c.obj
                0x1000456c                stdio_usb_set_chars_available_callback
 .text.usb_irq  0x10004580       0x10 CMakeFiles/luminosidade.dir/C_/Users/01/.pico-sdk/sdk/1.5.1/src/rp2_common/pico_stdio_usb/stdio_usb.c.obj
 .text.timer_task
                0x10004590       0x54 CMakeFiles/luminosidade.dir/C_/Users/01/.pico-sdk/sdk/1.5.1/src/rp2_common/pico_stdio_usb/stdio_usb.c.obj
 .text.stdio_usb_in_chars
                0x100045e4       0x90 CMakeFiles/luminosidade.dir/C_/Users/01/.pico-sdk/sdk/1.5.1/src/rp2_common/pico_stdio_usb/stdio_usb.c.obj
                0x100045e4                stdio_usb_in_chars
 .text.stdio_usb_out_chars
                0x10004674      0x104 CMakeFiles/luminosidade.dir/C_/Users/01/.pico-sdk/sdk/1.5.1/src/rp2_common/pico_stdio_usb/stdio_usb.c.obj
 .text.low_priority_worker_irq
                0x10004778       0xa8 CMakeFiles/luminosidade.dir/C_/Users/01/.pico-sdk/sdk/1.5.1/src/rp2_common/pico_stdio_usb/stdio_usb.c.obj
 .text.tud_cdc_rx_cb
                0x10004820       0x20 CMakeFiles/luminosidade.dir/C_/Users/01/.pico-sdk/sdk/1.5.1/src/rp2_common/pico_stdio_usb/stdio_usb.c.obj
                0x10004820                tud_cdc_rx_cb
 .text.stdio_usb_init
                0x10004840       0xe0 CMakeFiles/luminosidade.dir/C_/Users/01/.pico-sdk/sdk/1.5.1/src/rp2_common/pico_stdio_usb/stdio_usb.c.obj
                0x10004840                stdio_usb_init
 .text.tud_descriptor_device_cb
                0x10004920        0x8 CMakeFiles/luminosidade.dir/C_/Users/01/.pico-sdk/sdk/1.5.1/src/rp2_common/pico_stdio_usb/stdio_usb_descriptors.c.obj
                0x10004920                tud_descriptor_device_cb
 .text.tud_descriptor_configuration_cb
                0x10004928        0x8 CMakeFiles/luminosidade.dir/C_/Users/01/.pico-sdk/sdk/1.5.1/src/rp2_common/pico_stdio_usb/stdio_usb_descriptors.c.obj
                0x10004928                tud_descriptor_configuration_cb
 .text.tud_descriptor_string_cb
                0x10004930       0x78 CMakeFiles/luminosidade.dir/C_/Users/01/.pico-sdk/sdk/1.5.1/src/rp2_common/pico_stdio_usb/stdio_usb_descriptors.c.obj
                0x10004930                tud_descriptor_string_cb
 .text.startup._retrieve_unique_id_on_boot
                0x100049a8       0x10 CMakeFiles/luminosidade.dir/C_/Users/01/.pico-sdk/sdk/1.5.1/src/rp2_common/pico_unique_id/unique_id.c.obj
 .text.pico_get_unique_board_id_string
                0x100049b8      0x1a8 CMakeFiles/luminosidade.dir/C_/Users/01/.pico-sdk/sdk/1.5.1/src/rp2_common/pico_unique_id/unique_id.c.obj
                0x100049b8                pico_get_unique_board_id_string
 .text.flash_get_unique_id
                0x10004b60       0x3c CMakeFiles/luminosidade.dir/C_/Users/01/.pico-sdk/sdk/1.5.1/src/rp2_common/hardware_flash/flash.c.obj
                0x10004b60                flash_get_unique_id
 .text.dcd_int_enable
                0x10004b9c        0xc CMakeFiles/luminosidade.dir/C_/Users/01/.pico-sdk/sdk/1.5.1/lib/tinyusb/src/portable/raspberrypi/rp2040/dcd_rp2040.c.obj
                0x10004b9c                dcd_int_enable
 .text.dcd_set_address
                0x10004ba8       0x14 CMakeFiles/luminosidade.dir/C_/Users/01/.pico-sdk/sdk/1.5.1/lib/tinyusb/src/portable/raspberrypi/rp2040/dcd_rp2040.c.obj
                0x10004ba8                dcd_set_address
 .text.dcd_connect
                0x10004bbc       0x10 CMakeFiles/luminosidade.dir/C_/Users/01/.pico-sdk/sdk/1.5.1/lib/tinyusb/src/portable/raspberrypi/rp2040/dcd_rp2040.c.obj
                0x10004bbc                dcd_connect
 .text.dcd_init
                0x10004bcc       0x98 CMakeFiles/luminosidade.dir/C_/Users/01/.pico-sdk/sdk/1.5.1/lib/tinyusb/src/portable/raspberrypi/rp2040/dcd_rp2040.c.obj
                0x10004bcc                dcd_init
 .text.dcd_edpt0_status_complete
                0x10004c64       0x1c CMakeFiles/luminosidade.dir/C_/Users/01/.pico-sdk/sdk/1.5.1/lib/tinyusb/src/portable/raspberrypi/rp2040/dcd_rp2040.c.obj
                0x10004c64                dcd_edpt0_status_complete
 .text.dcd_edpt_open
                0x10004c80      0x108 CMakeFiles/luminosidade.dir/C_/Users/01/.pico-sdk/sdk/1.5.1/lib/tinyusb/src/portable/raspberrypi/rp2040/dcd_rp2040.c.obj
                0x10004c80                dcd_edpt_open
 .text.dcd_edpt_close_all
                0x10004d88        0x8 CMakeFiles/luminosidade.dir/C_/Users/01/.pico-sdk/sdk/1.5.1/lib/tinyusb/src/portable/raspberrypi/rp2040/dcd_rp2040.c.obj
                0x10004d88                dcd_edpt_close_all
 .text.dcd_edpt_xfer
                0x10004d90       0x24 CMakeFiles/luminosidade.dir/C_/Users/01/.pico-sdk/sdk/1.5.1/lib/tinyusb/src/portable/raspberrypi/rp2040/dcd_rp2040.c.obj
                0x10004d90                dcd_edpt_xfer
 .text.dcd_edpt_stall
                0x10004db4       0x34 CMakeFiles/luminosidade.dir/C_/Users/01/.pico-sdk/sdk/1.5.1/lib/tinyusb/src/portable/raspberrypi/rp2040/dcd_rp2040.c.obj
                0x10004db4                dcd_edpt_stall
 .text.dcd_edpt_clear_stall
                0x10004de8       0x30 CMakeFiles/luminosidade.dir/C_/Users/01/.pico-sdk/sdk/1.5.1/lib/tinyusb/src/portable/raspberrypi/rp2040/dcd_rp2040.c.obj
                0x10004de8                dcd_edpt_clear_stall
 .text.rp2040_usb_init
                0x10004e18       0x4c CMakeFiles/luminosidade.dir/C_/Users/01/.pico-sdk/sdk/1.5.1/lib/tinyusb/src/portable/raspberrypi/rp2040/rp2040_usb.c.obj
                0x10004e18                rp2040_usb_init
 .text.hw_endpoint_xfer_start
                0x10004e64       0x40 CMakeFiles/luminosidade.dir/C_/Users/01/.pico-sdk/sdk/1.5.1/lib/tinyusb/src/portable/raspberrypi/rp2040/rp2040_usb.c.obj
                0x10004e64                hw_endpoint_xfer_start
 .text.tud_mounted
                0x10004ea4       0x10 CMakeFiles/luminosidade.dir/C_/Users/01/.pico-sdk/sdk/1.5.1/lib/tinyusb/src/device/usbd.c.obj
                0x10004ea4                tud_mounted
 .text.tud_suspended
                0x10004eb4       0x10 CMakeFiles/luminosidade.dir/C_/Users/01/.pico-sdk/sdk/1.5.1/lib/tinyusb/src/device/usbd.c.obj
                0x10004eb4                tud_suspended
 .text.tud_inited
                0x10004ec4       0x14 CMakeFiles/luminosidade.dir/C_/Users/01/.pico-sdk/sdk/1.5.1/lib/tinyusb/src/device/usbd.c.obj
                0x10004ec4                tud_inited
 .text.tud_init
                0x10004ed8       0xdc CMakeFiles/luminosidade.dir/C_/Users/01/.pico-sdk/sdk/1.5.1/lib/tinyusb/src/device/usbd.c.obj
                0x10004ed8                tud_init
 .text.tud_task_ext
                0x10004fb4      0x850 CMakeFiles/luminosidade.dir/C_/Users/01/.pico-sdk/sdk/1.5.1/lib/tinyusb/src/device/usbd.c.obj
                0x10004fb4                tud_task_ext
 .text.usbd_open_edpt_pair
                0x10005804       0x9c CMakeFiles/luminosidade.dir/C_/Users/01/.pico-sdk/sdk/1.5.1/lib/tinyusb/src/device/usbd.c.obj
                0x10005804                usbd_open_edpt_pair
 .text.usbd_defer_func
                0x100058a0       0x48 CMakeFiles/luminosidade.dir/C_/Users/01/.pico-sdk/sdk/1.5.1/lib/tinyusb/src/device/usbd.c.obj
                0x100058a0                usbd_defer_func
 .text.usbd_edpt_open
                0x100058e8       0x34 CMakeFiles/luminosidade.dir/C_/Users/01/.pico-sdk/sdk/1.5.1/lib/tinyusb/src/device/usbd.c.obj
                0x100058e8                usbd_edpt_open
 .text.usbd_edpt_claim
                0x1000591c       0x28 CMakeFiles/luminosidade.dir/C_/Users/01/.pico-sdk/sdk/1.5.1/lib/tinyusb/src/device/usbd.c.obj
                0x1000591c                usbd_edpt_claim
 .text.usbd_edpt_release
                0x10005944       0x28 CMakeFiles/luminosidade.dir/C_/Users/01/.pico-sdk/sdk/1.5.1/lib/tinyusb/src/device/usbd.c.obj
                0x10005944                usbd_edpt_release
 .text.usbd_edpt_xfer
                0x1000596c       0x4c CMakeFiles/luminosidade.dir/C_/Users/01/.pico-sdk/sdk/1.5.1/lib/tinyusb/src/device/usbd.c.obj
                0x1000596c                usbd_edpt_xfer
 .text.tud_control_status
                0x100059b8       0x2c CMakeFiles/luminosidade.dir/C_/Users/01/.pico-sdk/sdk/1.5.1/lib/tinyusb/src/device/usbd_control.c.obj
                0x100059b8                tud_control_status
 .text.tud_control_xfer
                0x100059e4       0xac CMakeFiles/luminosidade.dir/C_/Users/01/.pico-sdk/sdk/1.5.1/lib/tinyusb/src/device/usbd_control.c.obj
                0x100059e4                tud_control_xfer
 .text.usbd_control_reset
                0x10005a90       0x14 CMakeFiles/luminosidade.dir/C_/Users/01/.pico-sdk/sdk/1.5.1/lib/tinyusb/src/device/usbd_control.c.obj
                0x10005a90                usbd_control_reset
 .text.usbd_control_set_complete_callback
                0x10005aa4        0xc CMakeFiles/luminosidade.dir/C_/Users/01/.pico-sdk/sdk/1.5.1/lib/tinyusb/src/device/usbd_control.c.obj
                0x10005aa4                usbd_control_set_complete_callback
 .text.usbd_control_set_request
                0x10005ab0       0x1c CMakeFiles/luminosidade.dir/C_/Users/01/.pico-sdk/sdk/1.5.1/lib/tinyusb/src/device/usbd_control.c.obj
                0x10005ab0                usbd_control_set_request
 .text.usbd_control_xfer_cb
                0x10005acc       0xf4 CMakeFiles/luminosidade.dir/C_/Users/01/.pico-sdk/sdk/1.5.1/lib/tinyusb/src/device/usbd_control.c.obj
                0x10005acc                usbd_control_xfer_cb
 .text.tud_cdc_n_connected
                0x10005bc0       0x30 CMakeFiles/luminosidade.dir/C_/Users/01/.pico-sdk/sdk/1.5.1/lib/tinyusb/src/class/cdc/cdc_device.c.obj
                0x10005bc0                tud_cdc_n_connected
 .text.tud_cdc_n_available
                0x10005bf0       0x18 CMakeFiles/luminosidade.dir/C_/Users/01/.pico-sdk/sdk/1.5.1/lib/tinyusb/src/class/cdc/cdc_device.c.obj
                0x10005bf0                tud_cdc_n_available
 .text.tud_cdc_n_read
                0x10005c08       0x70 CMakeFiles/luminosidade.dir/C_/Users/01/.pico-sdk/sdk/1.5.1/lib/tinyusb/src/class/cdc/cdc_device.c.obj
                0x10005c08                tud_cdc_n_read
 .text.tud_cdc_n_write_flush
                0x10005c78       0x78 CMakeFiles/luminosidade.dir/C_/Users/01/.pico-sdk/sdk/1.5.1/lib/tinyusb/src/class/cdc/cdc_device.c.obj
                0x10005c78                tud_cdc_n_write_flush
 .text.tud_cdc_n_write
                0x10005cf0       0x34 CMakeFiles/luminosidade.dir/C_/Users/01/.pico-sdk/sdk/1.5.1/lib/tinyusb/src/class/cdc/cdc_device.c.obj
                0x10005cf0                tud_cdc_n_write
 .text.tud_cdc_n_write_available
                0x10005d24       0x18 CMakeFiles/luminosidade.dir/C_/Users/01/.pico-sdk/sdk/1.5.1/lib/tinyusb/src/class/cdc/cdc_device.c.obj
                0x10005d24                tud_cdc_n_write_available
 .text.cdcd_init
                0x10005d3c       0x7c CMakeFiles/luminosidade.dir/C_/Users/01/.pico-sdk/sdk/1.5.1/lib/tinyusb/src/class/cdc/cdc_device.c.obj
                0x10005d3c                cdcd_init
 .text.cdcd_reset
                0x10005db8       0x2c CMakeFiles/luminosidade.dir/C_/Users/01/.pico-sdk/sdk/1.5.1/lib/tinyusb/src/class/cdc/cdc_device.c.obj
                0x10005db8                cdcd_reset
 .text.cdcd_open
                0x10005de4       0xe4 CMakeFiles/luminosidade.dir/C_/Users/01/.pico-sdk/sdk/1.5.1/lib/tinyusb/src/class/cdc/cdc_device.c.obj
                0x10005de4                cdcd_open
 .text.cdcd_control_xfer_cb
                0x10005ec8       0xe4 CMakeFiles/luminosidade.dir/C_/Users/01/.pico-sdk/sdk/1.5.1/lib/tinyusb/src/class/cdc/cdc_device.c.obj
                0x10005ec8                cdcd_control_xfer_cb
 .text.cdcd_xfer_cb
                0x10005fac      0x13c CMakeFiles/luminosidade.dir/C_/Users/01/.pico-sdk/sdk/1.5.1/lib/tinyusb/src/class/cdc/cdc_device.c.obj
                0x10005fac                cdcd_xfer_cb
 .text.tusb_init
                0x100060e8        0xc CMakeFiles/luminosidade.dir/C_/Users/01/.pico-sdk/sdk/1.5.1/lib/tinyusb/src/tusb.c.obj
                0x100060e8                tusb_init
 .text.tusb_inited
                0x100060f4        0x8 CMakeFiles/luminosidade.dir/C_/Users/01/.pico-sdk/sdk/1.5.1/lib/tinyusb/src/tusb.c.obj
                0x100060f4                tusb_inited
 .text.tu_edpt_claim
                0x100060fc       0x50 CMakeFiles/luminosidade.dir/C_/Users/01/.pico-sdk/sdk/1.5.1/lib/tinyusb/src/tusb.c.obj
                0x100060fc                tu_edpt_claim
 .text.tu_edpt_release
                0x1000614c       0x38 CMakeFiles/luminosidade.dir/C_/Users/01/.pico-sdk/sdk/1.5.1/lib/tinyusb/src/tusb.c.obj
                0x1000614c                tu_edpt_release
 .text.tu_edpt_validate
                0x10006184       0x7c CMakeFiles/luminosidade.dir/C_/Users/01/.pico-sdk/sdk/1.5.1/lib/tinyusb/src/tusb.c.obj
                0x10006184                tu_edpt_validate
 .text.tu_edpt_bind_driver
                0x10006200       0x34 CMakeFiles/luminosidade.dir/C_/Users/01/.pico-sdk/sdk/1.5.1/lib/tinyusb/src/tusb.c.obj
                0x10006200                tu_edpt_bind_driver
 .text.tu_fifo_config
                0x10006234       0x6c CMakeFiles/luminosidade.dir/C_/Users/01/.pico-sdk/sdk/1.5.1/lib/tinyusb/src/common/tusb_fifo.c.obj
                0x10006234                tu_fifo_config
 .text.tu_fifo_count
                0x100062a0       0x2c CMakeFiles/luminosidade.dir/C_/Users/01/.pico-sdk/sdk/1.5.1/lib/tinyusb/src/common/tusb_fifo.c.obj
                0x100062a0                tu_fifo_count
 .text.tu_fifo_empty
                0x100062cc       0x10 CMakeFiles/luminosidade.dir/C_/Users/01/.pico-sdk/sdk/1.5.1/lib/tinyusb/src/common/tusb_fifo.c.obj
                0x100062cc                tu_fifo_empty
 .text.tu_fifo_remaining
                0x100062dc       0x2c CMakeFiles/luminosidade.dir/C_/Users/01/.pico-sdk/sdk/1.5.1/lib/tinyusb/src/common/tusb_fifo.c.obj
                0x100062dc                tu_fifo_remaining
 .text.tu_fifo_read
                0x10006308       0x9c CMakeFiles/luminosidade.dir/C_/Users/01/.pico-sdk/sdk/1.5.1/lib/tinyusb/src/common/tusb_fifo.c.obj
                0x10006308                tu_fifo_read
 .text.tu_fifo_read_n
                0x100063a4       0xe8 CMakeFiles/luminosidade.dir/C_/Users/01/.pico-sdk/sdk/1.5.1/lib/tinyusb/src/common/tusb_fifo.c.obj
                0x100063a4                tu_fifo_read_n
 .text.tu_fifo_write
                0x1000648c       0xa8 CMakeFiles/luminosidade.dir/C_/Users/01/.pico-sdk/sdk/1.5.1/lib/tinyusb/src/common/tusb_fifo.c.obj
                0x1000648c                tu_fifo_write
 .text.tu_fifo_write_n
                0x10006534      0x178 CMakeFiles/luminosidade.dir/C_/Users/01/.pico-sdk/sdk/1.5.1/lib/tinyusb/src/common/tusb_fifo.c.obj
                0x10006534                tu_fifo_write_n
 .text.tu_fifo_clear
                0x100066ac       0x40 CMakeFiles/luminosidade.dir/C_/Users/01/.pico-sdk/sdk/1.5.1/lib/tinyusb/src/common/tusb_fifo.c.obj
                0x100066ac                tu_fifo_clear
 .text.tu_fifo_set_overwritable
                0x100066ec       0x48 CMakeFiles/luminosidade.dir/C_/Users/01/.pico-sdk/sdk/1.5.1/lib/tinyusb/src/common/tusb_fifo.c.obj
                0x100066ec                tu_fifo_set_overwritable
 .text.i2c_set_baudrate
                0x10006734       0xc4 CMakeFiles/luminosidade.dir/C_/Users/01/.pico-sdk/sdk/1.5.1/src/rp2_common/hardware_i2c/i2c.c.obj
                0x10006734                i2c_set_baudrate
 .text.i2c_init
                0x100067f8       0x50 CMakeFiles/luminosidade.dir/C_/Users/01/.pico-sdk/sdk/1.5.1/src/rp2_common/hardware_i2c/i2c.c.obj
                0x100067f8                i2c_init
 .text.i2c_write_blocking
                0x10006848       0xd0 CMakeFiles/luminosidade.dir/C_/Users/01/.pico-sdk/sdk/1.5.1/src/rp2_common/hardware_i2c/i2c.c.obj
                0x10006848                i2c_write_blocking
 .text.i2c_read_blocking
                0x10006918       0x90 CMakeFiles/luminosidade.dir/C_/Users/01/.pico-sdk/sdk/1.5.1/src/rp2_common/hardware_i2c/i2c.c.obj
                0x10006918                i2c_read_blocking
 .text.strlen   0x100069a8       0x5c C:/Users/01/.pico-sdk/toolchain/13_3_Rel1/bin/../lib/gcc/arm-none-eabi/13.3.1/thumb/v6-m/nofp\libc.a(libc_a-strlen-stub.o)
                0x100069a8                strlen
 *(.fini)
 .fini          0x10006a04        0x4 C:/Users/01/.pico-sdk/toolchain/13_3_Rel1/bin/../lib/gcc/arm-none-eabi/13.3.1/thumb/v6-m/nofp/crti.o
                0x10006a04                _fini
 .fini.__stub   0x10006a08       0xc0 linker stubs
 *crtbegin.o(.ctors)
 *crtbegin?.o(.ctors)
 *(EXCLUDE_FILE(*crtend.o *crtend?.o) .ctors)
 *(SORT_BY_NAME(.ctors.*))
 *(.ctors)
 *crtbegin.o(.dtors)
 *crtbegin?.o(.dtors)
 *(EXCLUDE_FILE(*crtend.o *crtend?.o) .dtors)
 *(SORT_BY_NAME(.dtors.*))
 *(.dtors)
 *(.eh_frame*)
 .eh_frame      0x10006ac8        0x0 C:/Users/01/.pico-sdk/toolchain/13_3_Rel1/bin/../lib/gcc/arm-none-eabi/13.3.1/thumb/v6-m/nofp/crtbegin.o
                0x10006ac8                        . = ALIGN (0x4)

.glue_7         0x10006ac8        0x0
 .glue_7        0x10006ac8        0x0 linker stubs

.glue_7t        0x10006ac8        0x0
 .glue_7t       0x10006ac8        0x0 linker stubs

.vfp11_veneer   0x10006ac8        0x0
 .vfp11_veneer  0x10006ac8        0x0 linker stubs

.v4_bx          0x10006ac8        0x0
 .v4_bx         0x10006ac8        0x0 linker stubs

.iplt           0x10006ac8        0x0
 .iplt          0x10006ac8        0x0 C:/Users/01/.pico-sdk/toolchain/13_3_Rel1/bin/../lib/gcc/arm-none-eabi/13.3.1/thumb/v6-m/nofp/crtbegin.o

.rodata         0x10006ac8      0x5bc
 *(EXCLUDE_FILE(*libm.a: *libc.a:*lib_a-mem*.o *libgcc.a:) .rodata*)
 .rodata.bh1750_init.str1.4
                0x10006ac8      0x253 CMakeFiles/luminosidade.dir/sensor_de_luminosidade.c.obj
                                  0x2 (size before relaxing)
 .rodata.bh1750_read_lux.str1.4
                0x10006d1b       0x1c CMakeFiles/luminosidade.dir/sensor_de_luminosidade.c.obj
 .rodata.atualizar_por_lux.str1.4
                0x10006d1b       0x81 CMakeFiles/luminosidade.dir/sensor_de_luminosidade.c.obj
 .rodata.main.str1.4
                0x10006d1b       0x14 CMakeFiles/luminosidade.dir/sensor_de_luminosidade.c.obj
 .rodata.spin_lock_claim_unused.str1.4
                0x10006d1b       0x1b CMakeFiles/luminosidade.dir/C_/Users/01/.pico-sdk/sdk/1.5.1/src/rp2_common/hardware_sync/sync.c.obj
 .rodata.user_irq_claim_unused.str1.4
                0x10006d1b       0x1b CMakeFiles/luminosidade.dir/C_/Users/01/.pico-sdk/sdk/1.5.1/src/rp2_common/hardware_irq/irq.c.obj
 .rodata.hardware_alarm_claim.str1.4
                0x10006d1b       0x22 CMakeFiles/luminosidade.dir/C_/Users/01/.pico-sdk/sdk/1.5.1/src/rp2_common/hardware_timer/timer.c.obj
 .rodata.panic.str1.4
                0x10006d1b       0x12 CMakeFiles/luminosidade.dir/C_/Users/01/.pico-sdk/sdk/1.5.1/src/rp2_common/pico_runtime/runtime.c.obj
 .rodata.hard_assertion_failure.str1.4
                0x10006d1b        0xc CMakeFiles/luminosidade.dir/C_/Users/01/.pico-sdk/sdk/1.5.1/src/rp2_common/pico_runtime/runtime.c.obj
 .rodata._ftoa.str1.4
                0x10006d1b       0x15 CMakeFiles/luminosidade.dir/C_/Users/01/.pico-sdk/sdk/1.5.1/src/rp2_common/pico_printf/printf.c.obj
 *fill*         0x10006d1b        0x1 
 .rodata._vsnprintf
                0x10006d1c      0x19c CMakeFiles/luminosidade.dir/C_/Users/01/.pico-sdk/sdk/1.5.1/src/rp2_common/pico_printf/printf.c.obj
 .rodata.pow10.0
                0x10006eb8       0x50 CMakeFiles/luminosidade.dir/C_/Users/01/.pico-sdk/sdk/1.5.1/src/rp2_common/pico_printf/printf.c.obj
 .rodata.missing_double_func_shim.str1.4
                0x10006f08       0x18 CMakeFiles/luminosidade.dir/C_/Users/01/.pico-sdk/sdk/1.5.1/src/rp2_common/pico_double/double_init_rom.c.obj
 .rodata.missing_float_func_shim.str1.4
                0x10006f08        0x1 CMakeFiles/luminosidade.dir/C_/Users/01/.pico-sdk/sdk/1.5.1/src/rp2_common/pico_float/float_init_rom.c.obj
 .rodata.str1.4
                0x10006f08       0x48 CMakeFiles/luminosidade.dir/C_/Users/01/.pico-sdk/sdk/1.5.1/src/rp2_common/pico_standard_link/binary_info.c.obj
 .rodata.__bi_81
                0x10006f08        0xc CMakeFiles/luminosidade.dir/C_/Users/01/.pico-sdk/sdk/1.5.1/src/rp2_common/pico_standard_link/binary_info.c.obj
 .rodata.__bi_75
                0x10006f14        0xc CMakeFiles/luminosidade.dir/C_/Users/01/.pico-sdk/sdk/1.5.1/src/rp2_common/pico_standard_link/binary_info.c.obj
 .rodata.__bi_56
                0x10006f20        0xc CMakeFiles/luminosidade.dir/C_/Users/01/.pico-sdk/sdk/1.5.1/src/rp2_common/pico_standard_link/binary_info.c.obj
 .rodata.__bi_44
                0x10006f2c        0xc CMakeFiles/luminosidade.dir/C_/Users/01/.pico-sdk/sdk/1.5.1/src/rp2_common/pico_standard_link/binary_info.c.obj
 .rodata.crlf_str.0
                0x10006f38        0x2 CMakeFiles/luminosidade.dir/C_/Users/01/.pico-sdk/sdk/1.5.1/src/rp2_common/pico_stdio/stdio.c.obj
 *fill*         0x10006f3a        0x2 
 .rodata._resetd_driver
                0x10006f3c       0x18 CMakeFiles/luminosidade.dir/C_/Users/01/.pico-sdk/sdk/1.5.1/src/rp2_common/pico_stdio_usb/reset_interface.c.obj
 .rodata.str1.4
                0x10006f54       0x13 CMakeFiles/luminosidade.dir/C_/Users/01/.pico-sdk/sdk/1.5.1/src/rp2_common/pico_stdio_usb/stdio_usb.c.obj
 .rodata.__bi_182.0
                0x10006f54        0xc CMakeFiles/luminosidade.dir/C_/Users/01/.pico-sdk/sdk/1.5.1/src/rp2_common/pico_stdio_usb/stdio_usb.c.obj
 .rodata.str1.4
                0x10006f60       0x2a CMakeFiles/luminosidade.dir/C_/Users/01/.pico-sdk/sdk/1.5.1/src/rp2_common/pico_stdio_usb/stdio_usb_descriptors.c.obj
 .rodata.usbd_desc_str
                0x10006f60       0x18 CMakeFiles/luminosidade.dir/C_/Users/01/.pico-sdk/sdk/1.5.1/src/rp2_common/pico_stdio_usb/stdio_usb_descriptors.c.obj
 .rodata.usbd_desc_cfg
                0x10006f78       0x54 CMakeFiles/luminosidade.dir/C_/Users/01/.pico-sdk/sdk/1.5.1/src/rp2_common/pico_stdio_usb/stdio_usb_descriptors.c.obj
 .rodata.usbd_desc_device
                0x10006fcc       0x12 CMakeFiles/luminosidade.dir/C_/Users/01/.pico-sdk/sdk/1.5.1/src/rp2_common/pico_stdio_usb/stdio_usb_descriptors.c.obj
 .rodata.str1.4
                0x10006fde       0x14 CMakeFiles/luminosidade.dir/C_/Users/01/.pico-sdk/sdk/1.5.1/lib/tinyusb/src/portable/raspberrypi/rp2040/dcd_rp2040.c.obj
 .rodata.str1.4
                0x10006fde       0x53 CMakeFiles/luminosidade.dir/C_/Users/01/.pico-sdk/sdk/1.5.1/lib/tinyusb/src/portable/raspberrypi/rp2040/rp2040_usb.c.obj
 *fill*         0x10006fde        0x2 
 .rodata.tud_task_ext
                0x10006fe0       0x8c CMakeFiles/luminosidade.dir/C_/Users/01/.pico-sdk/sdk/1.5.1/lib/tinyusb/src/device/usbd.c.obj
 .rodata._usbd_driver
                0x1000706c       0x18 CMakeFiles/luminosidade.dir/C_/Users/01/.pico-sdk/sdk/1.5.1/lib/tinyusb/src/device/usbd.c.obj
                0x10007084                        . = ALIGN (0x4)
 *(SORT_BY_ALIGNMENT(SORT_BY_NAME(.flashdata*)))
                0x10007084                        . = ALIGN (0x4)

.ARM.extab
 *(.ARM.extab* .gnu.linkonce.armextab.*)
                0x10007084                        __exidx_start = .

.ARM.exidx
 *(.ARM.exidx* .gnu.linkonce.armexidx.*)
                0x10007084                        __exidx_end = .
                0x10007084                        . = ALIGN (0x4)
                0x10007084                        __binary_info_start = .

.binary_info    0x10007084       0x24
 *(.binary_info.keep.*)
 .binary_info.keep.__bi_ptr81
                0x10007084        0x4 CMakeFiles/luminosidade.dir/C_/Users/01/.pico-sdk/sdk/1.5.1/src/rp2_common/pico_standard_link/binary_info.c.obj
 .binary_info.keep.__bi_ptr75
                0x10007088        0x4 CMakeFiles/luminosidade.dir/C_/Users/01/.pico-sdk/sdk/1.5.1/src/rp2_common/pico_standard_link/binary_info.c.obj
 .binary_info.keep.__bi_ptr56
                0x1000708c        0x4 CMakeFiles/luminosidade.dir/C_/Users/01/.pico-sdk/sdk/1.5.1/src/rp2_common/pico_standard_link/binary_info.c.obj
 .binary_info.keep.__bi_ptr50
                0x10007090        0x4 CMakeFiles/luminosidade.dir/C_/Users/01/.pico-sdk/sdk/1.5.1/src/rp2_common/pico_standard_link/binary_info.c.obj
 .binary_info.keep.__bi_ptr44
                0x10007094        0x4 CMakeFiles/luminosidade.dir/C_/Users/01/.pico-sdk/sdk/1.5.1/src/rp2_common/pico_standard_link/binary_info.c.obj
 .binary_info.keep.__bi_ptr38
                0x10007098        0x4 CMakeFiles/luminosidade.dir/C_/Users/01/.pico-sdk/sdk/1.5.1/src/rp2_common/pico_standard_link/binary_info.c.obj
 .binary_info.keep.__bi_ptr30
                0x1000709c        0x4 CMakeFiles/luminosidade.dir/C_/Users/01/.pico-sdk/sdk/1.5.1/src/rp2_common/pico_standard_link/binary_info.c.obj
 .binary_info.keep.__bi_ptr22
                0x100070a0        0x4 CMakeFiles/luminosidade.dir/C_/Users/01/.pico-sdk/sdk/1.5.1/src/rp2_common/pico_standard_link/binary_info.c.obj
 *(.binary_info.*)
 .binary_info.__bi_ptr182
                0x100070a4        0x4 CMakeFiles/luminosidade.dir/C_/Users/01/.pico-sdk/sdk/1.5.1/src/rp2_common/pico_stdio_usb/stdio_usb.c.obj
                0x100070a8                        __binary_info_end = .

.rel.dyn        0x100070a8        0x0
 .rel.iplt      0x100070a8        0x0 C:/Users/01/.pico-sdk/toolchain/13_3_Rel1/bin/../lib/gcc/arm-none-eabi/13.3.1/thumb/v6-m/nofp/crtbegin.o
                0x100070a8                        . = ALIGN (0x4)

.ram_vector_table
                0x20000000       0xc0
 *(.ram_vector_table)
 .ram_vector_table
                0x20000000       0xc0 CMakeFiles/luminosidade.dir/C_/Users/01/.pico-sdk/sdk/1.5.1/src/rp2_common/pico_runtime/runtime.c.obj
                0x20000000                ram_vector_table

.data           0x200000c0      0xe28 load address 0x100070a8
                0x200000c0                        __data_start__ = .
 *(vtable)
 *(.time_critical*)
 .time_critical.mutex_try_enter
                0x200000c0       0x40 CMakeFiles/luminosidade.dir/C_/Users/01/.pico-sdk/sdk/1.5.1/src/common/pico_sync/mutex.c.obj
                0x200000c0                mutex_try_enter
 .time_critical.mutex_try_enter_block_until
                0x20000100       0x9c CMakeFiles/luminosidade.dir/C_/Users/01/.pico-sdk/sdk/1.5.1/src/common/pico_sync/mutex.c.obj
                0x20000100                mutex_try_enter_block_until
 .time_critical.mutex_enter_timeout_ms
                0x2000019c       0x90 CMakeFiles/luminosidade.dir/C_/Users/01/.pico-sdk/sdk/1.5.1/src/common/pico_sync/mutex.c.obj
                0x2000019c                mutex_enter_timeout_ms
 .time_critical.mutex_exit
                0x2000022c       0x28 CMakeFiles/luminosidade.dir/C_/Users/01/.pico-sdk/sdk/1.5.1/src/common/pico_sync/mutex.c.obj
                0x2000022c                mutex_exit
 .time_critical.flash_init_boot2_copyout
                0x20000254       0x30 CMakeFiles/luminosidade.dir/C_/Users/01/.pico-sdk/sdk/1.5.1/src/rp2_common/hardware_flash/flash.c.obj
 .time_critical.flash_enable_xip_via_boot2
                0x20000284        0xc CMakeFiles/luminosidade.dir/C_/Users/01/.pico-sdk/sdk/1.5.1/src/rp2_common/hardware_flash/flash.c.obj
 .time_critical.flash_cs_force
                0x20000290       0x38 CMakeFiles/luminosidade.dir/C_/Users/01/.pico-sdk/sdk/1.5.1/src/rp2_common/hardware_flash/flash.c.obj
 .time_critical.flash_do_cmd
                0x200002c8       0xc0 CMakeFiles/luminosidade.dir/C_/Users/01/.pico-sdk/sdk/1.5.1/src/rp2_common/hardware_flash/flash.c.obj
                0x200002c8                flash_do_cmd
 .time_critical.reset_non_control_endpoints
                0x20000388       0x68 CMakeFiles/luminosidade.dir/C_/Users/01/.pico-sdk/sdk/1.5.1/lib/tinyusb/src/portable/raspberrypi/rp2040/dcd_rp2040.c.obj
 .time_critical.hw_handle_buff_status
                0x200003f0       0xb0 CMakeFiles/luminosidade.dir/C_/Users/01/.pico-sdk/sdk/1.5.1/lib/tinyusb/src/portable/raspberrypi/rp2040/dcd_rp2040.c.obj
 .time_critical.dcd_rp2040_irq
                0x200004a0      0x510 CMakeFiles/luminosidade.dir/C_/Users/01/.pico-sdk/sdk/1.5.1/lib/tinyusb/src/portable/raspberrypi/rp2040/dcd_rp2040.c.obj
 .time_critical.e15_is_bulkin_ep
                0x200009b0       0x28 CMakeFiles/luminosidade.dir/C_/Users/01/.pico-sdk/sdk/1.5.1/lib/tinyusb/src/portable/raspberrypi/rp2040/rp2040_usb.c.obj
 .time_critical.e15_is_critical_frame_period
                0x200009d8       0x34 CMakeFiles/luminosidade.dir/C_/Users/01/.pico-sdk/sdk/1.5.1/lib/tinyusb/src/portable/raspberrypi/rp2040/rp2040_usb.c.obj
 .time_critical.prepare_ep_buffer
                0x20000a0c       0x6c CMakeFiles/luminosidade.dir/C_/Users/01/.pico-sdk/sdk/1.5.1/lib/tinyusb/src/portable/raspberrypi/rp2040/rp2040_usb.c.obj
 .time_critical.sync_ep_buffer
                0x20000a78       0x48 CMakeFiles/luminosidade.dir/C_/Users/01/.pico-sdk/sdk/1.5.1/lib/tinyusb/src/portable/raspberrypi/rp2040/rp2040_usb.c.obj
 .time_critical._hw_endpoint_xfer_sync
                0x20000ac0       0x28 CMakeFiles/luminosidade.dir/C_/Users/01/.pico-sdk/sdk/1.5.1/lib/tinyusb/src/portable/raspberrypi/rp2040/rp2040_usb.c.obj
 .time_critical.hw_endpoint_reset_transfer
                0x20000ae8        0xc CMakeFiles/luminosidade.dir/C_/Users/01/.pico-sdk/sdk/1.5.1/lib/tinyusb/src/portable/raspberrypi/rp2040/rp2040_usb.c.obj
                0x20000ae8                hw_endpoint_reset_transfer
 .time_critical._hw_endpoint_buffer_control_update32
                0x20000af4       0x58 CMakeFiles/luminosidade.dir/C_/Users/01/.pico-sdk/sdk/1.5.1/lib/tinyusb/src/portable/raspberrypi/rp2040/rp2040_usb.c.obj
                0x20000af4                _hw_endpoint_buffer_control_update32
 .time_critical.hw_endpoint_start_next_buffer
                0x20000b4c       0x6c CMakeFiles/luminosidade.dir/C_/Users/01/.pico-sdk/sdk/1.5.1/lib/tinyusb/src/portable/raspberrypi/rp2040/rp2040_usb.c.obj
                0x20000b4c                hw_endpoint_start_next_buffer
 .time_critical.hw_endpoint_xfer_continue
                0x20000bb8       0x50 CMakeFiles/luminosidade.dir/C_/Users/01/.pico-sdk/sdk/1.5.1/lib/tinyusb/src/portable/raspberrypi/rp2040/rp2040_usb.c.obj
                0x20000bb8                hw_endpoint_xfer_continue
 .time_critical.tinyusb
                0x20000c08      0x16c CMakeFiles/luminosidade.dir/C_/Users/01/.pico-sdk/sdk/1.5.1/lib/tinyusb/src/device/usbd.c.obj
                0x20000c08                dcd_event_handler
 *(.text*)
 .text          0x20000d74        0x4 C:/Users/01/.pico-sdk/toolchain/13_3_Rel1/bin/../lib/gcc/arm-none-eabi/13.3.1/thumb/v6-m/nofp\libgcc.a(_dvmd_tls.o)
                0x20000d74                __aeabi_idiv0
                0x20000d74                __aeabi_ldiv0
 .text.__stub   0x20000d78       0x70 linker stubs
                0x20000de8                        . = ALIGN (0x4)
 *(.rodata*)
                0x20000de8                        . = ALIGN (0x4)
 *(.data*)
 .data.striped_spin_lock_num
                0x20000de8        0x1 CMakeFiles/luminosidade.dir/C_/Users/01/.pico-sdk/sdk/1.5.1/src/rp2_common/hardware_sync/sync.c.obj
 *fill*         0x20000de9        0x3 
 .data          0x20000dec       0x48 CMakeFiles/luminosidade.dir/C_/Users/01/.pico-sdk/sdk/1.5.1/src/rp2_common/hardware_irq/irq_handler_chain.S.obj
                0x20000dec                irq_handler_chain_slots
                0x20000e1c                irq_handler_chain_first_slot
                0x20000e26                irq_handler_chain_remove_tail
 .data.default_alarm_pool
                0x20000e34       0x18 CMakeFiles/luminosidade.dir/C_/Users/01/.pico-sdk/sdk/1.5.1/src/common/pico_time/time.c.obj
 .data.default_alarm_pool_heap
                0x20000e4c       0x10 CMakeFiles/luminosidade.dir/C_/Users/01/.pico-sdk/sdk/1.5.1/src/common/pico_time/time.c.obj
 *fill*         0x20000e5c        0x4 
 .data.aeabi_bits_funcs
                0x20000e60       0x10 CMakeFiles/luminosidade.dir/C_/Users/01/.pico-sdk/sdk/1.5.1/src/rp2_common/pico_bit_ops/bit_ops_aeabi.S.obj
                0x20000e60                aeabi_bits_funcs
                0x20000e70                aeabi_bits_funcs_end
 .data.aeabi_mem_funcs
                0x20000e70       0x10 CMakeFiles/luminosidade.dir/C_/Users/01/.pico-sdk/sdk/1.5.1/src/rp2_common/pico_mem_ops/mem_ops_aeabi.S.obj
                0x20000e70                aeabi_mem_funcs
                0x20000e80                aeabi_mem_funcs_end
 .data.stdio_usb
                0x20000e80       0x18 CMakeFiles/luminosidade.dir/C_/Users/01/.pico-sdk/sdk/1.5.1/src/rp2_common/pico_stdio_usb/stdio_usb.c.obj
                0x20000e80                stdio_usb
 .data.ep_dir_string
                0x20000e98        0x8 CMakeFiles/luminosidade.dir/C_/Users/01/.pico-sdk/sdk/1.5.1/lib/tinyusb/src/portable/raspberrypi/rp2040/rp2040_usb.c.obj
                0x20000e98                ep_dir_string
 .data._usbd_qdef
                0x20000ea0       0x1c CMakeFiles/luminosidade.dir/C_/Users/01/.pico-sdk/sdk/1.5.1/lib/tinyusb/src/device/usbd.c.obj
                0x20000ea0                _usbd_qdef
 .data._usbd_rhport
                0x20000ebc        0x1 CMakeFiles/luminosidade.dir/C_/Users/01/.pico-sdk/sdk/1.5.1/lib/tinyusb/src/device/usbd.c.obj
 *fill*         0x20000ebd        0x3 
 .data.i2c0_inst
                0x20000ec0        0x8 CMakeFiles/luminosidade.dir/C_/Users/01/.pico-sdk/sdk/1.5.1/src/rp2_common/hardware_i2c/i2c.c.obj
                0x20000ec0                i2c0_inst
                0x20000ec8                        . = ALIGN (0x4)
 *(.after_data.*)
                0x20000ec8                        . = ALIGN (0x4)
                0x20000ec8                        PROVIDE (__mutex_array_start = .)
 *(SORT_BY_NAME(.mutex_array.*))
 *(.mutex_array)
 .mutex_array   0x20000ec8        0x8 CMakeFiles/luminosidade.dir/C_/Users/01/.pico-sdk/sdk/1.5.1/src/rp2_common/pico_stdio/stdio.c.obj
                0x20000ed0                        PROVIDE (__mutex_array_end = .)
                0x20000ed0                        . = ALIGN (0x4)
                0x20000ed0                        PROVIDE (__preinit_array_start = .)
 *(SORT_BY_NAME(.preinit_array.*))
 .preinit_array.00001
                0x20000ed0        0x4 CMakeFiles/luminosidade.dir/C_/Users/01/.pico-sdk/sdk/1.5.1/src/rp2_common/pico_mem_ops/mem_ops_aeabi.S.obj
 .preinit_array.00010
                0x20000ed4        0x4 CMakeFiles/luminosidade.dir/C_/Users/01/.pico-sdk/sdk/1.5.1/src/rp2_common/pico_bit_ops/bit_ops_aeabi.S.obj
 .preinit_array.00020
                0x20000ed8        0x4 CMakeFiles/luminosidade.dir/C_/Users/01/.pico-sdk/sdk/1.5.1/src/rp2_common/pico_double/double_aeabi.S.obj
 .preinit_array.00020
                0x20000edc        0x4 CMakeFiles/luminosidade.dir/C_/Users/01/.pico-sdk/sdk/1.5.1/src/rp2_common/pico_float/float_aeabi.S.obj
 *(.preinit_array)
                0x20000ee0                        PROVIDE (__preinit_array_end = .)
                0x20000ee0                        . = ALIGN (0x4)
                0x20000ee0                        PROVIDE (__init_array_start = .)
 *(SORT_BY_NAME(.init_array.*))
 *(.init_array)
 .init_array    0x20000ee0        0x4 C:/Users/01/.pico-sdk/toolchain/13_3_Rel1/bin/../lib/gcc/arm-none-eabi/13.3.1/thumb/v6-m/nofp/crtbegin.o
 .init_array    0x20000ee4        0x4 CMakeFiles/luminosidade.dir/C_/Users/01/.pico-sdk/sdk/1.5.1/src/rp2_common/pico_unique_id/unique_id.c.obj
                0x20000ee8                        PROVIDE (__init_array_end = .)
                0x20000ee8                        . = ALIGN (0x4)
                [!provide]                        PROVIDE (__fini_array_start = .)
 *(SORT_BY_NAME(.fini_array.*))
 *(.fini_array)
                [!provide]                        PROVIDE (__fini_array_end = .)
 *(.jcr)
                0x20000ee8                        . = ALIGN (0x4)
                0x20000ee8                        __data_end__ = .
                0x100070a8                        __etext = LOADADDR (.data)

.tm_clone_table
                0x20000ee8        0x0 load address 0x10007ed0
 .tm_clone_table
                0x20000ee8        0x0 C:/Users/01/.pico-sdk/toolchain/13_3_Rel1/bin/../lib/gcc/arm-none-eabi/13.3.1/thumb/v6-m/nofp/crtbegin.o
 .tm_clone_table
                0x20000ee8        0x0 C:/Users/01/.pico-sdk/toolchain/13_3_Rel1/bin/../lib/gcc/arm-none-eabi/13.3.1/thumb/v6-m/nofp/crtend.o

.igot.plt       0x20000ee8        0x0 load address 0x10007ed0
 .igot.plt      0x20000ee8        0x0 C:/Users/01/.pico-sdk/toolchain/13_3_Rel1/bin/../lib/gcc/arm-none-eabi/13.3.1/thumb/v6-m/nofp/crtbegin.o

.uninitialized_data
                0x20000ee8        0x0 load address 0x10007ed0
                0x20000ee8                        . = ALIGN (0x4)
 *(.uninitialized_data*)

.scratch_x      0x20040000        0x0 load address 0x10007ed0
                0x20040000                        __scratch_x_start__ = .
 *(.scratch_x.*)
                0x20040000                        . = ALIGN (0x4)
                0x20040000                        __scratch_x_end__ = .
                0x10007ed0                        __scratch_x_source__ = LOADADDR (.scratch_x)

.scratch_y      0x20041000        0x0 load address 0x10007ed0
                0x20041000                        __scratch_y_start__ = .
 *(.scratch_y.*)
                0x20041000                        . = ALIGN (0x4)
                0x20041000                        __scratch_y_end__ = .
                0x10007ed0                        __scratch_y_source__ = LOADADDR (.scratch_y)

.bss            0x20000ee8      0xd84
                0x20000ee8                        . = ALIGN (0x4)
                0x20000ee8                        __bss_start__ = .
 *(SORT_BY_ALIGNMENT(SORT_BY_NAME(.bss*)))
 .bss.configured_freq
                0x20000ee8       0x28 CMakeFiles/luminosidade.dir/C_/Users/01/.pico-sdk/sdk/1.5.1/src/rp2_common/hardware_clocks/clocks.c.obj
 .bss.default_alarm_pool_entries
                0x20000f10      0x100 CMakeFiles/luminosidade.dir/C_/Users/01/.pico-sdk/sdk/1.5.1/src/common/pico_time/time.c.obj
 .bss.last_avail_time.1
                0x20001010        0x8 CMakeFiles/luminosidade.dir/C_/Users/01/.pico-sdk/sdk/1.5.1/src/rp2_common/pico_stdio_usb/stdio_usb.c.obj
 .bss.sd_table  0x20001018      0x100 CMakeFiles/luminosidade.dir/C_/Users/01/.pico-sdk/sdk/1.5.1/src/rp2_common/pico_double/double_init_rom.c.obj
                0x20001018                sd_table
 .bss._app_driver
                0x20001118        0x4 CMakeFiles/luminosidade.dir/C_/Users/01/.pico-sdk/sdk/1.5.1/lib/tinyusb/src/device/usbd.c.obj
 .bss._cdcd_itf
                0x2000111c      0x2c8 CMakeFiles/luminosidade.dir/C_/Users/01/.pico-sdk/sdk/1.5.1/lib/tinyusb/src/class/cdc/cdc_device.c.obj
 .bss._ctrl_xfer
                0x200013e4       0x14 CMakeFiles/luminosidade.dir/C_/Users/01/.pico-sdk/sdk/1.5.1/lib/tinyusb/src/device/usbd_control.c.obj
 .bss._ubsd_mutexdef
                0x200013f8        0x8 CMakeFiles/luminosidade.dir/C_/Users/01/.pico-sdk/sdk/1.5.1/lib/tinyusb/src/device/usbd.c.obj
 .bss._usbd_ctrl_buf
                0x20001400       0x40 CMakeFiles/luminosidade.dir/C_/Users/01/.pico-sdk/sdk/1.5.1/lib/tinyusb/src/device/usbd_control.c.obj
 .bss._usbd_dev
                0x20001440       0x53 CMakeFiles/luminosidade.dir/C_/Users/01/.pico-sdk/sdk/1.5.1/lib/tinyusb/src/device/usbd.c.obj
 *fill*         0x20001493        0x1 
 .bss._usbd_mutex
                0x20001494        0x4 CMakeFiles/luminosidade.dir/C_/Users/01/.pico-sdk/sdk/1.5.1/lib/tinyusb/src/device/usbd.c.obj
 .bss._usbd_q   0x20001498        0x4 CMakeFiles/luminosidade.dir/C_/Users/01/.pico-sdk/sdk/1.5.1/lib/tinyusb/src/device/usbd.c.obj
 .bss._usbd_qdef_buf
                0x2000149c       0xc0 CMakeFiles/luminosidade.dir/C_/Users/01/.pico-sdk/sdk/1.5.1/lib/tinyusb/src/device/usbd.c.obj
                0x2000149c                _usbd_qdef_buf
 .bss.alarm_callbacks
                0x2000155c       0x10 CMakeFiles/luminosidade.dir/C_/Users/01/.pico-sdk/sdk/1.5.1/src/rp2_common/hardware_timer/timer.c.obj
 .bss.boot2_copyout
                0x2000156c      0x100 CMakeFiles/luminosidade.dir/C_/Users/01/.pico-sdk/sdk/1.5.1/src/rp2_common/hardware_flash/flash.c.obj
 .bss.chars_available_callback
                0x2000166c        0x4 CMakeFiles/luminosidade.dir/C_/Users/01/.pico-sdk/sdk/1.5.1/src/rp2_common/pico_stdio_usb/stdio_usb.c.obj
 .bss.chars_available_param
                0x20001670        0x4 CMakeFiles/luminosidade.dir/C_/Users/01/.pico-sdk/sdk/1.5.1/src/rp2_common/pico_stdio_usb/stdio_usb.c.obj
 .bss.claimed   0x20001674        0x4 CMakeFiles/luminosidade.dir/C_/Users/01/.pico-sdk/sdk/1.5.1/src/rp2_common/hardware_sync/sync.c.obj
 .bss.default_alarm_pool_entry_ids_high
                0x20001678       0x10 CMakeFiles/luminosidade.dir/C_/Users/01/.pico-sdk/sdk/1.5.1/src/common/pico_time/time.c.obj
 .bss.default_alarm_pool_heap_nodes
                0x20001688       0x30 CMakeFiles/luminosidade.dir/C_/Users/01/.pico-sdk/sdk/1.5.1/src/common/pico_time/time.c.obj
 .bss.desc_str.0
                0x200016b8       0x28 CMakeFiles/luminosidade.dir/C_/Users/01/.pico-sdk/sdk/1.5.1/src/rp2_common/pico_stdio_usb/stdio_usb_descriptors.c.obj
 .bss.drivers   0x200016e0        0x4 CMakeFiles/luminosidade.dir/C_/Users/01/.pico-sdk/sdk/1.5.1/src/rp2_common/pico_stdio/stdio.c.obj
 .bss.e15_last_sof
                0x200016e4        0x4 CMakeFiles/luminosidade.dir/C_/Users/01/.pico-sdk/sdk/1.5.1/lib/tinyusb/src/portable/raspberrypi/rp2040/rp2040_usb.c.obj
                0x200016e4                e15_last_sof
 .bss.filter    0x200016e8        0x4 CMakeFiles/luminosidade.dir/C_/Users/01/.pico-sdk/sdk/1.5.1/src/rp2_common/pico_stdio/stdio.c.obj
 .bss.hw_endpoints
                0x200016ec      0x400 CMakeFiles/luminosidade.dir/C_/Users/01/.pico-sdk/sdk/1.5.1/lib/tinyusb/src/portable/raspberrypi/rp2040/dcd_rp2040.c.obj
 .bss.lazy_vsnprintf
                0x20001aec        0x4 CMakeFiles/luminosidade.dir/C_/Users/01/.pico-sdk/sdk/1.5.1/src/rp2_common/pico_printf/printf.c.obj
 .bss.load_value
                0x20001af0        0x4 CMakeFiles/luminosidade.dir/C_/Users/01/.pico-sdk/sdk/1.5.1/src/rp2_common/hardware_watchdog/watchdog.c.obj
 .bss.next_buffer_ptr
                0x20001af4        0x4 CMakeFiles/luminosidade.dir/C_/Users/01/.pico-sdk/sdk/1.5.1/lib/tinyusb/src/portable/raspberrypi/rp2040/dcd_rp2040.c.obj
 .bss.object.0  0x20001af8       0x18 C:/Users/01/.pico-sdk/toolchain/13_3_Rel1/bin/../lib/gcc/arm-none-eabi/13.3.1/thumb/v6-m/nofp/crtbegin.o
 .bss.one_shot_timer_crit_sec
                0x20001b10        0x8 CMakeFiles/luminosidade.dir/C_/Users/01/.pico-sdk/sdk/1.5.1/src/rp2_common/pico_stdio_usb/stdio_usb.c.obj
 .bss.pools     0x20001b18       0x10 CMakeFiles/luminosidade.dir/C_/Users/01/.pico-sdk/sdk/1.5.1/src/common/pico_time/time.c.obj
 .bss.retrieved_id
                0x20001b28        0x8 CMakeFiles/luminosidade.dir/C_/Users/01/.pico-sdk/sdk/1.5.1/src/rp2_common/pico_unique_id/unique_id.c.obj
 .bss.sf_clz_func
                0x20001b30        0x4 CMakeFiles/luminosidade.dir/C_/Users/01/.pico-sdk/sdk/1.5.1/src/rp2_common/pico_double/double_init_rom.c.obj
                0x20001b30                sf_clz_func
 .bss.sf_table  0x20001b34      0x100 CMakeFiles/luminosidade.dir/C_/Users/01/.pico-sdk/sdk/1.5.1/src/rp2_common/pico_float/float_init_rom.c.obj
                0x20001b34                sf_table
 .bss.sleep_notifier
                0x20001c34        0x4 CMakeFiles/luminosidade.dir/C_/Users/01/.pico-sdk/sdk/1.5.1/src/common/pico_time/time.c.obj
 .bss.stdio_usb_mutex
                0x20001c38        0x8 CMakeFiles/luminosidade.dir/C_/Users/01/.pico-sdk/sdk/1.5.1/src/rp2_common/pico_stdio_usb/stdio_usb.c.obj
 .bss.target_hi
                0x20001c40       0x10 CMakeFiles/luminosidade.dir/C_/Users/01/.pico-sdk/sdk/1.5.1/src/rp2_common/hardware_timer/timer.c.obj
 .bss.usbd_serial_str
                0x20001c50       0x11 CMakeFiles/luminosidade.dir/C_/Users/01/.pico-sdk/sdk/1.5.1/src/rp2_common/pico_stdio_usb/stdio_usb_descriptors.c.obj
 .bss._app_driver_count
                0x20001c61        0x1 CMakeFiles/luminosidade.dir/C_/Users/01/.pico-sdk/sdk/1.5.1/lib/tinyusb/src/device/usbd.c.obj
 .bss._sof_enable
                0x20001c62        0x1 CMakeFiles/luminosidade.dir/C_/Users/01/.pico-sdk/sdk/1.5.1/lib/tinyusb/src/portable/raspberrypi/rp2040/dcd_rp2040.c.obj
 .bss.boot2_copyout_valid
                0x20001c63        0x1 CMakeFiles/luminosidade.dir/C_/Users/01/.pico-sdk/sdk/1.5.1/src/rp2_common/hardware_flash/flash.c.obj
 .bss.claimed   0x20001c64        0x1 CMakeFiles/luminosidade.dir/C_/Users/01/.pico-sdk/sdk/1.5.1/src/rp2_common/hardware_timer/timer.c.obj
 .bss.irq_hander_chain_free_slot_head
                0x20001c65        0x1 CMakeFiles/luminosidade.dir/C_/Users/01/.pico-sdk/sdk/1.5.1/src/rp2_common/hardware_irq/irq.c.obj
 .bss.itf_num   0x20001c66        0x1 CMakeFiles/luminosidade.dir/C_/Users/01/.pico-sdk/sdk/1.5.1/src/rp2_common/pico_stdio_usb/reset_interface.c.obj
 .bss.low_priority_irq_num
                0x20001c67        0x1 CMakeFiles/luminosidade.dir/C_/Users/01/.pico-sdk/sdk/1.5.1/src/rp2_common/pico_stdio_usb/stdio_usb.c.obj
 .bss.one_shot_timer_pending
                0x20001c68        0x1 CMakeFiles/luminosidade.dir/C_/Users/01/.pico-sdk/sdk/1.5.1/src/rp2_common/pico_stdio_usb/stdio_usb.c.obj
 .bss.timer_callbacks_pending
                0x20001c69        0x1 CMakeFiles/luminosidade.dir/C_/Users/01/.pico-sdk/sdk/1.5.1/src/rp2_common/hardware_timer/timer.c.obj
 .bss.user_irq_claimed
                0x20001c6a        0x1 CMakeFiles/luminosidade.dir/C_/Users/01/.pico-sdk/sdk/1.5.1/src/rp2_common/hardware_irq/irq.c.obj
 *(COMMON)
                0x20001c6c                        . = ALIGN (0x4)
 *fill*         0x20001c6b        0x1 
                0x20001c6c                        __bss_end__ = .

.heap           0x20001c6c      0x800
                0x20001c6c                        __end__ = .
                0x20001c6c                        end = __end__
 *(.heap*)
 .heap          0x20001c6c      0x800 CMakeFiles/luminosidade.dir/C_/Users/01/.pico-sdk/sdk/1.5.1/src/rp2_common/pico_standard_link/crt0.S.obj
                0x2000246c                        __HeapLimit = .

.stack1_dummy
 *(.stack1*)

.stack_dummy    0x20041000      0x800
 *(.stack*)
 .stack         0x20041000      0x800 CMakeFiles/luminosidade.dir/C_/Users/01/.pico-sdk/sdk/1.5.1/src/rp2_common/pico_standard_link/crt0.S.obj

.flash_end      0x10007ed0        0x0
                0x10007ed0                        PROVIDE (__flash_binary_end = .)
                0x20040000                        __StackLimit = (ORIGIN (RAM) + LENGTH (RAM))
                0x20041000                        __StackOneTop = (ORIGIN (SCRATCH_X) + LENGTH (SCRATCH_X))
                0x20042000                        __StackTop = (ORIGIN (SCRATCH_Y) + LENGTH (SCRATCH_Y))
                0x20041000                        __StackOneBottom = (__StackOneTop - SIZEOF (.stack1_dummy))
                0x20041800                        __StackBottom = (__StackTop - SIZEOF (.stack_dummy))
                0x20042000                        PROVIDE (__stack = __StackTop)
                0x00000001                        ASSERT ((__StackLimit >= __HeapLimit), region RAM overflowed)
                0x00000001                        ASSERT (((__binary_info_header_end - __logical_binary_start) <= 0x100), Binary info must be in first 256 bytes of the binary)
LOAD CMakeFiles/luminosidade.dir/sensor_de_luminosidade.c.obj
LOAD CMakeFiles/luminosidade.dir/C_/Users/01/.pico-sdk/sdk/1.5.1/src/rp2_common/pico_stdlib/stdlib.c.obj
LOAD CMakeFiles/luminosidade.dir/C_/Users/01/.pico-sdk/sdk/1.5.1/src/rp2_common/hardware_gpio/gpio.c.obj
LOAD CMakeFiles/luminosidade.dir/C_/Users/01/.pico-sdk/sdk/1.5.1/src/rp2_common/pico_platform/platform.c.obj
LOAD CMakeFiles/luminosidade.dir/C_/Users/01/.pico-sdk/sdk/1.5.1/src/rp2_common/hardware_claim/claim.c.obj
LOAD CMakeFiles/luminosidade.dir/C_/Users/01/.pico-sdk/sdk/1.5.1/src/rp2_common/hardware_sync/sync.c.obj
LOAD CMakeFiles/luminosidade.dir/C_/Users/01/.pico-sdk/sdk/1.5.1/src/rp2_common/hardware_irq/irq.c.obj
LOAD CMakeFiles/luminosidade.dir/C_/Users/01/.pico-sdk/sdk/1.5.1/src/rp2_common/hardware_irq/irq_handler_chain.S.obj
LOAD CMakeFiles/luminosidade.dir/C_/Users/01/.pico-sdk/sdk/1.5.1/src/common/pico_sync/sem.c.obj
LOAD CMakeFiles/luminosidade.dir/C_/Users/01/.pico-sdk/sdk/1.5.1/src/common/pico_sync/lock_core.c.obj
LOAD CMakeFiles/luminosidade.dir/C_/Users/01/.pico-sdk/sdk/1.5.1/src/common/pico_sync/mutex.c.obj
LOAD CMakeFiles/luminosidade.dir/C_/Users/01/.pico-sdk/sdk/1.5.1/src/common/pico_sync/critical_section.c.obj
LOAD CMakeFiles/luminosidade.dir/C_/Users/01/.pico-sdk/sdk/1.5.1/src/common/pico_time/time.c.obj
LOAD CMakeFiles/luminosidade.dir/C_/Users/01/.pico-sdk/sdk/1.5.1/src/common/pico_time/timeout_helper.c.obj
LOAD CMakeFiles/luminosidade.dir/C_/Users/01/.pico-sdk/sdk/1.5.1/src/rp2_common/hardware_timer/timer.c.obj
LOAD CMakeFiles/luminosidade.dir/C_/Users/01/.pico-sdk/sdk/1.5.1/src/common/pico_util/datetime.c.obj
LOAD CMakeFiles/luminosidade.dir/C_/Users/01/.pico-sdk/sdk/1.5.1/src/common/pico_util/pheap.c.obj
LOAD CMakeFiles/luminosidade.dir/C_/Users/01/.pico-sdk/sdk/1.5.1/src/common/pico_util/queue.c.obj
LOAD CMakeFiles/luminosidade.dir/C_/Users/01/.pico-sdk/sdk/1.5.1/src/rp2_common/hardware_uart/uart.c.obj
LOAD CMakeFiles/luminosidade.dir/C_/Users/01/.pico-sdk/sdk/1.5.1/src/rp2_common/hardware_clocks/clocks.c.obj
LOAD CMakeFiles/luminosidade.dir/C_/Users/01/.pico-sdk/sdk/1.5.1/src/rp2_common/hardware_pll/pll.c.obj
LOAD CMakeFiles/luminosidade.dir/C_/Users/01/.pico-sdk/sdk/1.5.1/src/rp2_common/hardware_vreg/vreg.c.obj
LOAD CMakeFiles/luminosidade.dir/C_/Users/01/.pico-sdk/sdk/1.5.1/src/rp2_common/hardware_watchdog/watchdog.c.obj
LOAD CMakeFiles/luminosidade.dir/C_/Users/01/.pico-sdk/sdk/1.5.1/src/rp2_common/hardware_xosc/xosc.c.obj
LOAD CMakeFiles/luminosidade.dir/C_/Users/01/.pico-sdk/sdk/1.5.1/src/rp2_common/hardware_divider/divider.S.obj
LOAD CMakeFiles/luminosidade.dir/C_/Users/01/.pico-sdk/sdk/1.5.1/src/rp2_common/pico_runtime/runtime.c.obj
LOAD CMakeFiles/luminosidade.dir/C_/Users/01/.pico-sdk/sdk/1.5.1/src/rp2_common/pico_printf/printf.c.obj
LOAD CMakeFiles/luminosidade.dir/C_/Users/01/.pico-sdk/sdk/1.5.1/src/rp2_common/pico_bit_ops/bit_ops_aeabi.S.obj
LOAD CMakeFiles/luminosidade.dir/C_/Users/01/.pico-sdk/sdk/1.5.1/src/rp2_common/pico_bootrom/bootrom.c.obj
LOAD CMakeFiles/luminosidade.dir/C_/Users/01/.pico-sdk/sdk/1.5.1/src/rp2_common/pico_divider/divider.S.obj
LOAD CMakeFiles/luminosidade.dir/C_/Users/01/.pico-sdk/sdk/1.5.1/src/rp2_common/pico_double/double_aeabi.S.obj
LOAD CMakeFiles/luminosidade.dir/C_/Users/01/.pico-sdk/sdk/1.5.1/src/rp2_common/pico_double/double_init_rom.c.obj
LOAD CMakeFiles/luminosidade.dir/C_/Users/01/.pico-sdk/sdk/1.5.1/src/rp2_common/pico_double/double_math.c.obj
LOAD CMakeFiles/luminosidade.dir/C_/Users/01/.pico-sdk/sdk/1.5.1/src/rp2_common/pico_double/double_v1_rom_shim.S.obj
LOAD CMakeFiles/luminosidade.dir/C_/Users/01/.pico-sdk/sdk/1.5.1/src/rp2_common/pico_int64_ops/pico_int64_ops_aeabi.S.obj
LOAD CMakeFiles/luminosidade.dir/C_/Users/01/.pico-sdk/sdk/1.5.1/src/rp2_common/pico_float/float_aeabi.S.obj
LOAD CMakeFiles/luminosidade.dir/C_/Users/01/.pico-sdk/sdk/1.5.1/src/rp2_common/pico_float/float_init_rom.c.obj
LOAD CMakeFiles/luminosidade.dir/C_/Users/01/.pico-sdk/sdk/1.5.1/src/rp2_common/pico_float/float_math.c.obj
LOAD CMakeFiles/luminosidade.dir/C_/Users/01/.pico-sdk/sdk/1.5.1/src/rp2_common/pico_float/float_v1_rom_shim.S.obj
LOAD CMakeFiles/luminosidade.dir/C_/Users/01/.pico-sdk/sdk/1.5.1/src/rp2_common/pico_malloc/pico_malloc.c.obj
LOAD CMakeFiles/luminosidade.dir/C_/Users/01/.pico-sdk/sdk/1.5.1/src/rp2_common/pico_mem_ops/mem_ops_aeabi.S.obj
LOAD CMakeFiles/luminosidade.dir/C_/Users/01/.pico-sdk/sdk/1.5.1/src/rp2_common/pico_standard_link/crt0.S.obj
LOAD CMakeFiles/luminosidade.dir/C_/Users/01/.pico-sdk/sdk/1.5.1/src/rp2_common/pico_standard_link/new_delete.cpp.obj
LOAD CMakeFiles/luminosidade.dir/C_/Users/01/.pico-sdk/sdk/1.5.1/src/rp2_common/pico_standard_link/binary_info.c.obj
LOAD CMakeFiles/luminosidade.dir/C_/Users/01/.pico-sdk/sdk/1.5.1/src/rp2_common/pico_stdio/stdio.c.obj
LOAD CMakeFiles/luminosidade.dir/C_/Users/01/.pico-sdk/sdk/1.5.1/src/rp2_common/pico_stdio_usb/reset_interface.c.obj
LOAD CMakeFiles/luminosidade.dir/C_/Users/01/.pico-sdk/sdk/1.5.1/src/rp2_common/pico_stdio_usb/stdio_usb.c.obj
LOAD CMakeFiles/luminosidade.dir/C_/Users/01/.pico-sdk/sdk/1.5.1/src/rp2_common/pico_stdio_usb/stdio_usb_descriptors.c.obj
LOAD CMakeFiles/luminosidade.dir/C_/Users/01/.pico-sdk/sdk/1.5.1/src/rp2_common/pico_unique_id/unique_id.c.obj
LOAD CMakeFiles/luminosidade.dir/C_/Users/01/.pico-sdk/sdk/1.5.1/src/rp2_common/hardware_flash/flash.c.obj
LOAD CMakeFiles/luminosidade.dir/C_/Users/01/.pico-sdk/sdk/1.5.1/lib/tinyusb/src/portable/raspberrypi/rp2040/dcd_rp2040.c.obj
LOAD CMakeFiles/luminosidade.dir/C_/Users/01/.pico-sdk/sdk/1.5.1/lib/tinyusb/src/portable/raspberrypi/rp2040/rp2040_usb.c.obj
LOAD CMakeFiles/luminosidade.dir/C_/Users/01/.pico-sdk/sdk/1.5.1/lib/tinyusb/src/device/usbd.c.obj
LOAD CMakeFiles/luminosidade.dir/C_/Users/01/.pico-sdk/sdk/1.5.1/lib/tinyusb/src/device/usbd_control.c.obj
LOAD CMakeFiles/luminosidade.dir/C_/Users/01/.pico-sdk/sdk/1.5.1/lib/tinyusb/src/class/audio/audio_device.c.obj
LOAD CMakeFiles/luminosidade.dir/C_/Users/01/.pico-sdk/sdk/1.5.1/lib/tinyusb/src/class/cdc/cdc_device.c.obj
LOAD CMakeFiles/luminosidade.dir/C_/Users/01/.pico-sdk/sdk/1.5.1/lib/tinyusb/src/class/dfu/dfu_device.c.obj
LOAD CMakeFiles/luminosidade.dir/C_/Users/01/.pico-sdk/sdk/1.5.1/lib/tinyusb/src/class/dfu/dfu_rt_device.c.obj
LOAD CMakeFiles/luminosidade.dir/C_/Users/01/.pico-sdk/sdk/1.5.1/lib/tinyusb/src/class/hid/hid_device.c.obj
LOAD CMakeFiles/luminosidade.dir/C_/Users/01/.pico-sdk/sdk/1.5.1/lib/tinyusb/src/class/midi/midi_device.c.obj
LOAD CMakeFiles/luminosidade.dir/C_/Users/01/.pico-sdk/sdk/1.5.1/lib/tinyusb/src/class/msc/msc_device.c.obj
LOAD CMakeFiles/luminosidade.dir/C_/Users/01/.pico-sdk/sdk/1.5.1/lib/tinyusb/src/class/net/ecm_rndis_device.c.obj
LOAD CMakeFiles/luminosidade.dir/C_/Users/01/.pico-sdk/sdk/1.5.1/lib/tinyusb/src/class/net/ncm_device.c.obj
LOAD CMakeFiles/luminosidade.dir/C_/Users/01/.pico-sdk/sdk/1.5.1/lib/tinyusb/src/class/usbtmc/usbtmc_device.c.obj
LOAD CMakeFiles/luminosidade.dir/C_/Users/01/.pico-sdk/sdk/1.5.1/lib/tinyusb/src/class/vendor/vendor_device.c.obj
LOAD CMakeFiles/luminosidade.dir/C_/Users/01/.pico-sdk/sdk/1.5.1/lib/tinyusb/src/class/video/video_device.c.obj
LOAD CMakeFiles/luminosidade.dir/C_/Users/01/.pico-sdk/sdk/1.5.1/lib/tinyusb/src/tusb.c.obj
LOAD CMakeFiles/luminosidade.dir/C_/Users/01/.pico-sdk/sdk/1.5.1/lib/tinyusb/src/common/tusb_fifo.c.obj
LOAD CMakeFiles/luminosidade.dir/C_/Users/01/.pico-sdk/sdk/1.5.1/src/rp2_common/pico_fix/rp2040_usb_device_enumeration/rp2040_usb_device_enumeration.c.obj
LOAD CMakeFiles/luminosidade.dir/C_/Users/01/.pico-sdk/sdk/1.5.1/src/rp2_common/hardware_adc/adc.c.obj
LOAD CMakeFiles/luminosidade.dir/C_/Users/01/.pico-sdk/sdk/1.5.1/src/rp2_common/hardware_i2c/i2c.c.obj
LOAD C:\Users\01\AppData\Local\Temp\cca0LhCQ.o
LOAD C:/Users/01/.pico-sdk/toolchain/13_3_Rel1/bin/../lib/gcc/arm-none-eabi/13.3.1/thumb/v6-m/nofp\libstdc++.a
LOAD C:/Users/01/.pico-sdk/toolchain/13_3_Rel1/bin/../lib/gcc/arm-none-eabi/13.3.1/thumb/v6-m/nofp\libm.a
START GROUP
LOAD C:/Users/01/.pico-sdk/toolchain/13_3_Rel1/bin/../lib/gcc/arm-none-eabi/13.3.1/thumb/v6-m/nofp\libgcc.a
LOAD C:/Users/01/.pico-sdk/toolchain/13_3_Rel1/bin/../lib/gcc/arm-none-eabi/13.3.1/thumb/v6-m/nofp\libc.a
END GROUP
START GROUP
LOAD C:/Users/01/.pico-sdk/toolchain/13_3_Rel1/bin/../lib/gcc/arm-none-eabi/13.3.1/thumb/v6-m/nofp\libgcc.a
LOAD C:/Users/01/.pico-sdk/toolchain/13_3_Rel1/bin/../lib/gcc/arm-none-eabi/13.3.1/thumb/v6-m/nofp\libc.a
LOAD C:/Users/01/.pico-sdk/toolchain/13_3_Rel1/bin/../lib/gcc/arm-none-eabi/13.3.1/thumb/v6-m/nofp\libnosys.a
END GROUP
LOAD C:/Users/01/.pico-sdk/toolchain/13_3_Rel1/bin/../lib/gcc/arm-none-eabi/13.3.1/thumb/v6-m/nofp/crtend.o
LOAD C:/Users/01/.pico-sdk/toolchain/13_3_Rel1/bin/../lib/gcc/arm-none-eabi/13.3.1/thumb/v6-m/nofp/crtn.o
OUTPUT(luminosidade.elf elf32-littlearm)
LOAD linker stubs

.ARM.attributes
                0x00000000       0x28
 .ARM.attributes
                0x00000000       0x1e C:/Users/01/.pico-sdk/toolchain/13_3_Rel1/bin/../lib/gcc/arm-none-eabi/13.3.1/thumb/v6-m/nofp/crti.o
 .ARM.attributes
                0x0000001e       0x2c C:/Users/01/.pico-sdk/toolchain/13_3_Rel1/bin/../lib/gcc/arm-none-eabi/13.3.1/thumb/v6-m/nofp/crtbegin.o
 .ARM.attributes
                0x0000004a       0x2c CMakeFiles/luminosidade.dir/sensor_de_luminosidade.c.obj
 .ARM.attributes
                0x00000076       0x2c CMakeFiles/luminosidade.dir/C_/Users/01/.pico-sdk/sdk/1.5.1/src/rp2_common/hardware_gpio/gpio.c.obj
 .ARM.attributes
                0x000000a2       0x2c CMakeFiles/luminosidade.dir/C_/Users/01/.pico-sdk/sdk/1.5.1/src/rp2_common/pico_platform/platform.c.obj
 .ARM.attributes
                0x000000ce       0x2c CMakeFiles/luminosidade.dir/C_/Users/01/.pico-sdk/sdk/1.5.1/src/rp2_common/hardware_claim/claim.c.obj
 .ARM.attributes
                0x000000fa       0x2c CMakeFiles/luminosidade.dir/C_/Users/01/.pico-sdk/sdk/1.5.1/src/rp2_common/hardware_sync/sync.c.obj
 .ARM.attributes
                0x00000126       0x2c CMakeFiles/luminosidade.dir/C_/Users/01/.pico-sdk/sdk/1.5.1/src/rp2_common/hardware_irq/irq.c.obj
 .ARM.attributes
                0x00000152       0x22 CMakeFiles/luminosidade.dir/C_/Users/01/.pico-sdk/sdk/1.5.1/src/rp2_common/hardware_irq/irq_handler_chain.S.obj
 .ARM.attributes
                0x00000174       0x2c CMakeFiles/luminosidade.dir/C_/Users/01/.pico-sdk/sdk/1.5.1/src/common/pico_sync/lock_core.c.obj
 .ARM.attributes
                0x000001a0       0x2c CMakeFiles/luminosidade.dir/C_/Users/01/.pico-sdk/sdk/1.5.1/src/common/pico_sync/mutex.c.obj
 .ARM.attributes
                0x000001cc       0x2c CMakeFiles/luminosidade.dir/C_/Users/01/.pico-sdk/sdk/1.5.1/src/common/pico_sync/critical_section.c.obj
 .ARM.attributes
                0x000001f8       0x2c CMakeFiles/luminosidade.dir/C_/Users/01/.pico-sdk/sdk/1.5.1/src/common/pico_time/time.c.obj
 .ARM.attributes
                0x00000224       0x2c CMakeFiles/luminosidade.dir/C_/Users/01/.pico-sdk/sdk/1.5.1/src/rp2_common/hardware_timer/timer.c.obj
 .ARM.attributes
                0x00000250       0x2c CMakeFiles/luminosidade.dir/C_/Users/01/.pico-sdk/sdk/1.5.1/src/common/pico_util/pheap.c.obj
 .ARM.attributes
                0x0000027c       0x2c CMakeFiles/luminosidade.dir/C_/Users/01/.pico-sdk/sdk/1.5.1/src/rp2_common/hardware_clocks/clocks.c.obj
 .ARM.attributes
                0x000002a8       0x2c CMakeFiles/luminosidade.dir/C_/Users/01/.pico-sdk/sdk/1.5.1/src/rp2_common/hardware_pll/pll.c.obj
 .ARM.attributes
                0x000002d4       0x2c CMakeFiles/luminosidade.dir/C_/Users/01/.pico-sdk/sdk/1.5.1/src/rp2_common/hardware_watchdog/watchdog.c.obj
 .ARM.attributes
                0x00000300       0x2c CMakeFiles/luminosidade.dir/C_/Users/01/.pico-sdk/sdk/1.5.1/src/rp2_common/hardware_xosc/xosc.c.obj
 .ARM.attributes
                0x0000032c       0x2c CMakeFiles/luminosidade.dir/C_/Users/01/.pico-sdk/sdk/1.5.1/src/rp2_common/pico_runtime/runtime.c.obj
 .ARM.attributes
                0x00000358       0x2c CMakeFiles/luminosidade.dir/C_/Users/01/.pico-sdk/sdk/1.5.1/src/rp2_common/pico_printf/printf.c.obj
 .ARM.attributes
                0x00000384       0x22 CMakeFiles/luminosidade.dir/C_/Users/01/.pico-sdk/sdk/1.5.1/src/rp2_common/pico_bit_ops/bit_ops_aeabi.S.obj
 .ARM.attributes
                0x000003a6       0x2c CMakeFiles/luminosidade.dir/C_/Users/01/.pico-sdk/sdk/1.5.1/src/rp2_common/pico_bootrom/bootrom.c.obj
 .ARM.attributes
                0x000003d2       0x22 CMakeFiles/luminosidade.dir/C_/Users/01/.pico-sdk/sdk/1.5.1/src/rp2_common/pico_divider/divider.S.obj
 .ARM.attributes
                0x000003f4       0x22 CMakeFiles/luminosidade.dir/C_/Users/01/.pico-sdk/sdk/1.5.1/src/rp2_common/pico_double/double_aeabi.S.obj
 .ARM.attributes
                0x00000416       0x2c CMakeFiles/luminosidade.dir/C_/Users/01/.pico-sdk/sdk/1.5.1/src/rp2_common/pico_double/double_init_rom.c.obj
 .ARM.attributes
                0x00000442       0x22 CMakeFiles/luminosidade.dir/C_/Users/01/.pico-sdk/sdk/1.5.1/src/rp2_common/pico_double/double_v1_rom_shim.S.obj
 .ARM.attributes
                0x00000464       0x22 CMakeFiles/luminosidade.dir/C_/Users/01/.pico-sdk/sdk/1.5.1/src/rp2_common/pico_int64_ops/pico_int64_ops_aeabi.S.obj
 .ARM.attributes
                0x00000486       0x22 CMakeFiles/luminosidade.dir/C_/Users/01/.pico-sdk/sdk/1.5.1/src/rp2_common/pico_float/float_aeabi.S.obj
 .ARM.attributes
                0x000004a8       0x2c CMakeFiles/luminosidade.dir/C_/Users/01/.pico-sdk/sdk/1.5.1/src/rp2_common/pico_float/float_init_rom.c.obj
 .ARM.attributes
                0x000004d4       0x22 CMakeFiles/luminosidade.dir/C_/Users/01/.pico-sdk/sdk/1.5.1/src/rp2_common/pico_mem_ops/mem_ops_aeabi.S.obj
 .ARM.attributes
                0x000004f6       0x22 CMakeFiles/luminosidade.dir/C_/Users/01/.pico-sdk/sdk/1.5.1/src/rp2_common/pico_standard_link/crt0.S.obj
 .ARM.attributes
                0x00000518       0x2c CMakeFiles/luminosidade.dir/C_/Users/01/.pico-sdk/sdk/1.5.1/src/rp2_common/pico_standard_link/binary_info.c.obj
 .ARM.attributes
                0x00000544       0x2c CMakeFiles/luminosidade.dir/C_/Users/01/.pico-sdk/sdk/1.5.1/src/rp2_common/pico_stdio/stdio.c.obj
 .ARM.attributes
                0x00000570       0x2c CMakeFiles/luminosidade.dir/C_/Users/01/.pico-sdk/sdk/1.5.1/src/rp2_common/pico_stdio_usb/reset_interface.c.obj
 .ARM.attributes
                0x0000059c       0x2c CMakeFiles/luminosidade.dir/C_/Users/01/.pico-sdk/sdk/1.5.1/src/rp2_common/pico_stdio_usb/stdio_usb.c.obj
 .ARM.attributes
                0x000005c8       0x2c CMakeFiles/luminosidade.dir/C_/Users/01/.pico-sdk/sdk/1.5.1/src/rp2_common/pico_stdio_usb/stdio_usb_descriptors.c.obj
 .ARM.attributes
                0x000005f4       0x2c CMakeFiles/luminosidade.dir/C_/Users/01/.pico-sdk/sdk/1.5.1/src/rp2_common/pico_unique_id/unique_id.c.obj
 .ARM.attributes
                0x00000620       0x2c CMakeFiles/luminosidade.dir/C_/Users/01/.pico-sdk/sdk/1.5.1/src/rp2_common/hardware_flash/flash.c.obj
 .ARM.attributes
                0x0000064c       0x2c CMakeFiles/luminosidade.dir/C_/Users/01/.pico-sdk/sdk/1.5.1/lib/tinyusb/src/portable/raspberrypi/rp2040/dcd_rp2040.c.obj
 .ARM.attributes