Archive member included to satisfy reference by file (symbol)

C:/Users/CARLIN~1/PICO-S~1/TOOLCH~1/14_2_R~1/bin/../lib/gcc/arm-none-eabi/14.2.1/thumb/v6-m/nofp\libgcc.a(_dvmd_tls.o)
                              CMakeFiles/Humidade_e_Temp.dir/C_/Users/Carlinhos_Fernandin/.pico-sdk/sdk/2.1.1/src/rp2_common/pico_divider/divider_hardware.S.obj (__aeabi_idiv0)
C:/Users/CARLIN~1/PICO-S~1/TOOLCH~1/14_2_R~1/bin/../lib/gcc/arm-none-eabi/14.2.1/thumb/v6-m/nofp\libg.a(libc_a-calloc.o)
                              CMakeFiles/Humidade_e_Temp.dir/C_/Users/Carlinhos_Fernandin/.pico-sdk/sdk/2.1.1/src/rp2_common/pico_malloc/malloc.c.obj (calloc)
C:/Users/CARLIN~1/PICO-S~1/TOOLCH~1/14_2_R~1/bin/../lib/gcc/arm-none-eabi/14.2.1/thumb/v6-m/nofp\libg.a(libc_a-callocr.o)
                              C:/Users/CARLIN~1/PICO-S~1/TOOLCH~1/14_2_R~1/bin/../lib/gcc/arm-none-eabi/14.2.1/thumb/v6-m/nofp\libg.a(libc_a-calloc.o) (_calloc_r)
C:/Users/CARLIN~1/PICO-S~1/TOOLCH~1/14_2_R~1/bin/../lib/gcc/arm-none-eabi/14.2.1/thumb/v6-m/nofp\libg.a(libc_a-malloc.o)
                              CMakeFiles/Humidade_e_Temp.dir/C_/Users/Carlinhos_Fernandin/.pico-sdk/sdk/2.1.1/src/rp2_common/pico_malloc/malloc.c.obj (malloc)
C:/Users/CARLIN~1/PICO-S~1/TOOLCH~1/14_2_R~1/bin/../lib/gcc/arm-none-eabi/14.2.1/thumb/v6-m/nofp\libg.a(libc_a-mallocr.o)
                              C:/Users/CARLIN~1/PICO-S~1/TOOLCH~1/14_2_R~1/bin/../lib/gcc/arm-none-eabi/14.2.1/thumb/v6-m/nofp\libg.a(libc_a-callocr.o) (_malloc_r)
C:/Users/CARLIN~1/PICO-S~1/TOOLCH~1/14_2_R~1/bin/../lib/gcc/arm-none-eabi/14.2.1/thumb/v6-m/nofp\libg.a(libc_a-mlock.o)
                              C:/Users/CARLIN~1/PICO-S~1/TOOLCH~1/14_2_R~1/bin/../lib/gcc/arm-none-eabi/14.2.1/thumb/v6-m/nofp\libg.a(libc_a-mallocr.o) (__malloc_lock)
C:/Users/CARLIN~1/PICO-S~1/TOOLCH~1/14_2_R~1/bin/../lib/gcc/arm-none-eabi/14.2.1/thumb/v6-m/nofp\libg.a(libc_a-realloc.o)
                              CMakeFiles/Humidade_e_Temp.dir/C_/Users/Carlinhos_Fernandin/.pico-sdk/sdk/2.1.1/src/rp2_common/pico_malloc/malloc.c.obj (realloc)
C:/Users/CARLIN~1/PICO-S~1/TOOLCH~1/14_2_R~1/bin/../lib/gcc/arm-none-eabi/14.2.1/thumb/v6-m/nofp\libg.a(libc_a-reallocr.o)
                              C:/Users/CARLIN~1/PICO-S~1/TOOLCH~1/14_2_R~1/bin/../lib/gcc/arm-none-eabi/14.2.1/thumb/v6-m/nofp\libg.a(libc_a-realloc.o) (_realloc_r)
C:/Users/CARLIN~1/PICO-S~1/TOOLCH~1/14_2_R~1/bin/../lib/gcc/arm-none-eabi/14.2.1/thumb/v6-m/nofp\libg.a(libc_a-ctype_.o)
                              CMakeFiles/Humidade_e_Temp.dir/inc/ssd1306_i2c.c.obj (_ctype_)
C:/Users/CARLIN~1/PICO-S~1/TOOLCH~1/14_2_R~1/bin/../lib/gcc/arm-none-eabi/14.2.1/thumb/v6-m/nofp\libg.a(libc_a-memcmp.o)
                              CMakeFiles/Humidade_e_Temp.dir/C_/Users/Carlinhos_Fernandin/.pico-sdk/sdk/2.1.1/src/rp2_common/pico_atomic/atomic.c.obj (memcmp)
C:/Users/CARLIN~1/PICO-S~1/TOOLCH~1/14_2_R~1/bin/../lib/gcc/arm-none-eabi/14.2.1/thumb/v6-m/nofp\libg.a(libc_a-memmove.o)
                              C:/Users/CARLIN~1/PICO-S~1/TOOLCH~1/14_2_R~1/bin/../lib/gcc/arm-none-eabi/14.2.1/thumb/v6-m/nofp\libg.a(libc_a-reallocr.o) (memmove)
C:/Users/CARLIN~1/PICO-S~1/TOOLCH~1/14_2_R~1/bin/../lib/gcc/arm-none-eabi/14.2.1/thumb/v6-m/nofp\libg.a(libc_a-lcltime_r.o)
                              CMakeFiles/Humidade_e_Temp.dir/C_/Users/Carlinhos_Fernandin/.pico-sdk/sdk/2.1.1/src/common/pico_util/datetime.c.obj (localtime_r)
C:/Users/CARLIN~1/PICO-S~1/TOOLCH~1/14_2_R~1/bin/../lib/gcc/arm-none-eabi/14.2.1/thumb/v6-m/nofp\libg.a(libc_a-mktime.o)
                              CMakeFiles/Humidade_e_Temp.dir/C_/Users/Carlinhos_Fernandin/.pico-sdk/sdk/2.1.1/src/common/pico_util/datetime.c.obj (mktime)
C:/Users/CARLIN~1/PICO-S~1/TOOLCH~1/14_2_R~1/bin/../lib/gcc/arm-none-eabi/14.2.1/thumb/v6-m/nofp\libg.a(libc_a-month_lengths.o)
                              C:/Users/CARLIN~1/PICO-S~1/TOOLCH~1/14_2_R~1/bin/../lib/gcc/arm-none-eabi/14.2.1/thumb/v6-m/nofp\libg.a(libc_a-lcltime_r.o) (__month_lengths)
C:/Users/CARLIN~1/PICO-S~1/TOOLCH~1/14_2_R~1/bin/../lib/gcc/arm-none-eabi/14.2.1/thumb/v6-m/nofp\libg.a(libc_a-tzcalc_limits.o)
                              C:/Users/CARLIN~1/PICO-S~1/TOOLCH~1/14_2_R~1/bin/../lib/gcc/arm-none-eabi/14.2.1/thumb/v6-m/nofp\libg.a(libc_a-lcltime_r.o) (__tzcalc_limits)
C:/Users/CARLIN~1/PICO-S~1/TOOLCH~1/14_2_R~1/bin/../lib/gcc/arm-none-eabi/14.2.1/thumb/v6-m/nofp\libg.a(libc_a-tzlock.o)
                              C:/Users/CARLIN~1/PICO-S~1/TOOLCH~1/14_2_R~1/bin/../lib/gcc/arm-none-eabi/14.2.1/thumb/v6-m/nofp\libg.a(libc_a-lcltime_r.o) (__tz_lock)
C:/Users/CARLIN~1/PICO-S~1/TOOLCH~1/14_2_R~1/bin/../lib/gcc/arm-none-eabi/14.2.1/thumb/v6-m/nofp\libg.a(libc_a-tzset.o)
                              C:/Users/CARLIN~1/PICO-S~1/TOOLCH~1/14_2_R~1/bin/../lib/gcc/arm-none-eabi/14.2.1/thumb/v6-m/nofp\libg.a(libc_a-lcltime_r.o) (_tzset_unlocked)
C:/Users/CARLIN~1/PICO-S~1/TOOLCH~1/14_2_R~1/bin/../lib/gcc/arm-none-eabi/14.2.1/thumb/v6-m/nofp\libg.a(libc_a-tzset_r.o)
[...]
Memory Configuration

Name             Origin             Length             Attributes
FLASH            0x10000000         0x00200000         xr
RAM              0x20000000         0x00040000         xrw
SCRATCH_X        0x20040000         0x00001000         xrw
SCRATCH_Y        0x20041000         0x00001000         xrw
*default*        0x00000000         0xffffffff

Linker script and memory map

LOAD C:/Users/CARLIN~1/PICO-S~1/TOOLCH~1/14_2_R~1/bin/../lib/gcc/arm-none-eabi/14.2.1/thumb/v6-m/nofp/crti.o
LOAD C:/Users/CARLIN~1/PICO-S~1/TOOLCH~1/14_2_R~1/bin/../lib/gcc/arm-none-eabi/14.2.1/thumb/v6-m/nofp/crtbegin.o
LOAD C:/Users/CARLIN~1/PICO-S~1/TOOLCH~1/14_2_R~1/bin/../lib/gcc/arm-none-eabi/14.2.1/thumb/v6-m/nofp/crt0.o

.flash_begin    0x10000000        0x0
                0x10000000                        __flash_binary_start = .

.boot2          0x10000000      0x100
                0x10000000                        __boot2_start__ = .
 *(.boot2)
 .boot2         0x10000000      0x100 pico-sdk/src/rp2040/boot_stage2/CMakeFiles/bs2_default_library.dir/./bs2_default_padded_checksummed.S.obj
                0x10000100                        __boot2_end__ = .
                0x00000001                        ASSERT (((__boot2_end__ - __boot2_start__) == 0x100), ERROR: Pico second stage bootloader must be 256 bytes in size)

.text           0x10000100     0x799c
                0x10000100                        __logical_binary_start = .
 *(.vectors)
 .vectors       0x10000100       0xd4 CMakeFiles/Humidade_e_Temp.dir/C_/Users/Carlinhos_Fernandin/.pico-sdk/sdk/2.1.1/src/rp2_common/pico_crt0/crt0.S.obj
                0x10000100                __VECTOR_TABLE
                0x10000100                __vectors
                0x100001c0                isr_invalid
                0x100001c0                __default_isrs_start
                0x100001c2                isr_nmi
                0x100001c4                isr_hardfault
                0x100001c6                isr_svcall
                0x100001c8                isr_pendsv
                0x100001ca                isr_systick
                0x100001cc                isr_irq23
                0x100001cc                isr_irq18
                0x100001cc                isr_irq11
                0x100001cc                isr_irq28
                0x100001cc                isr_irq19
                0x100001cc                isr_irq0
                0x100001cc                isr_irq6
                0x100001cc                isr_irq5
                0x100001cc                isr_irq12
                0x100001cc                isr_irq22
                0x100001cc                isr_irq31
                0x100001cc                isr_irq17
                0x100001cc                isr_irq27
                0x100001cc                isr_irq30
                0x100001cc                isr_irq2
                0x100001cc                isr_irq10
                0x100001cc                isr_irq8
                0x100001cc                isr_irq24
                0x100001cc                isr_irq1
                0x100001cc                isr_irq7
                0x100001cc                isr_irq21
                0x100001cc                isr_irq20
                0x100001cc                isr_irq15
                0x100001cc                isr_irq25
                0x100001cc                isr_irq13
                0x100001cc                __unhandled_user_irq
                0x100001cc                isr_irq4
                0x100001cc                isr_irq16
                0x100001cc                isr_irq29
                0x100001cc                isr_irq26
                0x100001cc                __default_isrs_end
                0x100001cc                isr_irq3
                0x100001cc                isr_irq14
                0x100001cc                isr_irq9
                0x100001d2                unhandled_user_irq_num_in_r0
 *(.binary_info_header)
 .binary_info_header
                0x100001d4       0x14 CMakeFiles/Humidade_e_Temp.dir/C_/Users/Carlinhos_Fernandin/.pico-sdk/sdk/2.1.1/src/rp2_common/pico_crt0/crt0.S.obj
                0x100001e8                        __binary_info_header_end = .
 *(.embedded_block)
                0x100001e8                        __embedded_block_end = .
 *(.reset)
 .reset         0x100001e8       0x9c CMakeFiles/Humidade_e_Temp.dir/C_/Users/Carlinhos_Fernandin/.pico-sdk/sdk/2.1.1/src/rp2_common/pico_crt0/crt0.S.obj
                0x100001e8                _entry_point
 *(.init)
 .init          0x10000284        0x4 C:/Users/CARLIN~1/PICO-S~1/TOOLCH~1/14_2_R~1/bin/../lib/gcc/arm-none-eabi/14.2.1/thumb/v6-m/nofp/crti.o
                0x10000284                _init
 *(EXCLUDE_FILE(*libm.a: *libc.a:*lib_a-mem*.o *libgcc.a:) .text*)
 .text.register_tm_clones
                0x10000288       0x28 C:/Users/CARLIN~1/PICO-S~1/TOOLCH~1/14_2_R~1/bin/../lib/gcc/arm-none-eabi/14.2.1/thumb/v6-m/nofp/crtbegin.o
 .text.frame_dummy
                0x100002b0       0x24 C:/Users/CARLIN~1/PICO-S~1/TOOLCH~1/14_2_R~1/bin/../lib/gcc/arm-none-eabi/14.2.1/thumb/v6-m/nofp/crtbegin.o
 .text.aht10_init
                0x100002d4       0xd0 CMakeFiles/Humidade_e_Temp.dir/Humidade_e_Temp.c.obj
                0x100002d4                aht10_init
 .text.aht10_read_data
                0x100003a4       0xcc CMakeFiles/Humidade_e_Temp.dir/Humidade_e_Temp.c.obj
                0x100003a4                aht10_read_data
 .text.init_oled
                0x10000470       0x64 CMakeFiles/Humidade_e_Temp.dir/Humidade_e_Temp.c.obj
                0x10000470                init_oled
 .text.clear_oled_display
                0x100004d4       0x24 CMakeFiles/Humidade_e_Temp.dir/Humidade_e_Temp.c.obj
                0x100004d4                clear_oled_display
 .text.startup.main
                0x100004f8      0x3b0 CMakeFiles/Humidade_e_Temp.dir/Humidade_e_Temp.c.obj
                0x100004f8                main
 .text.calculate_render_area_buffer_length
                0x100008a8       0x18 CMakeFiles/Humidade_e_Temp.dir/inc/ssd1306_i2c.c.obj
                0x100008a8                calculate_render_area_buffer_length
 .text.ssd1306_init
                0x100008c0       0x58 CMakeFiles/Humidade_e_Temp.dir/inc/ssd1306_i2c.c.obj
                0x100008c0                ssd1306_init
 .text.render_on_display
                0x10000918       0x98 CMakeFiles/Humidade_e_Temp.dir/inc/ssd1306_i2c.c.obj
                0x10000918                render_on_display
 .text.ssd1306_draw_string
                0x100009b0       0xd8 CMakeFiles/Humidade_e_Temp.dir/inc/ssd1306_i2c.c.obj
                0x100009b0                ssd1306_draw_string
 .text.gpio_set_function
                0x10000a88       0x34 CMakeFiles/Humidade_e_Temp.dir/C_/Users/Carlinhos_Fernandin/.pico-sdk/sdk/2.1.1/src/rp2_common/hardware_gpio/gpio.c.obj
                0x10000a88                gpio_set_function
 .text.gpio_set_pulls
                0x10000abc       0x28 CMakeFiles/Humidade_e_Temp.dir/C_/Users/Carlinhos_Fernandin/.pico-sdk/sdk/2.1.1/src/rp2_common/hardware_gpio/gpio.c.obj
                0x10000abc                gpio_set_pulls
 .text.rp2040_chip_version
                0x10000ae4        0xc CMakeFiles/Humidade_e_Temp.dir/C_/Users/Carlinhos_Fernandin/.pico-sdk/sdk/2.1.1/src/rp2040/pico_platform/platform.c.obj
                0x10000ae4                rp2040_chip_version
 .text.panic    0x10000af0       0x30 CMakeFiles/Humidade_e_Temp.dir/C_/Users/Carlinhos_Fernandin/.pico-sdk/sdk/2.1.1/src/rp2_common/pico_platform_panic/panic.c.obj
                0x10000af0                panic
 .text.hw_claim_or_assert
                0x10000b20       0x44 CMakeFiles/Humidade_e_Temp.dir/C_/Users/Carlinhos_Fernandin/.pico-sdk/sdk/2.1.1/src/common/hardware_claim/claim.c.obj
                0x10000b20                hw_claim_or_assert
 .text.hw_claim_unused_from_range
                0x10000b64       0x88 CMakeFiles/Humidade_e_Temp.dir/C_/Users/Carlinhos_Fernandin/.pico-sdk/sdk/2.1.1/src/common/hardware_claim/claim.c.obj
                0x10000b64                hw_claim_unused_from_range
 .text.next_striped_spin_lock_num
                0x10000bec       0x18 CMakeFiles/Humidade_e_Temp.dir/C_/Users/Carlinhos_Fernandin/.pico-sdk/sdk/2.1.1/src/rp2_common/hardware_sync/sync.c.obj
                0x10000bec                next_striped_spin_lock_num
 .text.spin_lock_claim_unused
                0x10000c04       0x24 CMakeFiles/Humidade_e_Temp.dir/C_/Users/Carlinhos_Fernandin/.pico-sdk/sdk/2.1.1/src/rp2_common/hardware_sync/sync.c.obj
                0x10000c04                spin_lock_claim_unused
 .text.spin_locks_reset
                0x10000c28       0x1c CMakeFiles/Humidade_e_Temp.dir/C_/Users/Carlinhos_Fernandin/.pico-sdk/sdk/2.1.1/src/rp2_common/hardware_sync_spin_lock/sync_spin_lock.c.obj
                0x10000c28                spin_locks_reset
 .text.runtime_init_per_core_irq_priorities
                0x10000c44       0x24 CMakeFiles/Humidade_e_Temp.dir/C_/Users/Carlinhos_Fernandin/.pico-sdk/sdk/2.1.1/src/rp2_common/hardware_irq/irq.c.obj
                0x10000c44                runtime_init_per_core_irq_priorities
 .text.irq_set_enabled
                0x10000c68       0x24 CMakeFiles/Humidade_e_Temp.dir/C_/Users/Carlinhos_Fernandin/.pico-sdk/sdk/2.1.1/src/rp2_common/hardware_irq/irq.c.obj
                0x10000c68                irq_set_enabled
 .text.irq_is_enabled
                0x10000c8c       0x18 CMakeFiles/Humidade_e_Temp.dir/C_/Users/Carlinhos_Fernandin/.pico-sdk/sdk/2.1.1/src/rp2_common/hardware_irq/irq.c.obj
                0x10000c8c                irq_is_enabled
 .text.irq_set_pending
                0x10000ca4       0x10 CMakeFiles/Humidade_e_Temp.dir/C_/Users/Carlinhos_Fernandin/.pico-sdk/sdk/2.1.1/src/rp2_common/hardware_irq/irq.c.obj
                0x10000ca4                irq_set_pending
 .text.irq_has_shared_handler
                0x10000cb4       0x24 CMakeFiles/Humidade_e_Temp.dir/C_/Users/Carlinhos_Fernandin/.pico-sdk/sdk/2.1.1/src/rp2_common/hardware_irq/irq.c.obj
                0x10000cb4                irq_has_shared_handler
 .text.irq_set_exclusive_handler
                0x10000cd8       0x54 CMakeFiles/Humidade_e_Temp.dir/C_/Users/Carlinhos_Fernandin/.pico-sdk/sdk/2.1.1/src/rp2_common/hardware_irq/irq.c.obj
                0x10000cd8                irq_set_exclusive_handler
 .text.irq_add_shared_handler
                0x10000d2c      0x1f4 CMakeFiles/Humidade_e_Temp.dir/C_/Users/Carlinhos_Fernandin/.pico-sdk/sdk/2.1.1/src/rp2_common/hardware_irq/irq.c.obj
                0x10000d2c                irq_add_shared_handler
 .text.irq_add_tail_to_free_list
                0x10000f20       0xb4 CMakeFiles/Humidade_e_Temp.dir/C_/Users/Carlinhos_Fernandin/.pico-sdk/sdk/2.1.1/src/rp2_common/hardware_irq/irq.c.obj
                0x10000f20                irq_add_tail_to_free_list
 .text.user_irq_claim_unused
                0x10000fd4       0x2c CMakeFiles/Humidade_e_Temp.dir/C_/Users/Carlinhos_Fernandin/.pico-sdk/sdk/2.1.1/src/rp2_common/hardware_irq/irq.c.obj
                0x10000fd4                user_irq_claim_unused
 .text.lock_init
                0x10001000       0x10 CMakeFiles/Humidade_e_Temp.dir/C_/Users/Carlinhos_Fernandin/.pico-sdk/sdk/2.1.1/src/common/pico_sync/lock_core.c.obj
                0x10001000                lock_init
 .text.runtime_init_mutex
                0x10001010       0x50 CMakeFiles/Humidade_e_Temp.dir/C_/Users/Carlinhos_Fernandin/.pico-sdk/sdk/2.1.1/src/common/pico_sync/mutex.c.obj
                0x10001010                runtime_init_mutex
 .text.mutex_init
                0x10001060       0x1c CMakeFiles/Humidade_e_Temp.dir/C_/Users/Carlinhos_Fernandin/.pico-sdk/sdk/2.1.1/src/common/pico_sync/mutex.c.obj
                0x10001060                mutex_init
 .text.critical_section_init
                0x1000107c       0x1c CMakeFiles/Humidade_e_Temp.dir/C_/Users/Carlinhos_Fernandin/.pico-sdk/sdk/2.1.1/src/common/pico_sync/critical_section.c.obj
                0x1000107c                critical_section_init
 .text.critical_section_init_with_lock_num
                0x10001098       0x14 CMakeFiles/Humidade_e_Temp.dir/C_/Users/Carlinhos_Fernandin/.pico-sdk/sdk/2.1.1/src/common/pico_sync/critical_section.c.obj
                0x10001098                critical_section_init_with_lock_num
 .text.sleep_until_callback
                0x100010ac       0x30 CMakeFiles/Humidade_e_Temp.dir/C_/Users/Carlinhos_Fernandin/.pico-sdk/sdk/2.1.1/src/common/pico_time/time.c.obj
 .text.alarm_pool_irq_handler
                0x100010dc      0x300 CMakeFiles/Humidade_e_Temp.dir/C_/Users/Carlinhos_Fernandin/.pico-sdk/sdk/2.1.1/src/common/pico_time/time.c.obj
 .text.runtime_init_default_alarm_pool
                0x100013dc       0xdc CMakeFiles/Humidade_e_Temp.dir/C_/Users/Carlinhos_Fernandin/.pico-sdk/sdk/2.1.1/src/common/pico_time/time.c.obj
                0x100013dc                runtime_init_default_alarm_pool
 .text.alarm_pool_get_default
                0x100014b8        0x8 CMakeFiles/Humidade_e_Temp.dir/C_/Users/Carlinhos_Fernandin/.pico-sdk/sdk/2.1.1/src/common/pico_time/time.c.obj
                0x100014b8                alarm_pool_get_default
 .text.alarm_pool_add_alarm_at
                0x100014c0       0xd0 CMakeFiles/Humidade_e_Temp.dir/C_/Users/Carlinhos_Fernandin/.pico-sdk/sdk/2.1.1/src/common/pico_time/time.c.obj
                0x100014c0                alarm_pool_add_alarm_at
 .text.alarm_pool_add_alarm_at_force_in_context
                0x10001590       0xb0 CMakeFiles/Humidade_e_Temp.dir/C_/Users/Carlinhos_Fernandin/.pico-sdk/sdk/2.1.1/src/common/pico_time/time.c.obj
                0x10001590                alarm_pool_add_alarm_at_force_in_context
 .text.alarm_pool_cancel_alarm
                0x10001640       0x74 CMakeFiles/Humidade_e_Temp.dir/C_/Users/Carlinhos_Fernandin/.pico-sdk/sdk/2.1.1/src/common/pico_time/time.c.obj
                0x10001640                alarm_pool_cancel_alarm
 .text.alarm_pool_core_num
                0x100016b4        0x4 CMakeFiles/Humidade_e_Temp.dir/C_/Users/Carlinhos_Fernandin/.pico-sdk/sdk/2.1.1/src/common/pico_time/time.c.obj
                0x100016b4                alarm_pool_core_num
 .text.sleep_ms
                0x100016b8       0xfc CMakeFiles/Humidade_e_Temp.dir/C_/Users/Carlinhos_Fernandin/.pico-sdk/sdk/2.1.1/src/common/pico_time/time.c.obj
                0x100016b8                sleep_ms
 .text.best_effort_wfe_or_timeout
                0x100017b4      0x10c CMakeFiles/Humidade_e_Temp.dir/C_/Users/Carlinhos_Fernandin/.pico-sdk/sdk/2.1.1/src/common/pico_time/time.c.obj
                0x100017b4                best_effort_wfe_or_timeout
 .text.timer_hardware_alarm_claim
                0x100018c0       0x14 CMakeFiles/Humidade_e_Temp.dir/C_/Users/Carlinhos_Fernandin/.pico-sdk/sdk/2.1.1/src/rp2_common/hardware_timer/timer.c.obj
                0x100018c0                timer_hardware_alarm_claim
 .text.timer_time_us_64
                0x100018d4       0x10 CMakeFiles/Humidade_e_Temp.dir/C_/Users/Carlinhos_Fernandin/.pico-sdk/sdk/2.1.1/src/rp2_common/hardware_timer/timer.c.obj
                0x100018d4                timer_time_us_64
 .text.time_us_64
                0x100018e4       0x14 CMakeFiles/Humidade_e_Temp.dir/C_/Users/Carlinhos_Fernandin/.pico-sdk/sdk/2.1.1/src/rp2_common/hardware_timer/timer.c.obj
                0x100018e4                time_us_64
 .text.busy_wait_until
                0x100018f8       0x20 CMakeFiles/Humidade_e_Temp.dir/C_/Users/Carlinhos_Fernandin/.pico-sdk/sdk/2.1.1/src/rp2_common/hardware_timer/timer.c.obj
                0x100018f8                busy_wait_until
 .text.clock_configure_int_divider
                0x10001918       0xf4 CMakeFiles/Humidade_e_Temp.dir/C_/Users/Carlinhos_Fernandin/.pico-sdk/sdk/2.1.1/src/rp2_common/hardware_clocks/clocks.c.obj
                0x10001918                clock_configure_int_divider
 .text.clock_configure_undivided
                0x10001a0c       0xe8 CMakeFiles/Humidade_e_Temp.dir/C_/Users/Carlinhos_Fernandin/.pico-sdk/sdk/2.1.1/src/rp2_common/hardware_clocks/clocks.c.obj
                0x10001a0c                clock_configure_undivided
 .text.clock_get_hz
                0x10001af4        0xc CMakeFiles/Humidade_e_Temp.dir/C_/Users/Carlinhos_Fernandin/.pico-sdk/sdk/2.1.1/src/rp2_common/hardware_clocks/clocks.c.obj
                0x10001af4                clock_get_hz
 .text.pll_init
                0x10001b00       0xa4 CMakeFiles/Humidade_e_Temp.dir/C_/Users/Carlinhos_Fernandin/.pico-sdk/sdk/2.1.1/src/rp2_common/hardware_pll/pll.c.obj
                0x10001b00                pll_init
 .text.watchdog_reboot
                0x10001ba4       0x9c CMakeFiles/Humidade_e_Temp.dir/C_/Users/Carlinhos_Fernandin/.pico-sdk/sdk/2.1.1/src/rp2_common/hardware_watchdog/watchdog.c.obj
                0x10001ba4                watchdog_reboot
 .text.tick_start
                0x10001c40       0x10 CMakeFiles/Humidade_e_Temp.dir/C_/Users/Carlinhos_Fernandin/.pico-sdk/sdk/2.1.1/src/rp2_common/hardware_ticks/ticks.c.obj
                0x10001c40                tick_start
 .text.rom_func_lookup
                0x10001c50       0x10 CMakeFiles/Humidade_e_Temp.dir/C_/Users/Carlinhos_Fernandin/.pico-sdk/sdk/2.1.1/src/rp2_common/pico_bootrom/bootrom.c.obj
                0x10001c50                rom_func_lookup
 .text.rom_data_lookup
                0x10001c60       0x10 CMakeFiles/Humidade_e_Temp.dir/C_/Users/Carlinhos_Fernandin/.pico-sdk/sdk/2.1.1/src/rp2_common/pico_bootrom/bootrom.c.obj
                0x10001c60                rom_data_lookup
 .text.rom_funcs_lookup
                0x10001c70       0x44 CMakeFiles/Humidade_e_Temp.dir/C_/Users/Carlinhos_Fernandin/.pico-sdk/sdk/2.1.1/src/rp2_common/pico_bootrom/bootrom.c.obj
                0x10001c70                rom_funcs_lookup
 .text.rom_reset_usb_boot_extra
                0x10001cb4       0x24 CMakeFiles/Humidade_e_Temp.dir/C_/Users/Carlinhos_Fernandin/.pico-sdk/sdk/2.1.1/src/rp2_common/pico_bootrom/bootrom.c.obj
                0x10001cb4                rom_reset_usb_boot_extra
 .text.xosc_init
                0x10001cd8       0x28 CMakeFiles/Humidade_e_Temp.dir/C_/Users/Carlinhos_Fernandin/.pico-sdk/sdk/2.1.1/src/rp2_common/hardware_xosc/xosc.c.obj
                0x10001cd8                xosc_init
 .text.first_per_core_initializer
                0x10001d00        0x4 CMakeFiles/Humidade_e_Temp.dir/C_/Users/Carlinhos_Fernandin/.pico-sdk/sdk/2.1.1/src/rp2_common/pico_runtime/runtime.c.obj
 .text.hard_assertion_failure
                0x10001d04        0xc CMakeFiles/Humidade_e_Temp.dir/C_/Users/Carlinhos_Fernandin/.pico-sdk/sdk/2.1.1/src/rp2_common/pico_runtime/runtime.c.obj
                0x10001d04                hard_assertion_failure
 .text.runtime_run_initializers
                0x10001d10       0x28 CMakeFiles/Humidade_e_Temp.dir/C_/Users/Carlinhos_Fernandin/.pico-sdk/sdk/2.1.1/src/rp2_common/pico_runtime/runtime.c.obj
                0x10001d10                runtime_run_initializers
 .text.runtime_init_early_resets
                0x10001d38       0x2c CMakeFiles/Humidade_e_Temp.dir/C_/Users/Carlinhos_Fernandin/.pico-sdk/sdk/2.1.1/src/rp2_common/pico_runtime_init/runtime_init.c.obj
                0x10001d38                runtime_init_early_resets
 .text.runtime_init_usb_power_down
                0x10001d64       0x1c CMakeFiles/Humidade_e_Temp.dir/C_/Users/Carlinhos_Fernandin/.pico-sdk/sdk/2.1.1/src/rp2_common/pico_runtime_init/runtime_init.c.obj
                0x10001d64                runtime_init_usb_power_down
 .text.runtime_init_post_clock_resets
                0x10001d80       0x20 CMakeFiles/Humidade_e_Temp.dir/C_/Users/Carlinhos_Fernandin/.pico-sdk/sdk/2.1.1/src/rp2_common/pico_runtime_init/runtime_init.c.obj
                0x10001d80                runtime_init_post_clock_resets
 .text.runtime_init_rp2040_gpio_ie_disable
                0x10001da0       0x14 CMakeFiles/Humidade_e_Temp.dir/C_/Users/Carlinhos_Fernandin/.pico-sdk/sdk/2.1.1/src/rp2_common/pico_runtime_init/runtime_init.c.obj
                0x10001da0                runtime_init_rp2040_gpio_ie_disable
 .text.runtime_init_spin_locks_reset
                0x10001db4        0x8 CMakeFiles/Humidade_e_Temp.dir/C_/Users/Carlinhos_Fernandin/.pico-sdk/sdk/2.1.1/src/rp2_common/pico_runtime_init/runtime_init.c.obj
                0x10001db4                runtime_init_spin_locks_reset
 .text.runtime_init_install_ram_vector_table
                0x10001dbc       0x1c CMakeFiles/Humidade_e_Temp.dir/C_/Users/Carlinhos_Fernandin/.pico-sdk/sdk/2.1.1/src/rp2_common/pico_runtime_init/runtime_init.c.obj
                0x10001dbc                runtime_init_install_ram_vector_table
 .text.runtime_init_clocks
                0x10001dd8       0xd8 CMakeFiles/Humidade_e_Temp.dir/C_/Users/Carlinhos_Fernandin/.pico-sdk/sdk/2.1.1/src/rp2_common/pico_runtime_init/runtime_init_clocks.c.obj
                0x10001dd8                runtime_init_clocks
 .text          0x10001eb0       0x10 CMakeFiles/Humidade_e_Temp.dir/C_/Users/Carlinhos_Fernandin/.pico-sdk/sdk/2.1.1/src/rp2_common/pico_bit_ops/bit_ops_aeabi.S.obj
 .text.__wrap___aeabi_idiv
                0x10001ec0       0x50 CMakeFiles/Humidade_e_Temp.dir/C_/Users/Carlinhos_Fernandin/.pico-sdk/sdk/2.1.1/src/rp2_common/pico_divider/divider_hardware.S.obj
                0x10001ec0                __wrap___aeabi_idivmod
                0x10001ec0                divmod_s32s32
                0x10001ec0                div_s32s32
                0x10001ec0                __wrap___aeabi_idiv
                0x10001ec8                divmod_s32s32_unsafe
                0x10001ef4                divmod_s32s32_savestate
 .text.__wrap___aeabi_uidiv
                0x10001f10       0x4c CMakeFiles/Humidade_e_Temp.dir/C_/Users/Carlinhos_Fernandin/.pico-sdk/sdk/2.1.1/src/rp2_common/pico_divider/divider_hardware.S.obj
                0x10001f10                __wrap___aeabi_uidiv
                0x10001f10                __wrap___aeabi_uidivmod
                0x10001f10                div_u32u32
                0x10001f10                divmod_u32u32
                0x10001f18                divmod_u32u32_unsafe
                0x10001f40                divmod_u32u32_savestate
 .text.__wrap___aeabi_ldiv
                0x10001f5c      0x424 CMakeFiles/Humidade_e_Temp.dir/C_/Users/Carlinhos_Fernandin/.pico-sdk/sdk/2.1.1/src/rp2_common/pico_divider/divider_hardware.S.obj
                0x10001f5c                div_s64s64
                0x10001f5c                divmod_s64s64
                0x10001f5c                __wrap___aeabi_ldivmod
                0x10001f8c                divmod_u64u64
                0x10001f8c                div_u64u64
                0x10001f8c                __wrap___aeabi_uldivmod
                0x10001f9c                divmod_u64u64_savestate
                0x10001fbc                divmod_s64s64_unsafe
                0x10002044                divmod_u64u64_unsafe
 .text.__wrap___aeabi_darithmetic
                0x10002380       0x60 CMakeFiles/Humidade_e_Temp.dir/C_/Users/Carlinhos_Fernandin/.pico-sdk/sdk/2.1.1/src/rp2_common/pico_double/double_aeabi_rp2040.S.obj
                0x10002380                __wrap___aeabi_drsub
                0x10002386                __wrap___aeabi_dsub
                0x10002390                __wrap___aeabi_dadd
                0x1000239a                __wrap___aeabi_ddiv
                0x100023ce                __wrap___aeabi_dmul
 .text.__wrap___aeabi_cdcmple
                0x100023e0       0x6c CMakeFiles/Humidade_e_Temp.dir/C_/Users/Carlinhos_Fernandin/.pico-sdk/sdk/2.1.1/src/rp2_common/pico_double/double_aeabi_rp2040.S.obj
                0x100023e0                __wrap___aeabi_cdrcmple
                0x100023f0                __wrap___aeabi_cdcmpeq
                0x100023f0                __wrap___aeabi_cdcmple
 .text.__wrap___aeabi_dcmplt
                0x1000244c        0xc CMakeFiles/Humidade_e_Temp.dir/C_/Users/Carlinhos_Fernandin/.pico-sdk/sdk/2.1.1/src/rp2_common/pico_double/double_aeabi_rp2040.S.obj
                0x1000244c                __wrap___aeabi_dcmplt
 .text.__wrap___aeabi_dcmple
                0x10002458       0x10 CMakeFiles/Humidade_e_Temp.dir/C_/Users/Carlinhos_Fernandin/.pico-sdk/sdk/2.1.1/src/rp2_common/pico_double/double_aeabi_rp2040.S.obj
                0x10002458                __wrap___aeabi_dcmple
 .text.__wrap___aeabi_dcmpge
                0x10002468       0x10 CMakeFiles/Humidade_e_Temp.dir/C_/Users/Carlinhos_Fernandin/.pico-sdk/sdk/2.1.1/src/rp2_common/pico_double/double_aeabi_rp2040.S.obj
                0x10002468                __wrap___aeabi_dcmpge
 .text.__wrap___aeabi_dcmpgt
                0x10002478        0xa CMakeFiles/Humidade_e_Temp.dir/C_/Users/Carlinhos_Fernandin/.pico-sdk/sdk/2.1.1/src/rp2_common/pico_double/double_aeabi_rp2040.S.obj
                0x10002478                __wrap___aeabi_dcmpgt
 .text.__wrap___aeabi_dcmpun
                0x10002482       0x18 CMakeFiles/Humidade_e_Temp.dir/C_/Users/Carlinhos_Fernandin/.pico-sdk/sdk/2.1.1/src/rp2_common/pico_double/double_aeabi_rp2040.S.obj
                0x10002482                __wrap___aeabi_dcmpun
 *fill*         0x1000249a        0x2 
 .text.__wrap___aeabi_i2d
                0x1000249c       0x38 CMakeFiles/Humidade_e_Temp.dir/C_/Users/Carlinhos_Fernandin/.pico-sdk/sdk/2.1.1/src/rp2_common/pico_double/double_aeabi_rp2040.S.obj
                0x1000249c                uint2double
                0x1000249c                __wrap___aeabi_ui2d
                0x100024a4                int2double
                0x100024a4                __wrap___aeabi_i2d
 .text.__wrap___aeabi_d2iz
                0x100024d4       0x48 CMakeFiles/Humidade_e_Temp.dir/C_/Users/Carlinhos_Fernandin/.pico-sdk/sdk/2.1.1/src/rp2_common/pico_double/double_aeabi_rp2040.S.obj
                0x100024d4                double2int_z
                0x100024d4                __wrap___aeabi_d2iz
 .text.__wrap___aeabi_d2uiz
                0x1000251c       0x10 CMakeFiles/Humidade_e_Temp.dir/C_/Users/Carlinhos_Fernandin/.pico-sdk/sdk/2.1.1/src/rp2_common/pico_double/double_aeabi_rp2040.S.obj
                0x1000251c                double2uint
                0x1000251c                __wrap___aeabi_d2uiz
                0x1000251c                double2uint_z
 .text.missing_double_func_shim
                0x1000252c        0xc CMakeFiles/Humidade_e_Temp.dir/C_/Users/Carlinhos_Fernandin/.pico-sdk/sdk/2.1.1/src/rp2_common/pico_double/double_init_rom_rp2040.c.obj
 .text.__aeabi_double_init
                0x10002538       0xa0 CMakeFiles/Humidade_e_Temp.dir/C_/Users/Carlinhos_Fernandin/.pico-sdk/sdk/2.1.1/src/rp2_common/pico_double/double_init_rom_rp2040.c.obj
                0x10002538                __aeabi_double_init
 .text.double_table_shim_on_use_helper
                0x100025d8       0x2c CMakeFiles/Humidade_e_Temp.dir/C_/Users/Carlinhos_Fernandin/.pico-sdk/sdk/2.1.1/src/rp2_common/pico_double/double_v1_rom_shim_rp2040.S.obj
                0x100025d8                double_table_shim_on_use_helper
 .text.__aeabi_lmul
                0x10002604       0x32 CMakeFiles/Humidade_e_Temp.dir/C_/Users/Carlinhos_Fernandin/.pico-sdk/sdk/2.1.1/src/rp2_common/pico_int64_ops/pico_int64_ops_aeabi.S.obj
                0x10002604                __wrap___aeabi_lmul
 *fill*         0x10002636        0x2 
 .text.__wrap___aeabi_farithmetic
                0x10002638       0x48 CMakeFiles/Humidade_e_Temp.dir/C_/Users/Carlinhos_Fernandin/.pico-sdk/sdk/2.1.1/src/rp2_common/pico_float/float_aeabi_rp2040.S.obj
                0x10002638                __wrap___aeabi_frsub
                0x1000263e                __wrap___aeabi_fsub
                0x10002644                __wrap___aeabi_fadd
                0x1000264a                __wrap___aeabi_fdiv
                0x10002672                __wrap___aeabi_fmul
 .text.__wrap___aeabi_cfcmple
                0x10002680       0x50 CMakeFiles/Humidade_e_Temp.dir/C_/Users/Carlinhos_Fernandin/.pico-sdk/sdk/2.1.1/src/rp2_common/pico_float/float_aeabi_rp2040.S.obj
                0x10002680                __wrap___aeabi_cfrcmple
                0x1000268c                __wrap___aeabi_cfcmple
                0x1000268c                __wrap___aeabi_cfcmpeq
 .text.__wrap___aeabi_fcmplt
                0x100026d0        0xc CMakeFiles/Humidade_e_Temp.dir/C_/Users/Carlinhos_Fernandin/.pico-sdk/sdk/2.1.1/src/rp2_common/pico_float/float_aeabi_rp2040.S.obj
                0x100026d0                __wrap___aeabi_fcmplt
 .text.__wrap___aeabi_fcmple
                0x100026dc       0x10 CMakeFiles/Humidade_e_Temp.dir/C_/Users/Carlinhos_Fernandin/.pico-sdk/sdk/2.1.1/src/rp2_common/pico_float/float_aeabi_rp2040.S.obj
                0x100026dc                __wrap___aeabi_fcmple
 .text.__wrap___aeabi_fcmpge
                0x100026ec       0x10 CMakeFiles/Humidade_e_Temp.dir/C_/Users/Carlinhos_Fernandin/.pico-sdk/sdk/2.1.1/src/rp2_common/pico_float/float_aeabi_rp2040.S.obj
                0x100026ec                __wrap___aeabi_fcmpge
 .text.__wrap___aeabi_fcmpgt
                0x100026fc        0xa CMakeFiles/Humidade_e_Temp.dir/C_/Users/Carlinhos_Fernandin/.pico-sdk/sdk/2.1.1/src/rp2_common/pico_float/float_aeabi_rp2040.S.obj
                0x100026fc                __wrap___aeabi_fcmpgt
 .text.__wrap___aeabi_ui2f
                0x10002706        0xa CMakeFiles/Humidade_e_Temp.dir/C_/Users/Carlinhos_Fernandin/.pico-sdk/sdk/2.1.1/src/rp2_common/pico_float/float_aeabi_rp2040.S.obj
                0x10002706                __wrap___aeabi_ui2f
                0x10002706                uint2float
 .text.__wrap___aeabi_i2f
                0x10002710       0x44 CMakeFiles/Humidade_e_Temp.dir/C_/Users/Carlinhos_Fernandin/.pico-sdk/sdk/2.1.1/src/rp2_common/pico_float/float_aeabi_rp2040.S.obj
                0x10002710                __wrap___aeabi_i2f
                0x10002710                int2float
 .text.__wrap___aeabi_f2d
                0x10002754        0xc CMakeFiles/Humidade_e_Temp.dir/C_/Users/Carlinhos_Fernandin/.pico-sdk/sdk/2.1.1/src/rp2_common/pico_float/float_aeabi_rp2040.S.obj
                0x10002754                __wrap___aeabi_f2d
 .text.missing_float_func_shim
                0x10002760        0xc CMakeFiles/Humidade_e_Temp.dir/C_/Users/Carlinhos_Fernandin/.pico-sdk/sdk/2.1.1/src/rp2_common/pico_float/float_init_rom_rp2040.c.obj
 .text.__aeabi_float_init
                0x1000276c       0x5c CMakeFiles/Humidade_e_Temp.dir/C_/Users/Carlinhos_Fernandin/.pico-sdk/sdk/2.1.1/src/rp2_common/pico_float/float_init_rom_rp2040.c.obj
                0x1000276c                __aeabi_float_init
 .text.__wrap_malloc
                0x100027c8       0x24 CMakeFiles/Humidade_e_Temp.dir/C_/Users/Carlinhos_Fernandin/.pico-sdk/sdk/2.1.1/src/rp2_common/pico_malloc/malloc.c.obj
                0x100027c8                __wrap_malloc
 .text.__wrap_free
                0x100027ec        0x8 CMakeFiles/Humidade_e_Temp.dir/C_/Users/Carlinhos_Fernandin/.pico-sdk/sdk/2.1.1/src/rp2_common/pico_malloc/malloc.c.obj
                0x100027ec                __wrap_free
 .text          0x100027f4       0x10 CMakeFiles/Humidade_e_Temp.dir/C_/Users/Carlinhos_Fernandin/.pico-sdk/sdk/2.1.1/src/rp2_common/pico_mem_ops/mem_ops_aeabi.S.obj
                0x100027f4                __aeabi_mem_init
 .text.memset   0x10002804        0xc CMakeFiles/Humidade_e_Temp.dir/C_/Users/Carlinhos_Fernandin/.pico-sdk/sdk/2.1.1/src/rp2_common/pico_mem_ops/mem_ops_aeabi.S.obj
                0x10002804                __wrap_memset
 .text.memcpy   0x10002810        0xc CMakeFiles/Humidade_e_Temp.dir/C_/Users/Carlinhos_Fernandin/.pico-sdk/sdk/2.1.1/src/rp2_common/pico_mem_ops/mem_ops_aeabi.S.obj
                0x10002810                __wrap_memcpy
                0x10002810                __wrap___aeabi_memcpy
 .text._out_buffer
                0x1000281c        0x8 CMakeFiles/Humidade_e_Temp.dir/C_/Users/Carlinhos_Fernandin/.pico-sdk/sdk/2.1.1/src/rp2_common/pico_printf/printf.c.obj
 .text._out_null
                0x10002824        0x4 CMakeFiles/Humidade_e_Temp.dir/C_/Users/Carlinhos_Fernandin/.pico-sdk/sdk/2.1.1/src/rp2_common/pico_printf/printf.c.obj
 .text._out_rev
                0x10002828       0xac CMakeFiles/Humidade_e_Temp.dir/C_/Users/Carlinhos_Fernandin/.pico-sdk/sdk/2.1.1/src/rp2_common/pico_printf/printf.c.obj
 .text._ntoa_format
                0x100028d4      0x1cc CMakeFiles/Humidade_e_Temp.dir/C_/Users/Carlinhos_Fernandin/.pico-sdk/sdk/2.1.1/src/rp2_common/pico_printf/printf.c.obj
 .text._out_char
                0x10002aa0       0x10 CMakeFiles/Humidade_e_Temp.dir/C_/Users/Carlinhos_Fernandin/.pico-sdk/sdk/2.1.1/src/rp2_common/pico_printf/printf.c.obj
 .text._out_fct
                0x10002ab0       0x10 CMakeFiles/Humidade_e_Temp.dir/C_/Users/Carlinhos_Fernandin/.pico-sdk/sdk/2.1.1/src/rp2_common/pico_printf/printf.c.obj
 .text._ftoa    0x10002ac0      0x4a8 CMakeFiles/Humidade_e_Temp.dir/C_/Users/Carlinhos_Fernandin/.pico-sdk/sdk/2.1.1/src/rp2_common/pico_printf/printf.c.obj
 .text._etoa    0x10002f68      0x57c CMakeFiles/Humidade_e_Temp.dir/C_/Users/Carlinhos_Fernandin/.pico-sdk/sdk/2.1.1/src/rp2_common/pico_printf/printf.c.obj
 .text._vsnprintf
                0x100034e4      0xbe0 CMakeFiles/Humidade_e_Temp.dir/C_/Users/Carlinhos_Fernandin/.pico-sdk/sdk/2.1.1/src/rp2_common/pico_printf/printf.c.obj
 .text.__wrap_snprintf
                0x100040c4       0x28 CMakeFiles/Humidade_e_Temp.dir/C_/Users/Carlinhos_Fernandin/.pico-sdk/sdk/2.1.1/src/rp2_common/pico_printf/printf.c.obj
                0x100040c4                __wrap_snprintf
 .text.vfctprintf
                0x100040ec       0x24 CMakeFiles/Humidade_e_Temp.dir/C_/Users/Carlinhos_Fernandin/.pico-sdk/sdk/2.1.1/src/rp2_common/pico_printf/printf.c.obj
                0x100040ec                vfctprintf
 .text.weak_raw_vprintf
                0x10004110       0x30 CMakeFiles/Humidade_e_Temp.dir/C_/Users/Carlinhos_Fernandin/.pico-sdk/sdk/2.1.1/src/rp2_common/pico_printf/printf.c.obj
                0x10004110                weak_raw_vprintf
 .text._exit    0x10004140        0x4 CMakeFiles/Humidade_e_Temp.dir/C_/Users/Carlinhos_Fernandin/.pico-sdk/sdk/2.1.1/src/rp2_common/pico_clib_interface/newlib_interface.c.obj
                0x10004140                _exit
 .text._sbrk    0x10004144       0x34 CMakeFiles/Humidade_e_Temp.dir/C_/Users/Carlinhos_Fernandin/.pico-sdk/sdk/2.1.1/src/rp2_common/pico_clib_interface/newlib_interface.c.obj
                0x10004144                _sbrk
 .text.exit     0x10004178        0x8 CMakeFiles/Humidade_e_Temp.dir/C_/Users/Carlinhos_Fernandin/.pico-sdk/sdk/2.1.1/src/rp2_common/pico_clib_interface/newlib_interface.c.obj
                0x10004178                exit
 .text.runtime_init
                0x10004180       0x2c CMakeFiles/Humidade_e_Temp.dir/C_/Users/Carlinhos_Fernandin/.pico-sdk/sdk/2.1.1/src/rp2_common/pico_clib_interface/newlib_interface.c.obj
                0x10004180                runtime_init
 .text.stdio_out_chars_no_crlf
                0x100041ac       0x10 CMakeFiles/Humidade_e_Temp.dir/C_/Users/Carlinhos_Fernandin/.pico-sdk/sdk/2.1.1/src/rp2_common/pico_stdio/stdio.c.obj
 .text.stdio_out_chars_crlf
                0x100041bc       0xb0 CMakeFiles/Humidade_e_Temp.dir/C_/Users/Carlinhos_Fernandin/.pico-sdk/sdk/2.1.1/src/rp2_common/pico_stdio/stdio.c.obj
 .text.stdio_buffered_printer
                0x1000426c       0x64 CMakeFiles/Humidade_e_Temp.dir/C_/Users/Carlinhos_Fernandin/.pico-sdk/sdk/2.1.1/src/rp2_common/pico_stdio/stdio.c.obj
 .text.stdio_put_string
                0x100042d0       0xfc CMakeFiles/Humidade_e_Temp.dir/C_/Users/Carlinhos_Fernandin/.pico-sdk/sdk/2.1.1/src/rp2_common/pico_stdio/stdio.c.obj
                0x100042d0                stdio_put_string
 .text.stdio_set_driver_enabled
                0x100043cc       0x30 CMakeFiles/Humidade_e_Temp.dir/C_/Users/Carlinhos_Fernandin/.pico-sdk/sdk/2.1.1/src/rp2_common/pico_stdio/stdio.c.obj
                0x100043cc                stdio_set_driver_enabled
 .text.stdio_init_all
                0x100043fc        0x8 CMakeFiles/Humidade_e_Temp.dir/C_/Users/Carlinhos_Fernandin/.pico-sdk/sdk/2.1.1/src/rp2_common/pico_stdio/stdio.c.obj
                0x100043fc                stdio_init_all
 .text.__wrap_putchar
                0x10004404       0x94 CMakeFiles/Humidade_e_Temp.dir/C_/Users/Carlinhos_Fernandin/.pico-sdk/sdk/2.1.1/src/rp2_common/pico_stdio/stdio.c.obj
                0x10004404                __wrap_putchar
                0x10004404                stdio_putchar
 .text.__wrap_puts
                0x10004498       0x3c CMakeFiles/Humidade_e_Temp.dir/C_/Users/Carlinhos_Fernandin/.pico-sdk/sdk/2.1.1/src/rp2_common/pico_stdio/stdio.c.obj
                0x10004498                stdio_puts
                0x10004498                __wrap_puts
 .text.__wrap_vprintf
                0x100044d4       0xcc CMakeFiles/Humidade_e_Temp.dir/C_/Users/Carlinhos_Fernandin/.pico-sdk/sdk/2.1.1/src/rp2_common/pico_stdio/stdio.c.obj
                0x100044d4                stdio_vprintf
                0x100044d4                __wrap_vprintf
 .text.__wrap_printf
                0x100045a0       0x18 CMakeFiles/Humidade_e_Temp.dir/C_/Users/Carlinhos_Fernandin/.pico-sdk/sdk/2.1.1/src/rp2_common/pico_stdio/stdio.c.obj
                0x100045a0                __wrap_printf
                0x100045a0                stdio_printf
 .text.resetd_init
                0x100045b8        0x4 CMakeFiles/Humidade_e_Temp.dir/C_/Users/Carlinhos_Fernandin/.pico-sdk/sdk/2.1.1/src/rp2_common/pico_stdio_usb/reset_interface.c.obj
 .text.resetd_reset
                0x100045bc        0xc CMakeFiles/Humidade_e_Temp.dir/C_/Users/Carlinhos_Fernandin/.pico-sdk/sdk/2.1.1/src/rp2_common/pico_stdio_usb/reset_interface.c.obj
 .text.resetd_open
                0x100045c8       0x28 CMakeFiles/Humidade_e_Temp.dir/C_/Users/Carlinhos_Fernandin/.pico-sdk/sdk/2.1.1/src/rp2_common/pico_stdio_usb/reset_interface.c.obj
 .text.resetd_xfer_cb
                0x100045f0        0x4 CMakeFiles/Humidade_e_Temp.dir/C_/Users/Carlinhos_Fernandin/.pico-sdk/sdk/2.1.1/src/rp2_common/pico_stdio_usb/reset_interface.c.obj
 .text.resetd_control_xfer_cb
                0x100045f4       0x54 CMakeFiles/Humidade_e_Temp.dir/C_/Users/Carlinhos_Fernandin/.pico-sdk/sdk/2.1.1/src/rp2_common/pico_stdio_usb/reset_interface.c.obj
 .text.tud_descriptor_bos_cb
                0x10004648        0x8 CMakeFiles/Humidade_e_Temp.dir/C_/Users/Carlinhos_Fernandin/.pico-sdk/sdk/2.1.1/src/rp2_common/pico_stdio_usb/reset_interface.c.obj
                0x10004648                tud_descriptor_bos_cb
 .text.tud_vendor_control_xfer_cb
                0x10004650       0x34 CMakeFiles/Humidade_e_Temp.dir/C_/Users/Carlinhos_Fernandin/.pico-sdk/sdk/2.1.1/src/rp2_common/pico_stdio_usb/reset_interface.c.obj
                0x10004650                tud_vendor_control_xfer_cb
 .text.usbd_app_driver_get_cb
                0x10004684        0xc CMakeFiles/Humidade_e_Temp.dir/C_/Users/Carlinhos_Fernandin/.pico-sdk/sdk/2.1.1/src/rp2_common/pico_stdio_usb/reset_interface.c.obj
                0x10004684                usbd_app_driver_get_cb
 .text.tud_cdc_line_coding_cb
                0x10004690       0x2c CMakeFiles/Humidade_e_Temp.dir/C_/Users/Carlinhos_Fernandin/.pico-sdk/sdk/2.1.1/src/rp2_common/pico_stdio_usb/reset_interface.c.obj
                0x10004690                tud_cdc_line_coding_cb
 .text.stdio_usb_set_chars_available_callback
                0x100046bc       0x14 CMakeFiles/Humidade_e_Temp.dir/C_/Users/Carlinhos_Fernandin/.pico-sdk/sdk/2.1.1/src/rp2_common/pico_stdio_usb/stdio_usb.c.obj
                0x100046bc                stdio_usb_set_chars_available_callback
 .text.usb_irq  0x100046d0       0x10 CMakeFiles/Humidade_e_Temp.dir/C_/Users/Carlinhos_Fernandin/.pico-sdk/sdk/2.1.1/src/rp2_common/pico_stdio_usb/stdio_usb.c.obj
 .text.timer_task
                0x100046e0       0x64 CMakeFiles/Humidade_e_Temp.dir/C_/Users/Carlinhos_Fernandin/.pico-sdk/sdk/2.1.1/src/rp2_common/pico_stdio_usb/stdio_usb.c.obj
 .text.stdio_usb_in_chars
                0x10004744       0x8c CMakeFiles/Humidade_e_Temp.dir/C_/Users/Carlinhos_Fernandin/.pico-sdk/sdk/2.1.1/src/rp2_common/pico_stdio_usb/stdio_usb.c.obj
                0x10004744                stdio_usb_in_chars
 .text.stdio_usb_out_flush
                0x100047d0       0x4c CMakeFiles/Humidade_e_Temp.dir/C_/Users/Carlinhos_Fernandin/.pico-sdk/sdk/2.1.1/src/rp2_common/pico_stdio_usb/stdio_usb.c.obj
 .text.stdio_usb_out_chars
                0x1000481c      0x100 CMakeFiles/Humidade_e_Temp.dir/C_/Users/Carlinhos_Fernandin/.pico-sdk/sdk/2.1.1/src/rp2_common/pico_stdio_usb/stdio_usb.c.obj
 .text.low_priority_worker_irq
                0x1000491c       0xc8 CMakeFiles/Humidade_e_Temp.dir/C_/Users/Carlinhos_Fernandin/.pico-sdk/sdk/2.1.1/src/rp2_common/pico_stdio_usb/stdio_usb.c.obj
 .text.stdio_usb_init
                0x100049e4       0xe8 CMakeFiles/Humidade_e_Temp.dir/C_/Users/Carlinhos_Fernandin/.pico-sdk/sdk/2.1.1/src/rp2_common/pico_stdio_usb/stdio_usb.c.obj
                0x100049e4                stdio_usb_init
 .text.tud_descriptor_device_cb
                0x10004acc        0x8 CMakeFiles/Humidade_e_Temp.dir/C_/Users/Carlinhos_Fernandin/.pico-sdk/sdk/2.1.1/src/rp2_common/pico_stdio_usb/stdio_usb_descriptors.c.obj
                0x10004acc                tud_descriptor_device_cb
 .text.tud_descriptor_configuration_cb
                0x10004ad4        0x8 CMakeFiles/Humidade_e_Temp.dir/C_/Users/Carlinhos_Fernandin/.pico-sdk/sdk/2.1.1/src/rp2_common/pico_stdio_usb/stdio_usb_descriptors.c.obj
                0x10004ad4                tud_descriptor_configuration_cb
 .text.tud_descriptor_string_cb
                0x10004adc       0x78 CMakeFiles/Humidade_e_Temp.dir/C_/Users/Carlinhos_Fernandin/.pico-sdk/sdk/2.1.1/src/rp2_common/pico_stdio_usb/stdio_usb_descriptors.c.obj
                0x10004adc                tud_descriptor_string_cb
 .text.startup._retrieve_unique_id_on_boot
                0x10004b54       0x10 CMakeFiles/Humidade_e_Temp.dir/C_/Users/Carlinhos_Fernandin/.pico-sdk/sdk/2.1.1/src/rp2_common/pico_unique_id/unique_id.c.obj
 .text.pico_get_unique_board_id_string
                0x10004b64      0x1a8 CMakeFiles/Humidade_e_Temp.dir/C_/Users/Carlinhos_Fernandin/.pico-sdk/sdk/2.1.1/src/rp2_common/pico_unique_id/unique_id.c.obj
                0x10004b64                pico_get_unique_board_id_string
 .text.flash_get_unique_id
                0x10004d0c       0x3c CMakeFiles/Humidade_e_Temp.dir/C_/Users/Carlinhos_Fernandin/.pico-sdk/sdk/2.1.1/src/rp2_common/hardware_flash/flash.c.obj
                0x10004d0c                flash_get_unique_id
 .text.dcd_init
                0x10004d48       0x90 CMakeFiles/Humidade_e_Temp.dir/C_/Users/Carlinhos_Fernandin/.pico-sdk/sdk/2.1.1/lib/tinyusb/src/portable/raspberrypi/rp2040/dcd_rp2040.c.obj
                0x10004d48                dcd_init
 .text.dcd_int_enable
                0x10004dd8        0xc CMakeFiles/Humidade_e_Temp.dir/C_/Users/Carlinhos_Fernandin/.pico-sdk/sdk/2.1.1/lib/tinyusb/src/portable/raspberrypi/rp2040/dcd_rp2040.c.obj
                0x10004dd8                dcd_int_enable
 .text.dcd_set_address
                0x10004de4       0x14 CMakeFiles/Humidade_e_Temp.dir/C_/Users/Carlinhos_Fernandin/.pico-sdk/sdk/2.1.1/lib/tinyusb/src/portable/raspberrypi/rp2040/dcd_rp2040.c.obj
                0x10004de4                dcd_set_address
 .text.dcd_sof_enable
                0x10004df8       0x1c CMakeFiles/Humidade_e_Temp.dir/C_/Users/Carlinhos_Fernandin/.pico-sdk/sdk/2.1.1/lib/tinyusb/src/portable/raspberrypi/rp2040/dcd_rp2040.c.obj
                0x10004df8                dcd_sof_enable
 .text.dcd_edpt0_status_complete
                0x10004e14       0x1c CMakeFiles/Humidade_e_Temp.dir/C_/Users/Carlinhos_Fernandin/.pico-sdk/sdk/2.1.1/lib/tinyusb/src/portable/raspberrypi/rp2040/dcd_rp2040.c.obj
                0x10004e14                dcd_edpt0_status_complete
 .text.dcd_edpt_open
                0x10004e30      0x114 CMakeFiles/Humidade_e_Temp.dir/C_/Users/Carlinhos_Fernandin/.pico-sdk/sdk/2.1.1/lib/tinyusb/src/portable/raspberrypi/rp2040/dcd_rp2040.c.obj
                0x10004e30                dcd_edpt_open
 .text.dcd_edpt_close_all
                0x10004f44        0x8 CMakeFiles/Humidade_e_Temp.dir/C_/Users/Carlinhos_Fernandin/.pico-sdk/sdk/2.1.1/lib/tinyusb/src/portable/raspberrypi/rp2040/dcd_rp2040.c.obj
                0x10004f44                dcd_edpt_close_all
 .text.dcd_edpt_xfer
                0x10004f4c       0x24 CMakeFiles/Humidade_e_Temp.dir/C_/Users/Carlinhos_Fernandin/.pico-sdk/sdk/2.1.1/lib/tinyusb/src/portable/raspberrypi/rp2040/dcd_rp2040.c.obj
                0x10004f4c                dcd_edpt_xfer
 .text.dcd_edpt_stall
                0x10004f70       0x3c CMakeFiles/Humidade_e_Temp.dir/C_/Users/Carlinhos_Fernandin/.pico-sdk/sdk/2.1.1/lib/tinyusb/src/portable/raspberrypi/rp2040/dcd_rp2040.c.obj
                0x10004f70                dcd_edpt_stall
 .text.dcd_edpt_clear_stall
                0x10004fac       0x30 CMakeFiles/Humidade_e_Temp.dir/C_/Users/Carlinhos_Fernandin/.pico-sdk/sdk/2.1.1/lib/tinyusb/src/portable/raspberrypi/rp2040/dcd_rp2040.c.obj
                0x10004fac                dcd_edpt_clear_stall
 .text.rp2040_usb_init
                0x10004fdc       0x40 CMakeFiles/Humidade_e_Temp.dir/C_/Users/Carlinhos_Fernandin/.pico-sdk/sdk/2.1.1/lib/tinyusb/src/portable/raspberrypi/rp2040/rp2040_usb.c.obj
                0x10004fdc                rp2040_usb_init
 .text.hw_endpoint_xfer_start
                0x1000501c       0x40 CMakeFiles/Humidade_e_Temp.dir/C_/Users/Carlinhos_Fernandin/.pico-sdk/sdk/2.1.1/lib/tinyusb/src/portable/raspberrypi/rp2040/rp2040_usb.c.obj
                0x1000501c                hw_endpoint_xfer_start
 .text.tud_event_hook_cb
                0x1000505c        0x4 CMakeFiles/Humidade_e_Temp.dir/C_/Users/Carlinhos_Fernandin/.pico-sdk/sdk/2.1.1/lib/tinyusb/src/device/usbd.c.obj
                0x1000505c                tud_event_hook_cb
 .text.tud_sof_cb
                0x10005060        0x4 CMakeFiles/Humidade_e_Temp.dir/C_/Users/Carlinhos_Fernandin/.pico-sdk/sdk/2.1.1/lib/tinyusb/src/device/usbd.c.obj
                0x10005060                tud_sof_cb
 .text.tud_descriptor_device_qualifier_cb
                0x10005064        0x4 CMakeFiles/Humidade_e_Temp.dir/C_/Users/Carlinhos_Fernandin/.pico-sdk/sdk/2.1.1/lib/tinyusb/src/device/usbd.c.obj
                0x10005064                tud_descriptor_device_qualifier_cb
 .text.tud_descriptor_other_speed_configuration_cb
                0x10005068        0x4 CMakeFiles/Humidade_e_Temp.dir/C_/Users/Carlinhos_Fernandin/.pico-sdk/sdk/2.1.1/lib/tinyusb/src/device/usbd.c.obj
                0x10005068                tud_descriptor_other_speed_configuration_cb
 .text.tud_mount_cb
                0x1000506c        0x4 CMakeFiles/Humidade_e_Temp.dir/C_/Users/Carlinhos_Fernandin/.pico-sdk/sdk/2.1.1/lib/tinyusb/src/device/usbd.c.obj
                0x1000506c                tud_mount_cb
 .text.tud_umount_cb
                0x10005070        0x4 CMakeFiles/Humidade_e_Temp.dir/C_/Users/Carlinhos_Fernandin/.pico-sdk/sdk/2.1.1/lib/tinyusb/src/device/usbd.c.obj
                0x10005070                tud_umount_cb
 .text.tud_suspend_cb
                0x10005074        0x4 CMakeFiles/Humidade_e_Temp.dir/C_/Users/Carlinhos_Fernandin/.pico-sdk/sdk/2.1.1/lib/tinyusb/src/device/usbd.c.obj
                0x10005074                tud_suspend_cb
 .text.tud_resume_cb
                0x10005078        0x4 CMakeFiles/Humidade_e_Temp.dir/C_/Users/Carlinhos_Fernandin/.pico-sdk/sdk/2.1.1/lib/tinyusb/src/device/usbd.c.obj
                0x10005078                tud_resume_cb
 .text.tud_mounted
                0x1000507c       0x10 CMakeFiles/Humidade_e_Temp.dir/C_/Users/Carlinhos_Fernandin/.pico-sdk/sdk/2.1.1/lib/tinyusb/src/device/usbd.c.obj
                0x1000507c                tud_mounted
 .text.tud_suspended
                0x1000508c       0x10 CMakeFiles/Humidade_e_Temp.dir/C_/Users/Carlinhos_Fernandin/.pico-sdk/sdk/2.1.1/lib/tinyusb/src/device/usbd.c.obj
                0x1000508c                tud_suspended
 .text.tud_rhport_init
                0x1000509c       0xf4 CMakeFiles/Humidade_e_Temp.dir/C_/Users/Carlinhos_Fernandin/.pico-sdk/sdk/2.1.1/lib/tinyusb/src/device/usbd.c.obj
                0x1000509c                tud_rhport_init
 .text.tud_task_ext
                0x10005190      0x800 CMakeFiles/Humidade_e_Temp.dir/C_/Users/Carlinhos_Fernandin/.pico-sdk/sdk/2.1.1/lib/tinyusb/src/device/usbd.c.obj
                0x10005190                tud_task_ext
 .text.usbd_open_edpt_pair
                0x10005990       0x9c CMakeFiles/Humidade_e_Temp.dir/C_/Users/Carlinhos_Fernandin/.pico-sdk/sdk/2.1.1/lib/tinyusb/src/device/usbd.c.obj
                0x10005990                usbd_open_edpt_pair
 .text.usbd_edpt_open
                0x10005a2c       0x34 CMakeFiles/Humidade_e_Temp.dir/C_/Users/Carlinhos_Fernandin/.pico-sdk/sdk/2.1.1/lib/tinyusb/src/device/usbd.c.obj
                0x10005a2c                usbd_edpt_open
 .text.usbd_edpt_claim
                0x10005a60       0x28 CMakeFiles/Humidade_e_Temp.dir/C_/Users/Carlinhos_Fernandin/.pico-sdk/sdk/2.1.1/lib/tinyusb/src/device/usbd.c.obj
                0x10005a60                usbd_edpt_claim
 .text.usbd_edpt_release
                0x10005a88       0x28 CMakeFiles/Humidade_e_Temp.dir/C_/Users/Carlinhos_Fernandin/.pico-sdk/sdk/2.1.1/lib/tinyusb/src/device/usbd.c.obj
                0x10005a88                usbd_edpt_release
 .text.usbd_edpt_xfer
                0x10005ab0       0x4c CMakeFiles/Humidade_e_Temp.dir/C_/Users/Carlinhos_Fernandin/.pico-sdk/sdk/2.1.1/lib/tinyusb/src/device/usbd.c.obj
                0x10005ab0                usbd_edpt_xfer
 .text.tud_control_status
                0x10005afc       0x2c CMakeFiles/Humidade_e_Temp.dir/C_/Users/Carlinhos_Fernandin/.pico-sdk/sdk/2.1.1/lib/tinyusb/src/device/usbd_control.c.obj
                0x10005afc                tud_control_status
 .text.tud_control_xfer
                0x10005b28       0xa8 CMakeFiles/Humidade_e_Temp.dir/C_/Users/Carlinhos_Fernandin/.pico-sdk/sdk/2.1.1/lib/tinyusb/src/device/usbd_control.c.obj
                0x10005b28                tud_control_xfer
 .text.usbd_control_reset
                0x10005bd0       0x14 CMakeFiles/Humidade_e_Temp.dir/C_/Users/Carlinhos_Fernandin/.pico-sdk/sdk/2.1.1/lib/tinyusb/src/device/usbd_control.c.obj
                0x10005bd0                usbd_control_reset
 .text.usbd_control_set_complete_callback
                0x10005be4        0xc CMakeFiles/Humidade_e_Temp.dir/C_/Users/Carlinhos_Fernandin/.pico-sdk/sdk/2.1.1/lib/tinyusb/src/device/usbd_control.c.obj
                0x10005be4                usbd_control_set_complete_callback
 .text.usbd_control_set_request
                0x10005bf0       0x1c CMakeFiles/Humidade_e_Temp.dir/C_/Users/Carlinhos_Fernandin/.pico-sdk/sdk/2.1.1/lib/tinyusb/src/device/usbd_control.c.obj
                0x10005bf0                usbd_control_set_request
 .text.usbd_control_xfer_cb
                0x10005c0c       0xec CMakeFiles/Humidade_e_Temp.dir/C_/Users/Carlinhos_Fernandin/.pico-sdk/sdk/2.1.1/lib/tinyusb/src/device/usbd_control.c.obj
                0x10005c0c                usbd_control_xfer_cb
 .text._prep_out_transaction.isra.0
                0x10005cf8       0x6c CMakeFiles/Humidade_e_Temp.dir/C_/Users/Carlinhos_Fernandin/.pico-sdk/sdk/2.1.1/lib/tinyusb/src/class/cdc/cdc_device.c.obj
 .text.tud_cdc_n_connected
                0x10005d64       0x2c CMakeFiles/Humidade_e_Temp.dir/C_/Users/Carlinhos_Fernandin/.pico-sdk/sdk/2.1.1/lib/tinyusb/src/class/cdc/cdc_device.c.obj
                0x10005d64                tud_cdc_n_connected
 .text.tud_cdc_n_available
                0x10005d90       0x14 CMakeFiles/Humidade_e_Temp.dir/C_/Users/Carlinhos_Fernandin/.pico-sdk/sdk/2.1.1/lib/tinyusb/src/class/cdc/cdc_device.c.obj
                0x10005d90                tud_cdc_n_available
 .text.tud_cdc_n_read
                0x10005da4       0x88 CMakeFiles/Humidade_e_Temp.dir/C_/Users/Carlinhos_Fernandin/.pico-sdk/sdk/2.1.1/lib/tinyusb/src/class/cdc/cdc_device.c.obj
                0x10005da4                tud_cdc_n_read
 .text.tud_cdc_n_write_flush
                0x10005e2c       0x74 CMakeFiles/Humidade_e_Temp.dir/C_/Users/Carlinhos_Fernandin/.pico-sdk/sdk/2.1.1/lib/tinyusb/src/class/cdc/cdc_device.c.obj
                0x10005e2c                tud_cdc_n_write_flush
 .text.tud_cdc_n_write
                0x10005ea0       0x40 CMakeFiles/Humidade_e_Temp.dir/C_/Users/Carlinhos_Fernandin/.pico-sdk/sdk/2.1.1/lib/tinyusb/src/class/cdc/cdc_device.c.obj
                0x10005ea0                tud_cdc_n_write
 .text.tud_cdc_n_write_available
                0x10005ee0       0x14 CMakeFiles/Humidade_e_Temp.dir/C_/Users/Carlinhos_Fernandin/.pico-sdk/sdk/2.1.1/lib/tinyusb/src/class/cdc/cdc_device.c.obj
                0x10005ee0                tud_cdc_n_write_available
 .text.cdcd_init
                0x10005ef4       0x70 CMakeFiles/Humidade_e_Temp.dir/C_/Users/Carlinhos_Fernandin/.pico-sdk/sdk/2.1.1/lib/tinyusb/src/class/cdc/cdc_device.c.obj
                0x10005ef4                cdcd_init
 .text.cdcd_deinit
                0x10005f64       0x30 CMakeFiles/Humidade_e_Temp.dir/C_/Users/Carlinhos_Fernandin/.pico-sdk/sdk/2.1.1/lib/tinyusb/src/class/cdc/cdc_device.c.obj
                0x10005f64                cdcd_deinit
 .text.cdcd_reset
                0x10005f94       0x4c CMakeFiles/Humidade_e_Temp.dir/C_/Users/Carlinhos_Fernandin/.pico-sdk/sdk/2.1.1/lib/tinyusb/src/class/cdc/cdc_device.c.obj
                0x10005f94                cdcd_reset
 .text.cdcd_open
                0x10005fe0       0xa4 CMakeFiles/Humidade_e_Temp.dir/C_/Users/Carlinhos_Fernandin/.pico-sdk/sdk/2.1.1/lib/tinyusb/src/class/cdc/cdc_device.c.obj
                0x10005fe0                cdcd_open
 .text.cdcd_control_xfer_cb
                0x10006084       0xe8 CMakeFiles/Humidade_e_Temp.dir/C_/Users/Carlinhos_Fernandin/.pico-sdk/sdk/2.1.1/lib/tinyusb/src/class/cdc/cdc_device.c.obj
                0x10006084                cdcd_control_xfer_cb
 .text.cdcd_xfer_cb
                0x1000616c      0x100 CMakeFiles/Humidade_e_Temp.dir/C_/Users/Carlinhos_Fernandin/.pico-sdk/sdk/2.1.1/lib/tinyusb/src/class/cdc/cdc_device.c.obj
                0x1000616c                cdcd_xfer_cb
 .text.vendord_init
                0x1000626c       0x5c CMakeFiles/Humidade_e_Temp.dir/C_/Users/Carlinhos_Fernandin/.pico-sdk/sdk/2.1.1/lib/tinyusb/src/class/vendor/vendor_device.c.obj
                0x1000626c                vendord_init
 .text.vendord_deinit
                0x100062c8       0x1c CMakeFiles/Humidade_e_Temp.dir/C_/Users/Carlinhos_Fernandin/.pico-sdk/sdk/2.1.1/lib/tinyusb/src/class/vendor/vendor_device.c.obj
                0x100062c8                vendord_deinit
 .text.vendord_reset
                0x100062e4       0x28 CMakeFiles/Humidade_e_Temp.dir/C_/Users/Carlinhos_Fernandin/.pico-sdk/sdk/2.1.1/lib/tinyusb/src/class/vendor/vendor_device.c.obj
                0x100062e4                vendord_reset
 .text.vendord_open
                0x1000630c      0x120 CMakeFiles/Humidade_e_Temp.dir/C_/Users/Carlinhos_Fernandin/.pico-sdk/sdk/2.1.1/lib/tinyusb/src/class/vendor/vendor_device.c.obj
                0x1000630c                vendord_open
 .text.vendord_xfer_cb
                0x1000642c       0x9c CMakeFiles/Humidade_e_Temp.dir/C_/Users/Carlinhos_Fernandin/.pico-sdk/sdk/2.1.1/lib/tinyusb/src/class/vendor/vendor_device.c.obj
                0x1000642c                vendord_xfer_cb
 .text.tusb_rhport_init
                0x100064c8       0x4c CMakeFiles/Humidade_e_Temp.dir/C_/Users/Carlinhos_Fernandin/.pico-sdk/sdk/2.1.1/lib/tinyusb/src/tusb.c.obj
                0x100064c8                tusb_rhport_init
 .text.tu_edpt_claim
                0x10006514       0x50 CMakeFiles/Humidade_e_Temp.dir/C_/Users/Carlinhos_Fernandin/.pico-sdk/sdk/2.1.1/lib/tinyusb/src/tusb.c.obj
                0x10006514                tu_edpt_claim
 .text.tu_edpt_release
                0x10006564       0x38 CMakeFiles/Humidade_e_Temp.dir/C_/Users/Carlinhos_Fernandin/.pico-sdk/sdk/2.1.1/lib/tinyusb/src/tusb.c.obj
                0x10006564                tu_edpt_release
 .text.tu_edpt_validate
                0x1000659c       0x7c CMakeFiles/Humidade_e_Temp.dir/C_/Users/Carlinhos_Fernandin/.pico-sdk/sdk/2.1.1/lib/tinyusb/src/tusb.c.obj
                0x1000659c                tu_edpt_validate
 .text.tu_edpt_bind_driver
                0x10006618       0x34 CMakeFiles/Humidade_e_Temp.dir/C_/Users/Carlinhos_Fernandin/.pico-sdk/sdk/2.1.1/lib/tinyusb/src/tusb.c.obj
                0x10006618                tu_edpt_bind_driver
 .text.tu_edpt_stream_init
                0x1000664c       0x6c CMakeFiles/Humidade_e_Temp.dir/C_/Users/Carlinhos_Fernandin/.pico-sdk/sdk/2.1.1/lib/tinyusb/src/tusb.c.obj
                0x1000664c                tu_edpt_stream_init
 .text.tu_edpt_stream_deinit
                0x100066b8        0x4 CMakeFiles/Humidade_e_Temp.dir/C_/Users/Carlinhos_Fernandin/.pico-sdk/sdk/2.1.1/lib/tinyusb/src/tusb.c.obj
                0x100066b8                tu_edpt_stream_deinit
 .text.tu_edpt_stream_write_zlp_if_needed
                0x100066bc       0x68 CMakeFiles/Humidade_e_Temp.dir/C_/Users/Carlinhos_Fernandin/.pico-sdk/sdk/2.1.1/lib/tinyusb/src/tusb.c.obj
                0x100066bc                tu_edpt_stream_write_zlp_if_needed
 .text.tu_edpt_stream_write_xfer
                0x10006724       0x68 CMakeFiles/Humidade_e_Temp.dir/C_/Users/Carlinhos_Fernandin/.pico-sdk/sdk/2.1.1/lib/tinyusb/src/tusb.c.obj
                0x10006724                tu_edpt_stream_write_xfer
 .text.tu_edpt_stream_read_xfer
                0x1000678c       0xd8 CMakeFiles/Humidade_e_Temp.dir/C_/Users/Carlinhos_Fernandin/.pico-sdk/sdk/2.1.1/lib/tinyusb/src/tusb.c.obj
                0x1000678c                tu_edpt_stream_read_xfer
 .text.tu_fifo_config
                0x10006864       0x6c CMakeFiles/Humidade_e_Temp.dir/C_/Users/Carlinhos_Fernandin/.pico-sdk/sdk/2.1.1/lib/tinyusb/src/common/tusb_fifo.c.obj
                0x10006864                tu_fifo_config
 .text.tu_fifo_count
                0x100068d0       0x2c CMakeFiles/Humidade_e_Temp.dir/C_/Users/Carlinhos_Fernandin/.pico-sdk/sdk/2.1.1/lib/tinyusb/src/common/tusb_fifo.c.obj
                0x100068d0                tu_fifo_count
 .text.tu_fifo_empty
                0x100068fc       0x10 CMakeFiles/Humidade_e_Temp.dir/C_/Users/Carlinhos_Fernandin/.pico-sdk/sdk/2.1.1/lib/tinyusb/src/common/tusb_fifo.c.obj
                0x100068fc                tu_fifo_empty
 .text.tu_fifo_remaining
                0x1000690c       0x2c CMakeFiles/Humidade_e_Temp.dir/C_/Users/Carlinhos_Fernandin/.pico-sdk/sdk/2.1.1/lib/tinyusb/src/common/tusb_fifo.c.obj
                0x1000690c                tu_fifo_remaining
 .text.tu_fifo_read
                0x10006938       0x9c CMakeFiles/Humidade_e_Temp.dir/C_/Users/Carlinhos_Fernandin/.pico-sdk/sdk/2.1.1/lib/tinyusb/src/common/tusb_fifo.c.obj
                0x10006938                tu_fifo_read
 .text.tu_fifo_read_n
                0x100069d4       0xe8 CMakeFiles/Humidade_e_Temp.dir/C_/Users/Carlinhos_Fernandin/.pico-sdk/sdk/2.1.1/lib/tinyusb/src/common/tusb_fifo.c.obj
                0x100069d4                tu_fifo_read_n
 .text.tu_fifo_write
                0x10006abc       0xa4 CMakeFiles/Humidade_e_Temp.dir/C_/Users/Carlinhos_Fernandin/.pico-sdk/sdk/2.1.1/lib/tinyusb/src/common/tusb_fifo.c.obj
                0x10006abc                tu_fifo_write
 .text.tu_fifo_write_n
                0x10006b60      0x178 CMakeFiles/Humidade_e_Temp.dir/C_/Users/Carlinhos_Fernandin/.pico-sdk/sdk/2.1.1/lib/tinyusb/src/common/tusb_fifo.c.obj
                0x10006b60                tu_fifo_write_n
 .text.tu_fifo_clear
                0x10006cd8       0x40 CMakeFiles/Humidade_e_Temp.dir/C_/Users/Carlinhos_Fernandin/.pico-sdk/sdk/2.1.1/lib/tinyusb/src/common/tusb_fifo.c.obj
                0x10006cd8                tu_fifo_clear
 .text.tu_fifo_set_overwritable
                0x10006d18       0x48 CMakeFiles/Humidade_e_Temp.dir/C_/Users/Carlinhos_Fernandin/.pico-sdk/sdk/2.1.1/lib/tinyusb/src/common/tusb_fifo.c.obj
                0x10006d18                tu_fifo_set_overwritable
 .text.i2c_read_blocking_internal.constprop.0
                0x10006d60       0x98 CMakeFiles/Humidade_e_Temp.dir/C_/Users/Carlinhos_Fernandin/.pico-sdk/sdk/2.1.1/src/rp2_common/hardware_i2c/i2c.c.obj
 .text.i2c_write_blocking_internal.constprop.0
                0x10006df8       0xf8 CMakeFiles/Humidade_e_Temp.dir/C_/Users/Carlinhos_Fernandin/.pico-sdk/sdk/2.1.1/src/rp2_common/hardware_i2c/i2c.c.obj
 .text.i2c_set_baudrate
                0x10006ef0       0xc0 CMakeFiles/Humidade_e_Temp.dir/C_/Users/Carlinhos_Fernandin/.pico-sdk/sdk/2.1.1/src/rp2_common/hardware_i2c/i2c.c.obj
                0x10006ef0                i2c_set_baudrate
 .text.i2c_init
                0x10006fb0       0x50 CMakeFiles/Humidade_e_Temp.dir/C_/Users/Carlinhos_Fernandin/.pico-sdk/sdk/2.1.1/src/rp2_common/hardware_i2c/i2c.c.obj
                0x10006fb0                i2c_init
 .text.i2c_write_blocking
                0x10007000       0x14 CMakeFiles/Humidade_e_Temp.dir/C_/Users/Carlinhos_Fernandin/.pico-sdk/sdk/2.1.1/src/rp2_common/hardware_i2c/i2c.c.obj
                0x10007000                i2c_write_blocking
 .text.i2c_read_blocking
                0x10007014       0x14 CMakeFiles/Humidade_e_Temp.dir/C_/Users/Carlinhos_Fernandin/.pico-sdk/sdk/2.1.1/src/rp2_common/hardware_i2c/i2c.c.obj
                0x10007014                i2c_read_blocking
 .text.malloc   0x10007028       0x14 C:/Users/CARLIN~1/PICO-S~1/TOOLCH~1/14_2_R~1/bin/../lib/gcc/arm-none-eabi/14.2.1/thumb/v6-m/nofp\libg.a(libc_a-malloc.o)
                0x10007028                malloc
 .text.free     0x1000703c       0x14 C:/Users/CARLIN~1/PICO-S~1/TOOLCH~1/14_2_R~1/bin/../lib/gcc/arm-none-eabi/14.2.1/thumb/v6-m/nofp\libg.a(libc_a-malloc.o)
                0x1000703c                free
 .text._malloc_r
                0x10007050      0x5cc C:/Users/CARLIN~1/PICO-S~1/TOOLCH~1/14_2_R~1/bin/../lib/gcc/arm-none-eabi/14.2.1/thumb/v6-m/nofp\libg.a(libc_a-mallocr.o)
                0x10007050                _malloc_r
 .text.__malloc_lock
                0x1000761c       0x10 C:/Users/CARLIN~1/PICO-S~1/TOOLCH~1/14_2_R~1/bin/../lib/gcc/arm-none-eabi/14.2.1/thumb/v6-m/nofp\libg.a(libc_a-mlock.o)
                0x1000761c                __malloc_lock
 .text.__malloc_unlock
                0x1000762c       0x10 C:/Users/CARLIN~1/PICO-S~1/TOOLCH~1/14_2_R~1/bin/../lib/gcc/arm-none-eabi/14.2.1/thumb/v6-m/nofp\libg.a(libc_a-mlock.o)
                0x1000762c                __malloc_unlock
 .text._sbrk_r  0x1000763c       0x24 C:/Users/CARLIN~1/PICO-S~1/TOOLCH~1/14_2_R~1/bin/../lib/gcc/arm-none-eabi/14.2.1/thumb/v6-m/nofp\libg.a(libc_a-sbrkr.o)
                0x1000763c                _sbrk_r
 .text.__errno  0x10007660        0xc C:/Users/CARLIN~1/PICO-S~1/TOOLCH~1/14_2_R~1/bin/../lib/gcc/arm-none-eabi/14.2.1/thumb/v6-m/nofp\libg.a(libc_a-errno.o)
                0x10007660                __errno
 .text.__retarget_lock_acquire_recursive
                0x1000766c        0x4 C:/Users/CARLIN~1/PICO-S~1/TOOLCH~1/14_2_R~1/bin/../lib/gcc/arm-none-eabi/14.2.1/thumb/v6-m/nofp\libg.a(libc_a-lock.o)
                0x1000766c                __retarget_lock_acquire_recursive
 .text.__retarget_lock_release_recursive
                0x10007670        0x4 C:/Users/CARLIN~1/PICO-S~1/TOOLCH~1/14_2_R~1/bin/../lib/gcc/arm-none-eabi/14.2.1/thumb/v6-m/nofp\libg.a(libc_a-lock.o)
                0x10007670                __retarget_lock_release_recursive
 .text.sysconf  0x10007674       0x1c C:/Users/CARLIN~1/PICO-S~1/TOOLCH~1/14_2_R~1/bin/../lib/gcc/arm-none-eabi/14.2.1/thumb/v6-m/nofp\libg.a(libc_a-sysconf.o)
                0x10007674                sysconf
 .text.strlen   0x10007690       0x5c C:/Users/CARLIN~1/PICO-S~1/TOOLCH~1/14_2_R~1/bin/../lib/gcc/arm-none-eabi/14.2.1/thumb/v6-m/nofp\libg.a(libc_a-strlen-stub.o)
                0x10007690                strlen
 .text._malloc_trim_r
                0x100076ec       0xb4 C:/Users/CARLIN~1/PICO-S~1/TOOLCH~1/14_2_R~1/bin/../lib/gcc/arm-none-eabi/14.2.1/thumb/v6-m/nofp\libg.a(libc_a-freer.o)
                0x100076ec                _malloc_trim_r
 .text._free_r  0x100077a0      0x1f0 C:/Users/CARLIN~1/PICO-S~1/TOOLCH~1/14_2_R~1/bin/../lib/gcc/arm-none-eabi/14.2.1/thumb/v6-m/nofp\libg.a(libc_a-freer.o)
                0x100077a0                _free_r
 *(.fini)
 .fini          0x10007990        0x4 C:/Users/CARLIN~1/PICO-S~1/TOOLCH~1/14_2_R~1/bin/../lib/gcc/arm-none-eabi/14.2.1/thumb/v6-m/nofp/crti.o
                0x10007990                _fini
 *fill*         0x10007994        0x4 
 .fini.__stub   0x10007998       0xc0 linker stubs
 *crtbegin.o(.ctors)
 *crtbegin?.o(.ctors)
 *(EXCLUDE_FILE(*crtend.o *crtend?.o) .ctors)
 *(SORT_BY_NAME(.ctors.*))
 *(.ctors)
 *crtbegin.o(.dtors)
 *crtbegin?.o(.dtors)
 *(EXCLUDE_FILE(*crtend.o *crtend?.o) .dtors)
 *(SORT_BY_NAME(.dtors.*))
 *(.dtors)
                0x10007a58                        . = ALIGN (0x4)
                0x10007a58                        PROVIDE (__preinit_array_start = .)
 *(SORT_BY_NAME(.preinit_array.*))
 .preinit_array.00100
                0x10007a58        0x4 CMakeFiles/Humidade_e_Temp.dir/C_/Users/Carlinhos_Fernandin/.pico-sdk/sdk/2.1.1/src/rp2_common/pico_runtime_init/runtime_init.c.obj
                0x10007a58                __pre_init_runtime_init_early_resets
 .preinit_array.00101
                0x10007a5c        0x4 CMakeFiles/Humidade_e_Temp.dir/C_/Users/Carlinhos_Fernandin/.pico-sdk/sdk/2.1.1/src/rp2_common/pico_runtime_init/runtime_init.c.obj
                0x10007a5c                __pre_init_runtime_init_usb_power_down
 .preinit_array.00275
                0x10007a60        0x4 CMakeFiles/Humidade_e_Temp.dir/C_/Users/Carlinhos_Fernandin/.pico-sdk/sdk/2.1.1/src/rp2_common/pico_bit_ops/bit_ops_aeabi.S.obj
 .preinit_array.00300
                0x10007a64        0x4 CMakeFiles/Humidade_e_Temp.dir/C_/Users/Carlinhos_Fernandin/.pico-sdk/sdk/2.1.1/src/rp2_common/pico_mem_ops/mem_ops_aeabi.S.obj
 .preinit_array.00350
                0x10007a68        0x4 CMakeFiles/Humidade_e_Temp.dir/C_/Users/Carlinhos_Fernandin/.pico-sdk/sdk/2.1.1/src/rp2_common/pico_double/double_aeabi_rp2040.S.obj
 .preinit_array.00350
                0x10007a6c        0x4 CMakeFiles/Humidade_e_Temp.dir/C_/Users/Carlinhos_Fernandin/.pico-sdk/sdk/2.1.1/src/rp2_common/pico_float/float_aeabi_rp2040.S.obj
 .preinit_array.00500
                0x10007a70        0x4 CMakeFiles/Humidade_e_Temp.dir/C_/Users/Carlinhos_Fernandin/.pico-sdk/sdk/2.1.1/src/rp2_common/pico_runtime_init/runtime_init.c.obj
                0x10007a70                __pre_init_runtime_init_clocks
 .preinit_array.00600
                0x10007a74        0x4 CMakeFiles/Humidade_e_Temp.dir/C_/Users/Carlinhos_Fernandin/.pico-sdk/sdk/2.1.1/src/rp2_common/pico_runtime_init/runtime_init.c.obj
                0x10007a74                __pre_init_runtime_init_post_clock_resets
 .preinit_array.00700
                0x10007a78        0x4 CMakeFiles/Humidade_e_Temp.dir/C_/Users/Carlinhos_Fernandin/.pico-sdk/sdk/2.1.1/src/rp2_common/pico_runtime_init/runtime_init.c.obj
                0x10007a78                __pre_init_runtime_init_rp2040_gpio_ie_disable
 .preinit_array.01000
                0x10007a7c        0x4 CMakeFiles/Humidade_e_Temp.dir/C_/Users/Carlinhos_Fernandin/.pico-sdk/sdk/2.1.1/src/rp2_common/pico_runtime_init/runtime_init.c.obj
                0x10007a7c                __pre_init_runtime_init_spin_locks_reset
 .preinit_array.01100
                0x10007a80        0x4 CMakeFiles/Humidade_e_Temp.dir/C_/Users/Carlinhos_Fernandin/.pico-sdk/sdk/2.1.1/src/common/pico_sync/mutex.c.obj
                0x10007a80                __pre_init_runtime_init_mutex
 .preinit_array.10080
                0x10007a84        0x4 CMakeFiles/Humidade_e_Temp.dir/C_/Users/Carlinhos_Fernandin/.pico-sdk/sdk/2.1.1/src/rp2_common/pico_runtime_init/runtime_init.c.obj
                0x10007a84                __pre_init_runtime_init_install_ram_vector_table
 .preinit_array.11000
                0x10007a88        0x4 CMakeFiles/Humidade_e_Temp.dir/C_/Users/Carlinhos_Fernandin/.pico-sdk/sdk/2.1.1/src/common/pico_time/time.c.obj
                0x10007a88                __pre_init_runtime_init_default_alarm_pool
 .preinit_array.YYYYY
                0x10007a8c        0x4 CMakeFiles/Humidade_e_Temp.dir/C_/Users/Carlinhos_Fernandin/.pico-sdk/sdk/2.1.1/src/rp2_common/pico_runtime/runtime.c.obj
                0x10007a8c                __pre_init_first_per_core_initializer
 .preinit_array.ZZZZZ.01200
                0x10007a90        0x4 CMakeFiles/Humidade_e_Temp.dir/C_/Users/Carlinhos_Fernandin/.pico-sdk/sdk/2.1.1/src/rp2_common/hardware_irq/irq.c.obj
                0x10007a90                __pre_init_runtime_init_per_core_irq_priorities
 *(.preinit_array)
                0x10007a94                        PROVIDE (__preinit_array_end = .)
                0x10007a94                        . = ALIGN (0x4)
                0x10007a94                        PROVIDE (__init_array_start = .)
 *(SORT_BY_NAME(.init_array.*))
 *(.init_array)
 .init_array    0x10007a94        0x4 C:/Users/CARLIN~1/PICO-S~1/TOOLCH~1/14_2_R~1/bin/../lib/gcc/arm-none-eabi/14.2.1/thumb/v6-m/nofp/crtbegin.o
 .init_array    0x10007a98        0x4 CMakeFiles/Humidade_e_Temp.dir/C_/Users/Carlinhos_Fernandin/.pico-sdk/sdk/2.1.1/src/rp2_common/pico_unique_id/unique_id.c.obj
                0x10007a9c                        PROVIDE (__init_array_end = .)
                0x10007a9c                        . = ALIGN (0x4)
                [!provide]                        PROVIDE (__fini_array_start = .)
 *(SORT_BY_NAME(.fini_array.*))
 *(.fini_array)
                [!provide]                        PROVIDE (__fini_array_end = .)
 *(.eh_frame*)
 .eh_frame      0x10007a9c        0x0 C:/Users/CARLIN~1/PICO-S~1/TOOLCH~1/14_2_R~1/bin/../lib/gcc/arm-none-eabi/14.2.1/thumb/v6-m/nofp/crtbegin.o
                0x10007a9c                        . = ALIGN (0x4)

.glue_7         0x10007a9c        0x0
 .glue_7        0x10007a9c        0x0 linker stubs

.glue_7t        0x10007a9c        0x0
 .glue_7t       0x10007a9c        0x0 linker stubs

.vfp11_veneer   0x10007a9c        0x0
 .vfp11_veneer  0x10007a9c        0x0 linker stubs

.v4_bx          0x10007a9c        0x0
 .v4_bx         0x10007a9c        0x0 linker stubs

.iplt           0x10007a9c        0x0
 .iplt          0x10007a9c        0x0 C:/Users/CARLIN~1/PICO-S~1/TOOLCH~1/14_2_R~1/bin/../lib/gcc/arm-none-eabi/14.2.1/thumb/v6-m/nofp/crtbegin.o

.rodata         0x10007aa0      0xa60
 *(EXCLUDE_FILE(*libm.a: *libc.a:*lib_a-mem*.o *libgcc.a:) .rodata*)
 .rodata.aht10_init.str1.4
                0x10007aa0      0x368 CMakeFiles/Humidade_e_Temp.dir/Humidade_e_Temp.c.obj
                                 0x3b (size before relaxing)
 .rodata.aht10_read_data.str1.4
                0x10007e08        0x3 CMakeFiles/Humidade_e_Temp.dir/Humidade_e_Temp.c.obj
 .rodata.main.str1.4
                0x10007e08      0x187 CMakeFiles/Humidade_e_Temp.dir/Humidade_e_Temp.c.obj
 .rodata.font   0x10007e08      0x128 CMakeFiles/Humidade_e_Temp.dir/inc/ssd1306_i2c.c.obj
 .rodata        0x10007f30       0x1a CMakeFiles/Humidade_e_Temp.dir/inc/ssd1306_i2c.c.obj
 .rodata.panic.str1.4
                0x10007f4a       0x12 CMakeFiles/Humidade_e_Temp.dir/C_/Users/Carlinhos_Fernandin/.pico-sdk/sdk/2.1.1/src/rp2_common/pico_platform_panic/panic.c.obj
 .rodata.spin_lock_claim_unused.str1.4
                0x10007f4a       0x1b CMakeFiles/Humidade_e_Temp.dir/C_/Users/Carlinhos_Fernandin/.pico-sdk/sdk/2.1.1/src/rp2_common/hardware_sync/sync.c.obj
 .rodata.user_irq_claim_unused.str1.4
                0x10007f4a       0x1b CMakeFiles/Humidade_e_Temp.dir/C_/Users/Carlinhos_Fernandin/.pico-sdk/sdk/2.1.1/src/rp2_common/hardware_irq/irq.c.obj
 .rodata.timer_hardware_alarm_claim.str1.4
                0x10007f4a       0x22 CMakeFiles/Humidade_e_Temp.dir/C_/Users/Carlinhos_Fernandin/.pico-sdk/sdk/2.1.1/src/rp2_common/hardware_timer/timer.c.obj
 .rodata.hard_assertion_failure.str1.4
                0x10007f4a        0xc CMakeFiles/Humidade_e_Temp.dir/C_/Users/Carlinhos_Fernandin/.pico-sdk/sdk/2.1.1/src/rp2_common/pico_runtime/runtime.c.obj
 .rodata.missing_double_func_shim.str1.4
                0x10007f4a       0x18 CMakeFiles/Humidade_e_Temp.dir/C_/Users/Carlinhos_Fernandin/.pico-sdk/sdk/2.1.1/src/rp2_common/pico_double/double_init_rom_rp2040.c.obj
 .rodata.missing_float_func_shim.str1.4
                0x10007f4a        0x1 CMakeFiles/Humidade_e_Temp.dir/C_/Users/Carlinhos_Fernandin/.pico-sdk/sdk/2.1.1/src/rp2_common/pico_float/float_init_rom_rp2040.c.obj
 .rodata.__wrap_malloc.str1.4
                0x10007f4a        0xe CMakeFiles/Humidade_e_Temp.dir/C_/Users/Carlinhos_Fernandin/.pico-sdk/sdk/2.1.1/src/rp2_common/pico_malloc/malloc.c.obj
 .rodata.str1.4
                0x10007f4a       0x48 CMakeFiles/Humidade_e_Temp.dir/C_/Users/Carlinhos_Fernandin/.pico-sdk/sdk/2.1.1/src/rp2_common/pico_standard_binary_info/standard_binary_info.c.obj
 *fill*         0x10007f4a        0x2 
 .rodata.__bi_84
                0x10007f4c        0xc CMakeFiles/Humidade_e_Temp.dir/C_/Users/Carlinhos_Fernandin/.pico-sdk/sdk/2.1.1/src/rp2_common/pico_standard_binary_info/standard_binary_info.c.obj
 .rodata.__bi_78
                0x10007f58        0xc CMakeFiles/Humidade_e_Temp.dir/C_/Users/Carlinhos_Fernandin/.pico-sdk/sdk/2.1.1/src/rp2_common/pico_standard_binary_info/standard_binary_info.c.obj
 .rodata.__bi_60
                0x10007f64        0xc CMakeFiles/Humidade_e_Temp.dir/C_/Users/Carlinhos_Fernandin/.pico-sdk/sdk/2.1.1/src/rp2_common/pico_standard_binary_info/standard_binary_info.c.obj
 .rodata.__bi_54
                0x10007f70        0xc CMakeFiles/Humidade_e_Temp.dir/C_/Users/Carlinhos_Fernandin/.pico-sdk/sdk/2.1.1/src/rp2_common/pico_standard_binary_info/standard_binary_info.c.obj
 .rodata.__bi_48
                0x10007f7c        0xc CMakeFiles/Humidade_e_Temp.dir/C_/Users/Carlinhos_Fernandin/.pico-sdk/sdk/2.1.1/src/rp2_common/pico_standard_binary_info/standard_binary_info.c.obj
 .rodata.__bi_42
                0x10007f88        0xc CMakeFiles/Humidade_e_Temp.dir/C_/Users/Carlinhos_Fernandin/.pico-sdk/sdk/2.1.1/src/rp2_common/pico_standard_binary_info/standard_binary_info.c.obj
 .rodata.__bi_34
                0x10007f94        0xc CMakeFiles/Humidade_e_Temp.dir/C_/Users/Carlinhos_Fernandin/.pico-sdk/sdk/2.1.1/src/rp2_common/pico_standard_binary_info/standard_binary_info.c.obj
 .rodata.__bi_26
                0x10007fa0        0xc CMakeFiles/Humidade_e_Temp.dir/C_/Users/Carlinhos_Fernandin/.pico-sdk/sdk/2.1.1/src/rp2_common/pico_standard_binary_info/standard_binary_info.c.obj
 .rodata._ftoa.str1.4
                0x10007fac       0x15 CMakeFiles/Humidade_e_Temp.dir/C_/Users/Carlinhos_Fernandin/.pico-sdk/sdk/2.1.1/src/rp2_common/pico_printf/printf.c.obj
 .rodata._vsnprintf
                0x10007fac      0x19c CMakeFiles/Humidade_e_Temp.dir/C_/Users/Carlinhos_Fernandin/.pico-sdk/sdk/2.1.1/src/rp2_common/pico_printf/printf.c.obj
 .rodata.pow10.0
                0x10008148       0x50 CMakeFiles/Humidade_e_Temp.dir/C_/Users/Carlinhos_Fernandin/.pico-sdk/sdk/2.1.1/src/rp2_common/pico_printf/printf.c.obj
 .rodata.crlf_str.0
                0x10008198        0x2 CMakeFiles/Humidade_e_Temp.dir/C_/Users/Carlinhos_Fernandin/.pico-sdk/sdk/2.1.1/src/rp2_common/pico_stdio/stdio.c.obj
 *fill*         0x1000819a        0x2 
 .rodata._resetd_driver
                0x1000819c       0x20 CMakeFiles/Humidade_e_Temp.dir/C_/Users/Carlinhos_Fernandin/.pico-sdk/sdk/2.1.1/src/rp2_common/pico_stdio_usb/reset_interface.c.obj
 .rodata.desc_ms_os_20
                0x100081bc       0xa6 CMakeFiles/Humidade_e_Temp.dir/C_/Users/Carlinhos_Fernandin/.pico-sdk/sdk/2.1.1/src/rp2_common/pico_stdio_usb/reset_interface.c.obj
 *fill*         0x10008262        0x2 
 .rodata.desc_bos
                0x10008264       0x21 CMakeFiles/Humidade_e_Temp.dir/C_/Users/Carlinhos_Fernandin/.pico-sdk/sdk/2.1.1/src/rp2_common/pico_stdio_usb/reset_interface.c.obj
                0x10008264                desc_bos
 .rodata.str1.4
                0x10008285       0x13 CMakeFiles/Humidade_e_Temp.dir/C_/Users/Carlinhos_Fernandin/.pico-sdk/sdk/2.1.1/src/rp2_common/pico_stdio_usb/stdio_usb.c.obj
 *fill*         0x10008285        0x3 
 .rodata.__bi_197.0
                0x10008288        0xc CMakeFiles/Humidade_e_Temp.dir/C_/Users/Carlinhos_Fernandin/.pico-sdk/sdk/2.1.1/src/rp2_common/pico_stdio_usb/stdio_usb.c.obj
 .rodata.str1.4
                0x10008294       0x2a CMakeFiles/Humidade_e_Temp.dir/C_/Users/Carlinhos_Fernandin/.pico-sdk/sdk/2.1.1/src/rp2_common/pico_stdio_usb/stdio_usb_descriptors.c.obj
 .rodata.usbd_desc_str
                0x10008294       0x18 CMakeFiles/Humidade_e_Temp.dir/C_/Users/Carlinhos_Fernandin/.pico-sdk/sdk/2.1.1/src/rp2_common/pico_stdio_usb/stdio_usb_descriptors.c.obj
 .rodata.usbd_desc_cfg
                0x100082ac       0x54 CMakeFiles/Humidade_e_Temp.dir/C_/Users/Carlinhos_Fernandin/.pico-sdk/sdk/2.1.1/src/rp2_common/pico_stdio_usb/stdio_usb_descriptors.c.obj
 .rodata.usbd_desc_device
                0x10008300       0x12 CMakeFiles/Humidade_e_Temp.dir/C_/Users/Carlinhos_Fernandin/.pico-sdk/sdk/2.1.1/src/rp2_common/pico_stdio_usb/stdio_usb_descriptors.c.obj
 .rodata.str1.4
                0x10008312       0x14 CMakeFiles/Humidade_e_Temp.dir/C_/Users/Carlinhos_Fernandin/.pico-sdk/sdk/2.1.1/lib/tinyusb/src/portable/raspberrypi/rp2040/dcd_rp2040.c.obj
 .rodata.str1.4
                0x10008312       0x48 CMakeFiles/Humidade_e_Temp.dir/C_/Users/Carlinhos_Fernandin/.pico-sdk/sdk/2.1.1/lib/tinyusb/src/portable/raspberrypi/rp2040/rp2040_usb.c.obj
 *fill*         0x10008312        0x2 
 .rodata.tud_task_ext
                0x10008314       0x8c CMakeFiles/Humidade_e_Temp.dir/C_/Users/Carlinhos_Fernandin/.pico-sdk/sdk/2.1.1/lib/tinyusb/src/device/usbd.c.obj
 .rodata        0x100083a0       0x1c CMakeFiles/Humidade_e_Temp.dir/C_/Users/Carlinhos_Fernandin/.pico-sdk/sdk/2.1.1/lib/tinyusb/src/device/usbd.c.obj
 .rodata._usbd_driver
                0x100083bc       0x40 CMakeFiles/Humidade_e_Temp.dir/C_/Users/Carlinhos_Fernandin/.pico-sdk/sdk/2.1.1/lib/tinyusb/src/device/usbd.c.obj
 .rodata._ctype_
                0x100083fc      0x101 C:/Users/CARLIN~1/PICO-S~1/TOOLCH~1/14_2_R~1/bin/../lib/gcc/arm-none-eabi/14.2.1/thumb/v6-m/nofp\libg.a(libc_a-ctype_.o)
                0x100083fc                _ctype_
                0x10008500                        . = ALIGN (0x4)
 *fill*         0x100084fd        0x3 
 *(SORT_BY_ALIGNMENT(SORT_BY_NAME(.flashdata*)))
                0x10008500                        . = ALIGN (0x4)

.ARM.extab
 *(.ARM.extab* .gnu.linkonce.armextab.*)
                0x10008500                        __exidx_start = .

.ARM.exidx
 *(.ARM.exidx* .gnu.linkonce.armexidx.*)
                0x10008500                        __exidx_end = .
                0x10008500                        . = ALIGN (0x4)
                0x10008500                        __binary_info_start = .

.binary_info    0x10008500       0x24
 *(.binary_info.keep.*)
 .binary_info.keep.__bi_ptr84
                0x10008500        0x4 CMakeFiles/Humidade_e_Temp.dir/C_/Users/Carlinhos_Fernandin/.pico-sdk/sdk/2.1.1/src/rp2_common/pico_standard_binary_info/standard_binary_info.c.obj
 .binary_info.keep.__bi_ptr78
                0x10008504        0x4 CMakeFiles/Humidade_e_Temp.dir/C_/Users/Carlinhos_Fernandin/.pico-sdk/sdk/2.1.1/src/rp2_common/pico_standard_binary_info/standard_binary_info.c.obj
 .binary_info.keep.__bi_ptr60
                0x10008508        0x4 CMakeFiles/Humidade_e_Temp.dir/C_/Users/Carlinhos_Fernandin/.pico-sdk/sdk/2.1.1/src/rp2_common/pico_standard_binary_info/standard_binary_info.c.obj
 .binary_info.keep.__bi_ptr54
                0x1000850c        0x4 CMakeFiles/Humidade_e_Temp.dir/C_/Users/Carlinhos_Fernandin/.pico-sdk/sdk/2.1.1/src/rp2_common/pico_standard_binary_info/standard_binary_info.c.obj
 .binary_info.keep.__bi_ptr48
                0x10008510        0x4 CMakeFiles/Humidade_e_Temp.dir/C_/Users/Carlinhos_Fernandin/.pico-sdk/sdk/2.1.1/src/rp2_common/pico_standard_binary_info/standard_binary_info.c.obj
 .binary_info.keep.__bi_ptr42
                0x10008514        0x4 CMakeFiles/Humidade_e_Temp.dir/C_/Users/Carlinhos_Fernandin/.pico-sdk/sdk/2.1.1/src/rp2_common/pico_standard_binary_info/standard_binary_info.c.obj
 .binary_info.keep.__bi_ptr34
                0x10008518        0x4 CMakeFiles/Humidade_e_Temp.dir/C_/Users/Carlinhos_Fernandin/.pico-sdk/sdk/2.1.1/src/rp2_common/pico_standard_binary_info/standard_binary_info.c.obj
 .binary_info.keep.__bi_ptr26
                0x1000851c        0x4 CMakeFiles/Humidade_e_Temp.dir/C_/Users/Carlinhos_Fernandin/.pico-sdk/sdk/2.1.1/src/rp2_common/pico_standard_binary_info/standard_binary_info.c.obj
 *(.binary_info.*)
 .binary_info.__bi_ptr197
                0x10008520        0x4 CMakeFiles/Humidade_e_Temp.dir/C_/Users/Carlinhos_Fernandin/.pico-sdk/sdk/2.1.1/src/rp2_common/pico_stdio_usb/stdio_usb.c.obj
                0x10008524                        __binary_info_end = .

.rel.dyn        0x10008524        0x0
 .rel.iplt      0x10008524        0x0 C:/Users/CARLIN~1/PICO-S~1/TOOLCH~1/14_2_R~1/bin/../lib/gcc/arm-none-eabi/14.2.1/thumb/v6-m/nofp/crtbegin.o
                0x10008524                        . = ALIGN (0x4)

.ram_vector_table
                0x20000000       0xc0
 *(.ram_vector_table)
 .ram_vector_table
                0x20000000       0xc0 CMakeFiles/Humidade_e_Temp.dir/C_/Users/Carlinhos_Fernandin/.pico-sdk/sdk/2.1.1/src/rp2_common/pico_runtime_init/runtime_init.c.obj
                0x20000000                ram_vector_table

.uninitialized_data
                0x200000c0        0x0
                0x200000c0                        . = ALIGN (0x4)
 *(.uninitialized_data*)

.data           0x200000c0     0x1508 load address 0x10008524
                0x200000c0                        __data_start__ = .
 *(vtable)
 *(.time_critical*)
 .time_critical.mutex_try_enter
                0x200000c0       0x40 CMakeFiles/Humidade_e_Temp.dir/C_/Users/Carlinhos_Fernandin/.pico-sdk/sdk/2.1.1/src/common/pico_sync/mutex.c.obj
                0x200000c0                mutex_try_enter
 .time_critical.mutex_try_enter_block_until
                0x20000100       0x98 CMakeFiles/Humidade_e_Temp.dir/C_/Users/Carlinhos_Fernandin/.pico-sdk/sdk/2.1.1/src/common/pico_sync/mutex.c.obj
                0x20000100                mutex_try_enter_block_until
 .time_critical.mutex_enter_timeout_ms
                0x20000198       0x8c CMakeFiles/Humidade_e_Temp.dir/C_/Users/Carlinhos_Fernandin/.pico-sdk/sdk/2.1.1/src/common/pico_sync/mutex.c.obj
                0x20000198                mutex_enter_timeout_ms
 .time_critical.mutex_exit
                0x20000224       0x28 CMakeFiles/Humidade_e_Temp.dir/C_/Users/Carlinhos_Fernandin/.pico-sdk/sdk/2.1.1/src/common/pico_sync/mutex.c.obj
                0x20000224                mutex_exit
 .time_critical.flash_init_boot2_copyout
                0x2000024c       0x30 CMakeFiles/Humidade_e_Temp.dir/C_/Users/Carlinhos_Fernandin/.pico-sdk/sdk/2.1.1/src/rp2_common/hardware_flash/flash.c.obj
 .time_critical.flash_enable_xip_via_boot2
                0x2000027c        0xc CMakeFiles/Humidade_e_Temp.dir/C_/Users/Carlinhos_Fernandin/.pico-sdk/sdk/2.1.1/src/rp2_common/hardware_flash/flash.c.obj
 .time_critical.flash_cs_force
                0x20000288       0x38 CMakeFiles/Humidade_e_Temp.dir/C_/Users/Carlinhos_Fernandin/.pico-sdk/sdk/2.1.1/src/rp2_common/hardware_flash/flash.c.obj
 .time_critical.flash_do_cmd
                0x200002c0      0x130 CMakeFiles/Humidade_e_Temp.dir/C_/Users/Carlinhos_Fernandin/.pico-sdk/sdk/2.1.1/src/rp2_common/hardware_flash/flash.c.obj
                0x200002c0                flash_do_cmd
 .time_critical.reset_non_control_endpoints
                0x200003f0       0x68 CMakeFiles/Humidade_e_Temp.dir/C_/Users/Carlinhos_Fernandin/.pico-sdk/sdk/2.1.1/lib/tinyusb/src/portable/raspberrypi/rp2040/dcd_rp2040.c.obj
 .time_critical.hw_handle_buff_status
                0x20000458       0xa0 CMakeFiles/Humidade_e_Temp.dir/C_/Users/Carlinhos_Fernandin/.pico-sdk/sdk/2.1.1/lib/tinyusb/src/portable/raspberrypi/rp2040/dcd_rp2040.c.obj
 .time_critical.dcd_rp2040_irq
                0x200004f8      0x548 CMakeFiles/Humidade_e_Temp.dir/C_/Users/Carlinhos_Fernandin/.pico-sdk/sdk/2.1.1/lib/tinyusb/src/portable/raspberrypi/rp2040/dcd_rp2040.c.obj
 .time_critical.prepare_ep_buffer
                0x20000a40       0xc8 CMakeFiles/Humidade_e_Temp.dir/C_/Users/Carlinhos_Fernandin/.pico-sdk/sdk/2.1.1/lib/tinyusb/src/portable/raspberrypi/rp2040/rp2040_usb.c.obj
 .time_critical.sync_ep_buffer
                0x20000b08       0x9c CMakeFiles/Humidade_e_Temp.dir/C_/Users/Carlinhos_Fernandin/.pico-sdk/sdk/2.1.1/lib/tinyusb/src/portable/raspberrypi/rp2040/rp2040_usb.c.obj
 .time_critical._hw_endpoint_xfer_sync
                0x20000ba4       0x28 CMakeFiles/Humidade_e_Temp.dir/C_/Users/Carlinhos_Fernandin/.pico-sdk/sdk/2.1.1/lib/tinyusb/src/portable/raspberrypi/rp2040/rp2040_usb.c.obj
 .time_critical.e15_is_bulkin_ep
                0x20000bcc       0x28 CMakeFiles/Humidade_e_Temp.dir/C_/Users/Carlinhos_Fernandin/.pico-sdk/sdk/2.1.1/lib/tinyusb/src/portable/raspberrypi/rp2040/rp2040_usb.c.obj
 .time_critical.e15_is_critical_frame_period
                0x20000bf4       0x34 CMakeFiles/Humidade_e_Temp.dir/C_/Users/Carlinhos_Fernandin/.pico-sdk/sdk/2.1.1/lib/tinyusb/src/portable/raspberrypi/rp2040/rp2040_usb.c.obj
 .time_critical.hw_endpoint_reset_transfer
                0x20000c28        0xc CMakeFiles/Humidade_e_Temp.dir/C_/Users/Carlinhos_Fernandin/.pico-sdk/sdk/2.1.1/lib/tinyusb/src/portable/raspberrypi/rp2040/rp2040_usb.c.obj
                0x20000c28                hw_endpoint_reset_transfer
 .time_critical._hw_endpoint_buffer_control_update32
                0x20000c34       0x50 CMakeFiles/Humidade_e_Temp.dir/C_/Users/Carlinhos_Fernandin/.pico-sdk/sdk/2.1.1/lib/tinyusb/src/portable/raspberrypi/rp2040/rp2040_usb.c.obj
                0x20000c34                _hw_endpoint_buffer_control_update32
 .time_critical.hw_endpoint_start_next_buffer
                0x20000c84       0x68 CMakeFiles/Humidade_e_Temp.dir/C_/Users/Carlinhos_Fernandin/.pico-sdk/sdk/2.1.1/lib/tinyusb/src/portable/raspberrypi/rp2040/rp2040_usb.c.obj
                0x20000c84                hw_endpoint_start_next_buffer
 .time_critical.hw_endpoint_xfer_continue
                0x20000cec       0x40 CMakeFiles/Humidade_e_Temp.dir/C_/Users/Carlinhos_Fernandin/.pico-sdk/sdk/2.1.1/lib/tinyusb/src/portable/raspberrypi/rp2040/rp2040_usb.c.obj
                0x20000cec                hw_endpoint_xfer_continue
 .time_critical.tinyusb
                0x20000d2c      0x1e4 CMakeFiles/Humidade_e_Temp.dir/C_/Users/Carlinhos_Fernandin/.pico-sdk/sdk/2.1.1/lib/tinyusb/src/device/usbd.c.obj
                0x20000d2c                dcd_event_handler
 *(.text*)
 .text          0x20000f10        0x4 C:/Users/CARLIN~1/PICO-S~1/TOOLCH~1/14_2_R~1/bin/../lib/gcc/arm-none-eabi/14.2.1/thumb/v6-m/nofp\libgcc.a(_dvmd_tls.o)
                0x20000f10                __aeabi_idiv0
                0x20000f10                __aeabi_ldiv0
 *fill*         0x20000f14        0x4 
 .text.__stub   0x20000f18       0x80 linker stubs
                0x20000f98                        . = ALIGN (0x4)
 *(.rodata*)
                0x20000f98                        . = ALIGN (0x4)
 *(.data*)
 .data.striped_spin_lock_num
                0x20000f98        0x1 CMakeFiles/Humidade_e_Temp.dir/C_/Users/Carlinhos_Fernandin/.pico-sdk/sdk/2.1.1/src/rp2_common/hardware_sync/sync.c.obj
 *fill*         0x20000f99        0x3 
 .data          0x20000f9c       0x48 CMakeFiles/Humidade_e_Temp.dir/C_/Users/Carlinhos_Fernandin/.pico-sdk/sdk/2.1.1/src/rp2_common/hardware_irq/irq_handler_chain.S.obj
                0x20000f9c                irq_handler_chain_slots
                0x20000fcc                irq_handler_chain_first_slot
                0x20000fd6                irq_handler_chain_remove_tail
 .data.default_alarm_pool
                0x20000fe4       0x18 CMakeFiles/Humidade_e_Temp.dir/C_/Users/Carlinhos_Fernandin/.pico-sdk/sdk/2.1.1/src/common/pico_time/time.c.obj
 *fill*         0x20000ffc        0x4 
 .data.aeabi_bits_funcs
                0x20001000       0x10 CMakeFiles/Humidade_e_Temp.dir/C_/Users/Carlinhos_Fernandin/.pico-sdk/sdk/2.1.1/src/rp2_common/pico_bit_ops/bit_ops_aeabi.S.obj
                0x20001000                aeabi_bits_funcs
                0x20001010                aeabi_bits_funcs_end
 .data.aeabi_mem_funcs
                0x20001010       0x10 CMakeFiles/Humidade_e_Temp.dir/C_/Users/Carlinhos_Fernandin/.pico-sdk/sdk/2.1.1/src/rp2_common/pico_mem_ops/mem_ops_aeabi.S.obj
                0x20001010                aeabi_mem_funcs
                0x20001020                aeabi_mem_funcs_end
 .data.stdio_usb
                0x20001020       0x18 CMakeFiles/Humidade_e_Temp.dir/C_/Users/Carlinhos_Fernandin/.pico-sdk/sdk/2.1.1/src/rp2_common/pico_stdio_usb/stdio_usb.c.obj
                0x20001020                stdio_usb
 .data._usbd_qdef
                0x20001038       0x1c CMakeFiles/Humidade_e_Temp.dir/C_/Users/Carlinhos_Fernandin/.pico-sdk/sdk/2.1.1/lib/tinyusb/src/device/usbd.c.obj
                0x20001038                _usbd_qdef
 .data._usbd_rhport
                0x20001054        0x1 CMakeFiles/Humidade_e_Temp.dir/C_/Users/Carlinhos_Fernandin/.pico-sdk/sdk/2.1.1/lib/tinyusb/src/device/usbd.c.obj
 *fill*         0x20001055        0x3 
 .data.i2c1_inst
                0x20001058        0x8 CMakeFiles/Humidade_e_Temp.dir/C_/Users/Carlinhos_Fernandin/.pico-sdk/sdk/2.1.1/src/rp2_common/hardware_i2c/i2c.c.obj
                0x20001058                i2c1_inst
 .data.i2c0_inst
                0x20001060        0x8 CMakeFiles/Humidade_e_Temp.dir/C_/Users/Carlinhos_Fernandin/.pico-sdk/sdk/2.1.1/src/rp2_common/hardware_i2c/i2c.c.obj
                0x20001060                i2c0_inst
 .data.__malloc_sbrk_base
                0x20001068        0x4 C:/Users/CARLIN~1/PICO-S~1/TOOLCH~1/14_2_R~1/bin/../lib/gcc/arm-none-eabi/14.2.1/thumb/v6-m/nofp\libg.a(libc_a-mallocr.o)
                0x20001068                __malloc_sbrk_base
 .data.__malloc_trim_threshold
                0x2000106c        0x4 C:/Users/CARLIN~1/PICO-S~1/TOOLCH~1/14_2_R~1/bin/../lib/gcc/arm-none-eabi/14.2.1/thumb/v6-m/nofp\libg.a(libc_a-mallocr.o)
                0x2000106c                __malloc_trim_threshold
 .data.__malloc_av_
                0x20001070      0x408 C:/Users/CARLIN~1/PICO-S~1/TOOLCH~1/14_2_R~1/bin/../lib/gcc/arm-none-eabi/14.2.1/thumb/v6-m/nofp\libg.a(libc_a-mallocr.o)
                0x20001070                __malloc_av_
 .data._impure_ptr
                0x20001478        0x4 C:/Users/CARLIN~1/PICO-S~1/TOOLCH~1/14_2_R~1/bin/../lib/gcc/arm-none-eabi/14.2.1/thumb/v6-m/nofp\libg.a(libc_a-impure.o)
                0x20001478                _impure_ptr
 *fill*         0x2000147c        0x4 
 .data._impure_data
                0x20001480      0x140 C:/Users/CARLIN~1/PICO-S~1/TOOLCH~1/14_2_R~1/bin/../lib/gcc/arm-none-eabi/14.2.1/thumb/v6-m/nofp\libg.a(libc_a-impure.o)
                0x20001480                _impure_data
                0x200015c0                        . = ALIGN (0x4)
 *(.after_data.*)
                0x200015c0                        . = ALIGN (0x4)
                0x200015c0                        PROVIDE (__mutex_array_start = .)
 *(SORT_BY_NAME(.mutex_array.*))
 *(.mutex_array)
 .mutex_array   0x200015c0        0x8 CMakeFiles/Humidade_e_Temp.dir/C_/Users/Carlinhos_Fernandin/.pico-sdk/sdk/2.1.1/src/rp2_common/pico_stdio/stdio.c.obj
                0x200015c8                        PROVIDE (__mutex_array_end = .)
                0x200015c8                        . = ALIGN (0x4)
 *(.jcr)
                0x200015c8                        . = ALIGN (0x4)

.tm_clone_table
                0x200015c8        0x0 load address 0x10009a2c
 .tm_clone_table
                0x200015c8        0x0 C:/Users/CARLIN~1/PICO-S~1/TOOLCH~1/14_2_R~1/bin/../lib/gcc/arm-none-eabi/14.2.1/thumb/v6-m/nofp/crtbegin.o
 .tm_clone_table
                0x200015c8        0x0 C:/Users/CARLIN~1/PICO-S~1/TOOLCH~1/14_2_R~1/bin/../lib/gcc/arm-none-eabi/14.2.1/thumb/v6-m/nofp/crtend.o

.igot.plt       0x200015c8        0x0 load address 0x10009a2c
 .igot.plt      0x200015c8        0x0 C:/Users/CARLIN~1/PICO-S~1/TOOLCH~1/14_2_R~1/bin/../lib/gcc/arm-none-eabi/14.2.1/thumb/v6-m/nofp/crtbegin.o

.tdata          0x200015c8        0x0 load address 0x10009a2c
                0x200015c8                        . = ALIGN (0x4)
 *(.tdata .tdata.* .gnu.linkonce.td.*)
                0x200015c8                        __tdata_end = .
                0x200015c8                        PROVIDE (__data_end__ = .)
                0x10008524                        __etext = LOADADDR (.data)

.tbss           0x200015c8        0x0 load address 0x10009a2c
                0x200015c8                        . = ALIGN (0x4)
                0x200015c8                        __bss_start__ = .
                0x200015c8                        __tls_base = .
 *(.tbss .tbss.* .gnu.linkonce.tb.*)
 *(.tcommon)
                0x200015c8                        __tls_end = .

.bss            0x200015c8     0x147c load address 0x10009a2c
                0x200015c8                        . = ALIGN (0x4)
                0x200015c8                        __tbss_end = .
 *(SORT_BY_ALIGNMENT(SORT_BY_NAME(.bss*)))
 .bss.default_alarm_pool_entries
                0x200015c8      0x180 CMakeFiles/Humidade_e_Temp.dir/C_/Users/Carlinhos_Fernandin/.pico-sdk/sdk/2.1.1/src/common/pico_time/time.c.obj
 .bss.last_avail_time.1
                0x20001748        0x8 CMakeFiles/Humidade_e_Temp.dir/C_/Users/Carlinhos_Fernandin/.pico-sdk/sdk/2.1.1/src/rp2_common/pico_stdio_usb/stdio_usb.c.obj
 .bss.sd_table  0x20001750      0x100 CMakeFiles/Humidade_e_Temp.dir/C_/Users/Carlinhos_Fernandin/.pico-sdk/sdk/2.1.1/src/rp2_common/pico_double/double_init_rom_rp2040.c.obj
                0x20001750                sd_table
 .bss.__lock___malloc_recursive_mutex